   Compiling proc-macro2 v1.0.106
   Compiling quote v1.0.45
   Compiling unicode-ident v1.0.24
   Compiling libc v0.2.186
   Compiling memchr v2.8.0
   Compiling autocfg v1.5.0
   Compiling syn v2.0.117
   Compiling cfg-if v1.0.4
   Compiling utf8parse v0.2.2
   Compiling getrandom v0.4.2
   Compiling serde_core v1.0.228
   Compiling rand_core v0.10.1
   Compiling ucd-trie v0.1.7
   Compiling num-traits v0.2.19
   Compiling pest v2.8.6
   Compiling anstyle-parse v1.0.0
   Compiling anstyle v1.0.14
   Compiling thiserror v2.0.18
   Compiling rustix v1.1.4
   Compiling serde v1.0.228
   Compiling colorchoice v1.0.5
   Compiling anstyle-query v1.1.5
   Compiling is_terminal_polyfill v1.70.2
   Compiling anstream v1.0.0
   Compiling pest_meta v2.8.6
   Compiling thiserror-impl v2.0.18
   Compiling serde_derive v1.0.228
   Compiling errno v0.3.14
   Compiling aho-corasick v1.1.4
   Compiling strsim v0.11.1
   Compiling clap_lex v1.1.0
   Compiling anyhow v1.0.102
   Compiling heck v0.5.0
   Compiling regex-syntax v0.8.10
   Compiling bitflags v2.11.1
   Compiling core-foundation-sys v0.8.7
   Compiling iana-time-zone v0.1.65
   Compiling regex-automata v0.4.14
   Compiling clap_derive v4.6.1
   Compiling clap_builder v4.6.0
   Compiling pest_generator v2.8.6
   Compiling chacha20 v0.10.0
   Compiling once_cell v1.21.4
   Compiling fastrand v2.4.1
   Compiling tempfile v3.27.0
   Compiling rand v0.10.1
   Compiling pest_derive v2.8.6
   Compiling chrono v0.4.44
   Compiling sprintf v0.4.3
   Compiling quick-xml v0.39.2
   Compiling clap v4.6.1
   Compiling regex v1.12.3
   Compiling rawk v0.1.0 (/Users/runner/work/_temp/performance/after)
    Finished `release` profile [optimized] target(s) in 42.76s
