   Compiling num-traits v0.2.19
   Compiling getrandom v0.3.4
   Compiling zerocopy v0.8.48
   Compiling rand_core v0.9.5
   Compiling wait-timeout v0.2.1
   Compiling chrono v0.4.44
   Compiling bit-vec v0.8.0
   Compiling quick-error v1.2.3
   Compiling fnv v1.0.7
   Compiling rusty-fork v0.3.1
   Compiling rawk v0.1.0 (/Users/runner/work/rawk/rawk/rawk)
   Compiling ppv-lite86 v0.2.21
   Compiling rand_chacha v0.9.0
   Compiling bit-set v0.8.0
   Compiling rand_xorshift v0.4.0
   Compiling rand v0.9.4
   Compiling unarray v0.1.4
   Compiling proptest v1.11.0
    Finished `release` profile [optimized] target(s) in 24.27s
     Running unittests src/lib.rs (target/release/deps/rawk-3ccd0689277f799b)

running 0 tests

test result: ok. 0 passed; 0 failed; 0 ignored; 0 measured; 0 filtered out; finished in 0.00s

     Running unittests src/bin/diffrun.rs (target/release/deps/diffrun-142b6f48c10c4a44)

running 0 tests

test result: ok. 0 passed; 0 failed; 0 ignored; 0 measured; 0 filtered out; finished in 0.00s

     Running unittests src/main.rs (target/release/deps/rawk-2ad8a412f6048831)

running 4 tests
test input::tests::separators_are_independent_of_read_boundaries ... ok
test unicode_ere::tests::compiled_intervals_cover_only_the_requested_runes ... ok
test unicode_ere::tests::encoding_preserves_offsets_and_invalid_bytes_without_sentinels ... ok
test ere::stream::tests::physical_short_reads_do_not_change_bwk_lookahead ... ok

test result: ok. 4 passed; 0 failed; 0 ignored; 0 measured; 0 filtered out; finished in 0.00s

     Running tests/builtins_sanity.rs (target/release/deps/builtins_sanity-6c1a7fe91a28b473)

running 5 tests
test split_basic ... ok
test length_string ... ok
test match_basic ... ok
test substr_basic ... ok
test sprintf_int ... ok

test result: ok. 5 passed; 0 failed; 0 ignored; 0 measured; 0 filtered out; finished in 0.05s

     Running tests/bytes_array_keys.rs (target/release/deps/bytes_array_keys-9f32a3e60baaafe5)

running 3 tests
test nul_embedded_key_round_trips ... ok
test distinct_high_byte_keys_do_not_collide ... ok
test for_in_returns_all_distinct_byte_keys ... ok

test result: ok. 3 passed; 0 failed; 0 ignored; 0 measured; 0 filtered out; finished in 0.03s

     Running tests/bytes_printf.rs (target/release/deps/bytes_printf-d6999bf0176baf10)

running 6 tests
test print_with_high_byte_ofs ... ok
test field_split_with_high_byte_fs ... ok
test printf_c_emits_first_byte_raw ... ok
test printf_format_string_with_high_bytes ... ok
test printf_s_preserves_high_byte ... ok
test sprintf_high_byte_round_trip ... ok

test result: ok. 6 passed; 0 failed; 0 ignored; 0 measured; 0 filtered out; finished in 0.07s

     Running tests/bytes_regex_match.rs (target/release/deps/bytes_regex_match-1c2f5ba02cfa5f6d)

running 6 tests
test gsub_ampersand_includes_whole_match ... ok
test match_builtin_high_byte_pattern_position ... ok
test match_distinguishes_high_bytes ... ok
test sub_replaces_high_byte_run ... ok
test nul_inside_subject_with_rs_regex ... ok
test rs_regex_high_byte_separator_splits_correctly ... ok

test result: ok. 6 passed; 0 failed; 0 ignored; 0 measured; 0 filtered out; finished in 0.03s

     Running tests/cli_contract.rs (target/release/deps/cli_contract-8df7fd9c7c36effd)

running 5 tests
test file_program_keeps_all_input_files ... ok
test invalid_builtin_arity_is_a_language_error ... ok
test arrays_and_scalars_cannot_be_interchanged ... ok
test malformed_formats_and_invalid_runtime_arguments_do_not_panic ... ok
test safe_mode_rejects_even_unexecuted_forbidden_operations ... ok

test result: ok. 5 passed; 0 failed; 0 ignored; 0 measured; 0 filtered out; finished in 0.20s

     Running tests/compatibility.rs (target/release/deps/compatibility-44111260cdcb9155)

running 8 tests
test braces_in_bracket_expressions_are_not_repetitions ... ok
test arrays_forwarding_recursion_and_local_parameters ... ok
test composed_input_and_control_flow ... ok
test numeric_conversion_matches_original_buffer_limit ... ok
test regex_compositions_match_original ... ok
test tuple_membership_uses_current_subsep_between_components ... ok
test generated_record_array_function_programs ... ok
test hex_floats_precision_flags_and_boundaries ... ok

test result: ok. 8 passed; 0 failed; 0 ignored; 0 measured; 0 filtered out; finished in 6.45s

     Running tests/corpus.rs (target/release/deps/corpus-5d8a8cd83e27520b)

running 1 test
test original_small_programs ... ok

test result: ok. 1 passed; 0 failed; 0 ignored; 0 measured; 0 filtered out; finished in 14.75s

     Running tests/corpus_contracts.rs (target/release/deps/corpus_contracts-4b6d8a80e54e3691)

running 3 tests
test rng_is_bounded_repeatable_and_srand_returns_previous_seed ... ok
test contracts_reject_new_differences ... ok
test entire_small_corpus_obeys_explicit_contracts ... ok

test result: ok. 3 passed; 0 failed; 0 ignored; 0 measured; 0 filtered out; finished in 3.03s

     Running tests/data_contract.rs (target/release/deps/data_contract-38b330102d1621fe)

running 6 tests
test csv_handles_quoted_delimiters_newlines_and_escaped_quotes ... ok
test invalid_regex_is_reported ... ok
test fields_accept_regex_separator ... ok
test regex_uses_leftmost_longest ... ok
test split_preserves_empty_fields_and_clears_array ... ok
test substitutions_report_count_not_changed_text ... ok

test result: ok. 6 passed; 0 failed; 0 ignored; 0 measured; 0 filtered out; finished in 0.04s

     Running tests/diffrun_buckets.rs (target/release/deps/diffrun_buckets-f6bc278430dc8636)

running 3 tests
test diffrun_step23_target_counts ... ok
test diffrun_emits_four_bucket_summary ... ok
test diffrun_exits_nonzero_when_unexpected_divergences_present ... ok

test result: ok. 3 passed; 0 failed; 0 ignored; 0 measured; 0 filtered out; finished in 6.47s

     Running tests/driver_regressions.rs (target/release/deps/driver_regressions-2394f81f90f542d1)

running 8 tests
test getline_comparison_is_not_part_of_filename ... ok
test field_index_beyond_reference_integer_range_is_an_error ... ok
test multifile_syntax_error_names_offending_source ... ok
test invalid_function_parameters_are_errors_before_execution ... ok
test redirected_stdin_shares_buffer_with_main_input ... ok
test stdin_program_and_empty_statements ... ok
test standard_output_aliases_share_streams_and_lifecycle ... ok
test checked_math_matches_native_oracle ... ok

test result: ok. 8 passed; 0 failed; 0 ignored; 0 measured; 0 filtered out; finished in 1.51s

     Running tests/dynamic_format.rs (target/release/deps/dynamic_format-1225d35b53ea860a)

running 8 tests
test missing_star_arguments_are_errors ... ok
test dynamic_width_precision_and_consumption ... ok
test negative_precision_keeps_binary_and_multibyte_paths ... ok
test string_and_literal_range_errors_do_not_discard_arithmetic_subnormals ... ok
test unsigned_conversion_matches_native_oracle ... ok
test zero_padded_strings_match_native_oracle ... ok
test integer_flags_precision_and_signs ... ok
test negative_dynamic_precision_preserves_flags_and_argument_consumption ... ok

test result: ok. 8 passed; 0 failed; 0 ignored; 0 measured; 0 filtered out; finished in 13.37s

     Running tests/error_messages.rs (target/release/deps/error_messages-ac93bbbea37947a8)

running 2 tests
test output_to_unwritable_path_mentions_filename ... ok
test missing_program_file_mentions_filename ... ok

test result: ok. 2 passed; 0 failed; 0 ignored; 0 measured; 0 filtered out; finished in 0.00s

     Running tests/exit_codes.rs (target/release/deps/exit_codes-b64ab401782fd6d1)

running 4 tests
test exit_zero_default ... ok
test exit_from_end_block ... ok
test exit_with_value ... ok
test syntax_error_nonzero ... ok

test result: ok. 4 passed; 0 failed; 0 ignored; 0 measured; 0 filtered out; finished in 0.01s

     Running tests/harness.rs (target/release/deps/harness-d9607519d11f85d6)

running 5 tests
test annotation_does_not_accept_new_failures ... ok
test preserves_bytes_whitespace_and_status ... ok
test aggregate_gate_reports_an_intermediate_failure ... ok
test each_run_has_a_fresh_directory ... ok
test timeout_kills_descendants ... ok

test result: ok. 5 passed; 0 failed; 0 ignored; 0 measured; 0 filtered out; finished in 0.56s

     Running tests/historical.rs (target/release/deps/historical-ef52dab35f9df312)

running 2 tests
test original_invalid_programs_are_rejected_without_panicking ... ok
test original_positive_regressions ... ok

test result: ok. 2 passed; 0 failed; 0 ignored; 0 measured; 0 filtered out; finished in 1.71s

     Running tests/input_contract.rs (target/release/deps/input_contract-5dbc6cd8ac435535)

running 5 tests
test getline_uses_main_stream_and_counts_every_read ... ok
test file_getline_and_interleaved_assignments ... ok
test missing_getline_file_is_an_error_not_eof ... ok
test rs_changes_apply_to_unconsumed_input ... ok
test rewriting_record_does_not_count_a_read ... ok

test result: ok. 5 passed; 0 failed; 0 ignored; 0 measured; 0 filtered out; finished in 0.03s

     Running tests/language_contract.rs (target/release/deps/language_contract-3ced7d5ff1088bce)

running 7 tests
test array_parameters_are_references ... ok
test convfmt_is_used_for_comparisons_fields_and_keys ... ok
test expressions_and_escapes ... ok
test array_reads_create_entries ... ok
test range_patterns_and_empty_actions ... ok
test lvalue_indices_are_evaluated_once ... ok
test numeric_and_string_values_keep_their_types ... ok

test result: ok. 7 passed; 0 failed; 0 ignored; 0 measured; 0 filtered out; finished in 0.05s

     Running tests/legacy_locale.rs (target/release/deps/legacy_locale-38cdaef36ac58a46)

running 6 tests
test every_nonzero_byte_case_conversion_matches_c ... ok
test byte_positions_ranges_splits_and_substitution_match_c ... ok
test nul_preservation_remains_an_explicit_rust_extension ... ok
test required_single_byte_locales_are_active ... ok
test legacy_locale_selection_obeys_precedence_and_is_fixed_at_startup ... ok
test every_nonzero_byte_in_each_posix_class_matches_c ... ok

test result: ok. 6 passed; 0 failed; 0 ignored; 0 measured; 0 filtered out; finished in 1.52s

     Running tests/phase7_closure.rs (target/release/deps/phase7_closure-beb75fe18a711996)

running 7 tests
test closed_output_pipe_reports_language_error ... ok
test contracts_reject_mutations ... ok
test generated_octal_regex_atoms_and_literal_operators ... ok
test keyword_prefixes_and_integral_precision ... ok
test raw_source_bytes_survive_inline_file_and_stdin ... ok
test separators_keep_string_and_regex_semantics ... ok
test individual_driver_contracts ... ok

test result: ok. 7 passed; 0 failed; 0 ignored; 0 measured; 0 filtered out; finished in 2.99s

     Running tests/printf_sanity.rs (target/release/deps/printf_sanity-e0ee0e84b1d2669f)

running 5 tests
test f_precision ... ok
test d_padding ... ok
test e_scientific ... ok
test s_truncate ... ok
test x_hex ... ok

test result: ok. 5 passed; 0 failed; 0 ignored; 0 measured; 0 filtered out; finished in 0.05s

     Running tests/proptest_diff.rs (target/release/deps/proptest_diff-22a5f0682886d9f3)

running 6 tests
test template_add ... ok
test template_concat_string ... ok
test template_multiply ... ok
test template_scientific_no_orphan_dot ... ok
test template_printf_float ... ok
test template_printf_int ... ok

test result: ok. 6 passed; 0 failed; 0 ignored; 0 measured; 0 filtered out; finished in 7.49s

     Running tests/remaining_contract.rs (target/release/deps/remaining_contract-e2d4c1de3982ed18)

running 7 tests
test bracket_normalization_preserves_the_binary_profile ... ok
test character_format_distinguishes_numeric_fields_from_literal_strings ... ok
test missing_fields_are_empty_strings_not_uninitialized_variables ... ok
test descending_bracket_ranges_follow_original_c ... ok
test generated_rational_values_and_float_formats ... ok
test replacement_escapes_have_separate_lexical_and_runtime_stages ... ok
test numeric_rounding_uses_the_exact_binary_value ... ok

test result: ok. 7 passed; 0 failed; 0 ignored; 0 measured; 0 filtered out; finished in 7.34s

     Running tests/runtime_contract.rs (target/release/deps/runtime_contract-ffdd5e57df96f222)

running 3 tests
test exit_executes_end_and_interrupts_expressions ... ok
test return_escapes_all_loop_forms ... ok
test short_circuit_preserves_side_effects ... ok

test result: ok. 3 passed; 0 failed; 0 ignored; 0 measured; 0 filtered out; finished in 0.03s

     Running tests/shell_drivers.rs (target/release/deps/shell_drivers-1f434c93edacaeb9)

running 3 tests
test shell_driver_gate_rejects_missing_interpreter_output ... ok
test original_cli_and_array_shell_drivers ... ok
test admitted_original_shell_drivers ... ok

test result: ok. 3 passed; 0 failed; 0 ignored; 0 measured; 0 filtered out; finished in 32.94s

     Running tests/shift_jis.rs (target/release/deps/shift_jis-5a32b33fced7a1c8)

running 12 tests
test embedded_nul_preserves_the_rust_binary_extension ... ok
test decoded_character_with_unencodable_case_mapping_matches_c ... ok
test conversion_failure_preserves_atomic_print_contract ... ok
test record_separators_and_locale_precedence_match_c ... ok
test regex_rs_with_three_or_four_byte_structural_units_matches_c ... ok
test required_sjis_locale_has_observable_case_mapping ... ok
test regex_rs_sjis_refill_across_input_buffers_and_getline_matches_c ... ok
test streaming_rs_keeps_binary_data_distinct_from_eof ... ok
test structural_units_regex_fields_and_formatting_match_c ... ok
test valid_case_conversion_and_truncated_suffixes_match_c ... ok
test regex_rs_refill_restart_longest_and_anchors_match_c ... ok
test single_bytes_and_lead_trail_boundaries_match_c ... ok

test result: ok. 12 passed; 0 failed; 0 ignored; 0 measured; 0 filtered out; finished in 47.00s

     Running tests/unicode_contract.rs (target/release/deps/unicode_contract-6c718049334c8787)

running 10 tests
test binary_nul_extension_and_case_conversion_errors ... ok
test locale_precedence_and_character_operations ... ok
test repeated_matches_and_index_inside_a_multibyte_unit ... ok
test boolean_regex_search_preserves_rune_alignment_and_empty_matches ... ok
test required_locales_are_active_in_both_interpreters ... ok
test unicode_formatting_and_source_escapes ... ok
test utf8_record_separators_across_buffers ... ok
test unicode_classes_ranges_and_anchors ... ok
test utf8_regex_empty_matches_and_mixed_bytes ... ok
test original_utf8_drivers ... ok

test result: ok. 10 passed; 0 failed; 0 ignored; 0 measured; 0 filtered out; finished in 6.57s

     Running tests/xml_runner_test.rs (target/release/deps/xml_runner_test-cf4997c9ef4fe243)

running 1 test
test run_xml_testsuite ... ok

test result: ok. 1 passed; 0 failed; 0 ignored; 0 measured; 0 filtered out; finished in 3.26s

   Doc-tests rawk

running 0 tests

test result: ok. 0 passed; 0 failed; 0 ignored; 0 measured; 0 filtered out; finished in 0.00s

