sum_fields 0 {'seconds': {'median_paired_ratio': 0.9915921111617096, 'bootstrap_95_interval': [0.9849716975924792, 1.0023026149852874], 'signal': 'inconclusive'}, 'rss_bytes': {'median_paired_ratio': 1.0, 'bootstrap_95_interval': [1.0, 1.0031645569620253], 'signal': 'inconclusive'}}
sum_fields 1 {'seconds': {'median_paired_ratio': 0.9937142619348248, 'bootstrap_95_interval': [0.9899036558888338, 1.0031571260470993], 'signal': 'inconclusive'}, 'rss_bytes': {'median_paired_ratio': 1.0, 'bootstrap_95_interval': [0.9978969505783386, 1.0], 'signal': 'inconclusive'}}
regex_fields 0 {'seconds': {'median_paired_ratio': 0.9864412807719387, 'bootstrap_95_interval': [0.9647484742390936, 1.000340788109046], 'signal': 'inconclusive'}, 'rss_bytes': {'median_paired_ratio': 1.0, 'bootstrap_95_interval': [0.9981998199819982, 1.000901713255185], 'signal': 'inconclusive'}}
regex_fields 1 {'seconds': {'median_paired_ratio': 0.9904469602012477, 'bootstrap_95_interval': [0.9762504390855218, 0.9989959403224902], 'signal': 'faster'}, 'rss_bytes': {'median_paired_ratio': 1.0, 'bootstrap_95_interval': [1.0, 1.000900900900901], 'signal': 'inconclusive'}}
array_aggregation 0 {'seconds': {'median_paired_ratio': 1.006317872558008, 'bootstrap_95_interval': [1.00070962426621, 1.0132508321755833], 'signal': 'slower'}, 'rss_bytes': {'median_paired_ratio': 1.0, 'bootstrap_95_interval': [0.9978969505783386, 1.0], 'signal': 'inconclusive'}}
array_aggregation 1 {'seconds': {'median_paired_ratio': 0.9991147392565719, 'bootstrap_95_interval': [0.9939319611978521, 1.0029827782314933], 'signal': 'inconclusive'}, 'rss_bytes': {'median_paired_ratio': 1.0, 'bootstrap_95_interval': [0.9989484752891693, 1.0], 'signal': 'inconclusive'}}
mixed_fields 0 {'seconds': {'median_paired_ratio': 0.9993791252891735, 'bootstrap_95_interval': [0.9981609050560916, 1.0070868663680175], 'signal': 'inconclusive'}, 'rss_bytes': {'median_paired_ratio': 1.0, 'bootstrap_95_interval': [1.0, 1.0031645569620253], 'signal': 'inconclusive'}}
mixed_fields 1 {'seconds': {'median_paired_ratio': 1.0045892316341314, 'bootstrap_95_interval': [0.9999689833146479, 1.0066821504004988], 'signal': 'inconclusive'}, 'rss_bytes': {'median_paired_ratio': 1.0, 'bootstrap_95_interval': [0.9978969505783386, 1.0], 'signal': 'inconclusive'}}
mixed_aggregation 0 {'seconds': {'median_paired_ratio': 1.0065517429764446, 'bootstrap_95_interval': [0.9945517926162075, 1.0080757132027292], 'signal': 'inconclusive'}, 'rss_bytes': {'median_paired_ratio': 1.0, 'bootstrap_95_interval': [0.9968454258675079, 1.0], 'signal': 'inconclusive'}}
mixed_aggregation 1 {'seconds': {'median_paired_ratio': 1.0072429895357347, 'bootstrap_95_interval': [1.0026861432552434, 1.0098626755346878], 'signal': 'slower'}, 'rss_bytes': {'median_paired_ratio': 1.0, 'bootstrap_95_interval': [0.9978969505783386, 1.0], 'signal': 'inconclusive'}}
utf8_dynamic_boolean 0 {'seconds': {'median_paired_ratio': 0.9971634234221008, 'bootstrap_95_interval': [0.9810688974692103, 1.0021463518184184], 'signal': 'inconclusive'}, 'rss_bytes': {'median_paired_ratio': 1.0, 'bootstrap_95_interval': [1.0, 1.001602564102564], 'signal': 'inconclusive'}}
utf8_dynamic_boolean 1 {'seconds': {'median_paired_ratio': 0.9968629873100767, 'bootstrap_95_interval': [0.9850750506384804, 1.0146908190345305], 'signal': 'inconclusive'}, 'rss_bytes': {'median_paired_ratio': 1.0, 'bootstrap_95_interval': [1.0, 1.0], 'signal': 'inconclusive'}}
utf8_match_mixed 0 {'seconds': {'median_paired_ratio': 1.0001025013945604, 'bootstrap_95_interval': [0.9934689474730424, 1.0062639703212006], 'signal': 'inconclusive'}, 'rss_bytes': {'median_paired_ratio': 1.0, 'bootstrap_95_interval': [1.0, 1.0008103727714748], 'signal': 'inconclusive'}}
utf8_match_mixed 1 {'seconds': {'median_paired_ratio': 0.994897349099075, 'bootstrap_95_interval': [0.9828700109237934, 1.003359885979844], 'signal': 'inconclusive'}, 'rss_bytes': {'median_paired_ratio': 1.0, 'bootstrap_95_interval': [0.9991902834008097, 1.0], 'signal': 'inconclusive'}}
utf8_gsub_expanding 0 {'seconds': {'median_paired_ratio': 0.9936493100791199, 'bootstrap_95_interval': [0.990643909002501, 1.003608598525596], 'signal': 'inconclusive'}, 'rss_bytes': {'median_paired_ratio': 1.0, 'bootstrap_95_interval': [1.0, 1.0016220600162207], 'signal': 'inconclusive'}}
utf8_gsub_expanding 1 {'seconds': {'median_paired_ratio': 0.9946186242565059, 'bootstrap_95_interval': [0.9869037914783673, 0.9990020789780032], 'signal': 'faster'}, 'rss_bytes': {'median_paired_ratio': 1.0, 'bootstrap_95_interval': [1.0, 1.0008103727714748], 'signal': 'inconclusive'}}
utf8_gsub_miss 0 {'seconds': {'median_paired_ratio': 0.99643374614963, 'bootstrap_95_interval': [0.9844691804744076, 1.0035939557408176], 'signal': 'inconclusive'}, 'rss_bytes': {'median_paired_ratio': 1.0, 'bootstrap_95_interval': [0.99833748960931, 1.0008340283569641], 'signal': 'inconclusive'}}
utf8_gsub_miss 1 {'seconds': {'median_paired_ratio': 1.0010143956570785, 'bootstrap_95_interval': [0.9829692346546964, 1.023972367886983], 'signal': 'inconclusive'}, 'rss_bytes': {'median_paired_ratio': 1.0, 'bootstrap_95_interval': [1.0, 1.0008319467554077], 'signal': 'inconclusive'}}
utf8_match_long 0 {'seconds': {'median_paired_ratio': 1.006735200684475, 'bootstrap_95_interval': [0.9988396849778125, 1.0195710234947677], 'signal': 'inconclusive'}, 'rss_bytes': {'median_paired_ratio': 1.0, 'bootstrap_95_interval': [1.0, 1.0008123476848092], 'signal': 'inconclusive'}}
utf8_match_long 1 {'seconds': {'median_paired_ratio': 0.9984577151642975, 'bootstrap_95_interval': [0.9840565369864166, 1.0197710546816432], 'signal': 'inconclusive'}, 'rss_bytes': {'median_paired_ratio': 1.0, 'bootstrap_95_interval': [1.0, 1.0], 'signal': 'inconclusive'}}
utf8_empty_regex 0 {'seconds': {'median_paired_ratio': 0.994030771804584, 'bootstrap_95_interval': [0.9931580197059996, 0.9960829155897922], 'signal': 'faster'}, 'rss_bytes': {'median_paired_ratio': 1.0, 'bootstrap_95_interval': [0.999168744804655, 1.0], 'signal': 'inconclusive'}}
utf8_empty_regex 1 {'seconds': {'median_paired_ratio': 1.000081483693616, 'bootstrap_95_interval': [0.9948904827822449, 1.007234401706817], 'signal': 'inconclusive'}, 'rss_bytes': {'median_paired_ratio': 1.0, 'bootstrap_95_interval': [0.9991666666666666, 1.0016652789342215], 'signal': 'inconclusive'}}
short_file 0 {'seconds': {'median_paired_ratio': 0.997210551275695, 'bootstrap_95_interval': [0.9940270190691193, 0.9994458804747142], 'signal': 'faster'}, 'rss_bytes': {'median_paired_ratio': 1.0, 'bootstrap_95_interval': [0.9968454258675079, 1.0], 'signal': 'inconclusive'}}
short_file 1 {'seconds': {'median_paired_ratio': 0.9977691371813537, 'bootstrap_95_interval': [0.9961450553901483, 0.9991708202086431], 'signal': 'faster'}, 'rss_bytes': {'median_paired_ratio': 1.0, 'bootstrap_95_interval': [0.9978925184404637, 1.001054852320675], 'signal': 'inconclusive'}}
long_1048576_file 0 {'seconds': {'median_paired_ratio': 0.07431877884480337, 'bootstrap_95_interval': [0.07348679672629897, 0.07446034498195023], 'signal': 'faster'}, 'rss_bytes': {'median_paired_ratio': 0.9995450409463148, 'bootstrap_95_interval': [0.9995450409463148, 1.0009111617312072], 'signal': 'inconclusive'}}
long_1048576_file 1 {'seconds': {'median_paired_ratio': 0.07371297892851977, 'bootstrap_95_interval': [0.0732385086162526, 0.07435687259120377], 'signal': 'faster'}, 'rss_bytes': {'median_paired_ratio': 0.9995450409463148, 'bootstrap_95_interval': [0.9995448338643604, 1.0013673655423883], 'signal': 'inconclusive'}}
long_4194304_file 0 {'seconds': {'median_paired_ratio': 0.023956743449392373, 'bootstrap_95_interval': [0.023531512611991972, 0.024432567950903726], 'signal': 'faster'}, 'rss_bytes': {'median_paired_ratio': 1.0, 'bootstrap_95_interval': [0.9998343822457767, 1.0003313452617628], 'signal': 'inconclusive'}}
long_4194304_file 1 {'seconds': {'median_paired_ratio': 0.023915738004150935, 'bootstrap_95_interval': [0.023611481927354825, 0.024110929174155915], 'signal': 'faster'}, 'rss_bytes': {'median_paired_ratio': 0.9998343822457767, 'bootstrap_95_interval': [0.9991719112288837, 1.00049710024855], 'signal': 'inconclusive'}}
long_8388608_file 0 {'seconds': {'median_paired_ratio': 0.015100903951471692, 'bootstrap_95_interval': [0.014893959308482554, 0.015297332243578671], 'signal': 'faster'}, 'rss_bytes': {'median_paired_ratio': 1.0, 'bootstrap_95_interval': [0.9992829613695438, 1.0], 'signal': 'inconclusive'}}
long_8388608_file 1 {'seconds': {'median_paired_ratio': 0.015134074613611818, 'bootstrap_95_interval': [0.014649247275887262, 0.015373912969893863], 'signal': 'faster'}, 'rss_bytes': {'median_paired_ratio': 1.0000896298288071, 'bootstrap_95_interval': [0.999820740342386, 1.0001792757260668], 'signal': 'inconclusive'}}
long_pipe 0 {'seconds': {'median_paired_ratio': 0.026087199628376915, 'bootstrap_95_interval': [0.025879080186363625, 0.02649044394857762], 'signal': 'faster'}, 'rss_bytes': {'median_paired_ratio': 0.9998343822457767, 'bootstrap_95_interval': [0.9996687644915535, 1.0003315100281784], 'signal': 'inconclusive'}}
long_pipe 1 {'seconds': {'median_paired_ratio': 0.02600822347064043, 'bootstrap_95_interval': [0.02569805585600372, 0.026290987816329287], 'signal': 'faster'}, 'rss_bytes': {'median_paired_ratio': 0.9998343822457767, 'bootstrap_95_interval': [0.9991719112288837, 1.00049710024855], 'signal': 'inconclusive'}}
long_getline 0 {'seconds': {'median_paired_ratio': 0.017635460348512762, 'bootstrap_95_interval': [0.017257240195697347, 0.017813574095078753], 'signal': 'faster'}, 'rss_bytes': {'median_paired_ratio': 1.0, 'bootstrap_95_interval': [0.9960254372019078, 1.0039904229848364], 'signal': 'inconclusive'}}
long_getline 1 {'seconds': {'median_paired_ratio': 0.01781538063790205, 'bootstrap_95_interval': [0.01749742993747602, 0.01803844036297029], 'signal': 'faster'}, 'rss_bytes': {'median_paired_ratio': 1.0, 'bootstrap_95_interval': [0.9960254372019078, 1.000198767640628], 'signal': 'inconclusive'}}
unterminated 0 {'seconds': {'median_paired_ratio': 0.020735360514584585, 'bootstrap_95_interval': [0.020490147326015076, 0.02083245493102578], 'signal': 'faster'}, 'rss_bytes': {'median_paired_ratio': 1.0, 'bootstrap_95_interval': [0.9998204667863555, 1.0005385996409335], 'signal': 'inconclusive'}}
unterminated 1 {'seconds': {'median_paired_ratio': 0.020984691232779625, 'bootstrap_95_interval': [0.02082333838788002, 0.021062124524077814], 'signal': 'faster'}, 'rss_bytes': {'median_paired_ratio': 0.9999102414504981, 'bootstrap_95_interval': [0.9996409658019927, 1.0], 'signal': 'inconclusive'}}
csv_long 0 {'seconds': {'median_paired_ratio': 0.06301339243875609, 'bootstrap_95_interval': [0.06274031647157448, 0.0631513748274651], 'signal': 'faster'}, 'rss_bytes': {'median_paired_ratio': 0.9987789987789988, 'bootstrap_95_interval': [0.9983726606997559, 0.9991859991859992], 'signal': 'faster'}}
csv_long 1 {'seconds': {'median_paired_ratio': 0.06320707718544383, 'bootstrap_95_interval': [0.06308460357352035, 0.06346740597840593], 'signal': 'faster'}, 'rss_bytes': {'median_paired_ratio': 0.9987789987789988, 'bootstrap_95_interval': [0.9983726606997559, 1.0], 'signal': 'inconclusive'}}
paragraph_control 0 {'seconds': {'median_paired_ratio': 0.977221901855673, 'bootstrap_95_interval': [0.9624413481262616, 1.007716525394231], 'signal': 'inconclusive'}, 'rss_bytes': {'median_paired_ratio': 1.0, 'bootstrap_95_interval': [0.9981998199819982, 1.0027075812274369], 'signal': 'inconclusive'}}
paragraph_control 1 {'seconds': {'median_paired_ratio': 1.0107297831199462, 'bootstrap_95_interval': [0.9854973598734618, 1.0326938235297773], 'signal': 'inconclusive'}, 'rss_bytes': {'median_paired_ratio': 1.0, 'bootstrap_95_interval': [1.0, 1.0], 'signal': 'inconclusive'}}
regex_control 0 {'seconds': {'median_paired_ratio': 0.9979821605393588, 'bootstrap_95_interval': [0.9813331474054894, 1.0185293554935282], 'signal': 'inconclusive'}, 'rss_bytes': {'median_paired_ratio': 1.0, 'bootstrap_95_interval': [1.0, 1.000900900900901], 'signal': 'inconclusive'}}
regex_control 1 {'seconds': {'median_paired_ratio': 0.9962410561621532, 'bootstrap_95_interval': [0.9673911566796397, 1.0361678785284305], 'signal': 'inconclusive'}, 'rss_bytes': {'median_paired_ratio': 1.0, 'bootstrap_95_interval': [1.0, 1.001806684733514], 'signal': 'inconclusive'}}
volume_short_128m 0 {'seconds': {'median_paired_ratio': 0.9976421305697266, 'bootstrap_95_interval': [0.9961459590573982, 0.9994620106576245], 'signal': 'faster'}, 'rss_bytes': {'median_paired_ratio': 1.0, 'bootstrap_95_interval': [0.9989462592202318, 1.0031645569620253], 'signal': 'inconclusive'}}
volume_short_128m 1 {'seconds': {'median_paired_ratio': 0.9969623887710674, 'bootstrap_95_interval': [0.9954664214887043, 0.9979335016407898], 'signal': 'faster'}, 'rss_bytes': {'median_paired_ratio': 0.9989484752891693, 'bootstrap_95_interval': [0.9968454258675079, 1.0], 'signal': 'inconclusive'}}
volume_64k_128m 0 {'seconds': {'median_paired_ratio': 0.5485154561258618, 'bootstrap_95_interval': [0.5439591796070059, 0.5547557634799513], 'signal': 'faster'}, 'rss_bytes': {'median_paired_ratio': 1.0, 'bootstrap_95_interval': [0.997, 1.0], 'signal': 'inconclusive'}}
volume_64k_128m 1 {'seconds': {'median_paired_ratio': 0.5435900610648351, 'bootstrap_95_interval': [0.5376079721361915, 0.5461214765963254], 'signal': 'faster'}, 'rss_bytes': {'median_paired_ratio': 1.0, 'bootstrap_95_interval': [1.0, 1.001001001001001], 'signal': 'inconclusive'}}
csv_mixed 0 {'seconds': {'median_paired_ratio': 0.9650529384881519, 'bootstrap_95_interval': [0.9507745628553729, 0.9948654912435286], 'signal': 'faster'}, 'rss_bytes': {'median_paired_ratio': 1.0, 'bootstrap_95_interval': [0.9989484752891693, 1.0], 'signal': 'inconclusive'}}
csv_mixed 1 {'seconds': {'median_paired_ratio': 0.9500203049093605, 'bootstrap_95_interval': [0.9488674321358314, 0.9612764008797889], 'signal': 'faster'}, 'rss_bytes': {'median_paired_ratio': 1.0, 'bootstrap_95_interval': [0.9989473684210526, 1.0021074815595363], 'signal': 'inconclusive'}}
high_cardinality 0 {'seconds': {'median_paired_ratio': 0.997039975604831, 'bootstrap_95_interval': [0.990969912564121, 1.006081607202472], 'signal': 'inconclusive'}, 'rss_bytes': {'median_paired_ratio': 1.0, 'bootstrap_95_interval': [0.9982680983720125, 1.0006934812760055], 'signal': 'inconclusive'}}
high_cardinality 1 {'seconds': {'median_paired_ratio': 1.0061520050356216, 'bootstrap_95_interval': [0.9992031853960939, 1.0124675993878343], 'signal': 'inconclusive'}, 'rss_bytes': {'median_paired_ratio': 1.0003466204506066, 'bootstrap_95_interval': [0.9989608590232075, 1.0010409437890353], 'signal': 'inconclusive'}}
output_format 0 {'seconds': {'median_paired_ratio': 1.0037411669544767, 'bootstrap_95_interval': [0.9929359305513747, 1.0143799859331042], 'signal': 'inconclusive'}, 'rss_bytes': {'median_paired_ratio': 1.0, 'bootstrap_95_interval': [0.9978969505783386, 1.0010526315789474], 'signal': 'inconclusive'}}
output_format 1 {'seconds': {'median_paired_ratio': 1.0130408925548193, 'bootstrap_95_interval': [0.9959656077866093, 1.0225472843298349], 'signal': 'inconclusive'}, 'rss_bytes': {'median_paired_ratio': 1.0, 'bootstrap_95_interval': [0.9978969505783386, 1.0], 'signal': 'inconclusive'}}
