sum_fields 0 {'seconds': {'median_paired_ratio': 0.9906033846176705, 'bootstrap_95_interval': [0.9059989068916696, 1.0128069972423515], 'signal': 'inconclusive'}, 'rss_bytes': {'median_paired_ratio': 1.0, 'bootstrap_95_interval': [0.9824797843665768, 1.0082758620689656], 'signal': 'inconclusive'}}
sum_fields 1 {'seconds': {'median_paired_ratio': 0.9977961914736709, 'bootstrap_95_interval': [0.9355556285436073, 1.0262835006749123], 'signal': 'inconclusive'}, 'rss_bytes': {'median_paired_ratio': 1.0, 'bootstrap_95_interval': [0.9931506849315068, 1.0], 'signal': 'inconclusive'}}
regex_fields 0 {'seconds': {'median_paired_ratio': 0.9634442513042091, 'bootstrap_95_interval': [0.9351494341197546, 1.0679037813872156], 'signal': 'inconclusive'}, 'rss_bytes': {'median_paired_ratio': 1.0, 'bootstrap_95_interval': [0.9976798143851509, 1.0], 'signal': 'inconclusive'}}
regex_fields 1 {'seconds': {'median_paired_ratio': 0.9821352733896194, 'bootstrap_95_interval': [0.9292613860300121, 1.0325252420045614], 'signal': 'inconclusive'}, 'rss_bytes': {'median_paired_ratio': 1.0, 'bootstrap_95_interval': [0.9976798143851509, 1.0023148148148149], 'signal': 'inconclusive'}}
array_aggregation 0 {'seconds': {'median_paired_ratio': 1.0059885456629787, 'bootstrap_95_interval': [0.9818120190920111, 1.0209298363580122], 'signal': 'inconclusive'}, 'rss_bytes': {'median_paired_ratio': 1.0, 'bootstrap_95_interval': [0.9905149051490515, 1.0082079343365253], 'signal': 'inconclusive'}}
array_aggregation 1 {'seconds': {'median_paired_ratio': 0.9430149583275285, 'bootstrap_95_interval': [0.8616595163053582, 1.037635318053597], 'signal': 'inconclusive'}, 'rss_bytes': {'median_paired_ratio': 1.0, 'bootstrap_95_interval': [0.9905149051490515, 1.0013661202185793], 'signal': 'inconclusive'}}
mixed_fields 0 {'seconds': {'median_paired_ratio': 1.0191114240608048, 'bootstrap_95_interval': [0.9175998916891436, 1.04036507326775], 'signal': 'inconclusive'}, 'rss_bytes': {'median_paired_ratio': 1.0, 'bootstrap_95_interval': [0.99055330634278, 1.0149863760217983], 'signal': 'inconclusive'}}
mixed_fields 1 {'seconds': {'median_paired_ratio': 1.0045119180286974, 'bootstrap_95_interval': [0.9749456795834744, 1.0682937667490142], 'signal': 'inconclusive'}, 'rss_bytes': {'median_paired_ratio': 1.0, 'bootstrap_95_interval': [0.9839142091152815, 1.0095367847411445], 'signal': 'inconclusive'}}
mixed_aggregation 0 {'seconds': {'median_paired_ratio': 0.9927785868534796, 'bootstrap_95_interval': [0.9461936070216306, 1.0236683576463443], 'signal': 'inconclusive'}, 'rss_bytes': {'median_paired_ratio': 1.0, 'bootstrap_95_interval': [0.9893190921228304, 1.0], 'signal': 'inconclusive'}}
mixed_aggregation 1 {'seconds': {'median_paired_ratio': 1.0179532272517984, 'bootstrap_95_interval': [0.9619022611056119, 1.1283776294561767], 'signal': 'inconclusive'}, 'rss_bytes': {'median_paired_ratio': 1.0, 'bootstrap_95_interval': [0.9906417112299465, 1.014765100671141], 'signal': 'inconclusive'}}
utf8_dynamic_boolean 0 {'seconds': {'median_paired_ratio': 0.9919797611141651, 'bootstrap_95_interval': [0.8878734646755139, 1.0675145213408523], 'signal': 'inconclusive'}, 'rss_bytes': {'median_paired_ratio': 1.0, 'bootstrap_95_interval': [1.0, 1.0], 'signal': 'inconclusive'}}
utf8_dynamic_boolean 1 {'seconds': {'median_paired_ratio': 0.9504331058207576, 'bootstrap_95_interval': [0.9158132914257129, 1.0263672019972583], 'signal': 'inconclusive'}, 'rss_bytes': {'median_paired_ratio': 1.0, 'bootstrap_95_interval': [1.0, 1.0], 'signal': 'inconclusive'}}
utf8_match_mixed 0 {'seconds': {'median_paired_ratio': 0.9845968107193898, 'bootstrap_95_interval': [0.891001488658182, 1.123547547543927], 'signal': 'inconclusive'}, 'rss_bytes': {'median_paired_ratio': 1.0, 'bootstrap_95_interval': [0.9977753058954394, 1.0], 'signal': 'inconclusive'}}
utf8_match_mixed 1 {'seconds': {'median_paired_ratio': 0.9793070927486983, 'bootstrap_95_interval': [0.9429120026801124, 1.057260266425165], 'signal': 'inconclusive'}, 'rss_bytes': {'median_paired_ratio': 1.0, 'bootstrap_95_interval': [0.9857142857142858, 1.0], 'signal': 'inconclusive'}}
utf8_gsub_expanding 0 {'seconds': {'median_paired_ratio': 0.981367508385868, 'bootstrap_95_interval': [0.9595587553115729, 1.0531847880364318], 'signal': 'inconclusive'}, 'rss_bytes': {'median_paired_ratio': 1.0, 'bootstrap_95_interval': [1.0, 1.0155555555555555], 'signal': 'inconclusive'}}
utf8_gsub_expanding 1 {'seconds': {'median_paired_ratio': 1.0046569522369748, 'bootstrap_95_interval': [0.8870151903273634, 1.0494527843152108], 'signal': 'inconclusive'}, 'rss_bytes': {'median_paired_ratio': 1.0, 'bootstrap_95_interval': [1.0, 1.0], 'signal': 'inconclusive'}}
utf8_gsub_miss 0 {'seconds': {'median_paired_ratio': 0.985164218611969, 'bootstrap_95_interval': [0.9373384228508017, 1.135652242482471], 'signal': 'inconclusive'}, 'rss_bytes': {'median_paired_ratio': 1.0, 'bootstrap_95_interval': [1.0, 1.0083532219570406], 'signal': 'inconclusive'}}
utf8_gsub_miss 1 {'seconds': {'median_paired_ratio': 1.0364244196498311, 'bootstrap_95_interval': [0.8765393269174171, 1.067872929046138], 'signal': 'inconclusive'}, 'rss_bytes': {'median_paired_ratio': 1.0, 'bootstrap_95_interval': [1.0, 1.0], 'signal': 'inconclusive'}}
utf8_match_long 0 {'seconds': {'median_paired_ratio': 0.9664012344500663, 'bootstrap_95_interval': [0.8592943652041626, 1.175469171574428], 'signal': 'inconclusive'}, 'rss_bytes': {'median_paired_ratio': 1.0, 'bootstrap_95_interval': [0.9977876106194691, 1.033259423503326], 'signal': 'inconclusive'}}
utf8_match_long 1 {'seconds': {'median_paired_ratio': 0.9954136199170122, 'bootstrap_95_interval': [0.9003134523815991, 1.072385561902576], 'signal': 'inconclusive'}, 'rss_bytes': {'median_paired_ratio': 1.0, 'bootstrap_95_interval': [0.9867886178861789, 1.0], 'signal': 'inconclusive'}}
utf8_empty_regex 0 {'seconds': {'median_paired_ratio': 0.9858943628085922, 'bootstrap_95_interval': [0.9630039138168355, 1.051422841588287], 'signal': 'inconclusive'}, 'rss_bytes': {'median_paired_ratio': 1.0045714285714287, 'bootstrap_95_interval': [1.0, 1.0091954022988505], 'signal': 'inconclusive'}}
utf8_empty_regex 1 {'seconds': {'median_paired_ratio': 0.9878826069671723, 'bootstrap_95_interval': [0.9449036704150465, 1.0393841417756315], 'signal': 'inconclusive'}, 'rss_bytes': {'median_paired_ratio': 1.0, 'bootstrap_95_interval': [0.9931506849315068, 1.0057471264367817], 'signal': 'inconclusive'}}
short_file 0 {'seconds': {'median_paired_ratio': 0.9755780848443919, 'bootstrap_95_interval': [0.9269989799831228, 1.018330609305154], 'signal': 'inconclusive'}, 'rss_bytes': {'median_paired_ratio': 1.0, 'bootstrap_95_interval': [0.9905149051490515, 1.0013679890560876], 'signal': 'inconclusive'}}
short_file 1 {'seconds': {'median_paired_ratio': 1.032368956116263, 'bootstrap_95_interval': [0.9499508677058639, 1.0851398057068218], 'signal': 'inconclusive'}, 'rss_bytes': {'median_paired_ratio': 1.0082079343365253, 'bootstrap_95_interval': [0.9972714870395635, 1.0134952766531713], 'signal': 'inconclusive'}}
long_1048576_file 0 {'seconds': {'median_paired_ratio': 1.0235665024747158, 'bootstrap_95_interval': [0.930151150880937, 1.1507787266745284], 'signal': 'inconclusive'}, 'rss_bytes': {'median_paired_ratio': 1.0, 'bootstrap_95_interval': [0.9965736661771905, 1.0], 'signal': 'inconclusive'}}
long_1048576_file 1 {'seconds': {'median_paired_ratio': 0.9704827028974291, 'bootstrap_95_interval': [0.9034738921519863, 1.076919839936394], 'signal': 'inconclusive'}, 'rss_bytes': {'median_paired_ratio': 0.9990186457311089, 'bootstrap_95_interval': [0.9955990220048899, 1.0], 'signal': 'inconclusive'}}
long_4194304_file 0 {'seconds': {'median_paired_ratio': 1.0345888209003125, 'bootstrap_95_interval': [0.9985528873456658, 1.1337109074928433], 'signal': 'inconclusive'}, 'rss_bytes': {'median_paired_ratio': 1.0, 'bootstrap_95_interval': [1.0, 1.000679925208227], 'signal': 'inconclusive'}}
long_4194304_file 1 {'seconds': {'median_paired_ratio': 0.9957700059798535, 'bootstrap_95_interval': [0.955414139296444, 1.0623650407559428], 'signal': 'inconclusive'}, 'rss_bytes': {'median_paired_ratio': 1.0, 'bootstrap_95_interval': [0.9989799387963277, 1.0], 'signal': 'inconclusive'}}
long_8388608_file 0 {'seconds': {'median_paired_ratio': 0.9086775530481166, 'bootstrap_95_interval': [0.8717447107564965, 0.999996809637477], 'signal': 'faster'}, 'rss_bytes': {'median_paired_ratio': 1.0, 'bootstrap_95_interval': [0.9989098837209303, 1.0], 'signal': 'inconclusive'}}
long_8388608_file 1 {'seconds': {'median_paired_ratio': 0.9707573917825235, 'bootstrap_95_interval': [0.9516832700707796, 1.0142455201245515], 'signal': 'inconclusive'}, 'rss_bytes': {'median_paired_ratio': 1.0, 'bootstrap_95_interval': [1.0, 1.0], 'signal': 'inconclusive'}}
long_pipe 0 {'seconds': {'median_paired_ratio': 0.9758992231824359, 'bootstrap_95_interval': [0.9365269712041552, 1.139772706763201], 'signal': 'inconclusive'}, 'rss_bytes': {'median_paired_ratio': 1.0003399048266486, 'bootstrap_95_interval': [0.9993198435640197, 1.0008509189925119], 'signal': 'inconclusive'}}
long_pipe 1 {'seconds': {'median_paired_ratio': 1.0284430816018568, 'bootstrap_95_interval': [0.9262203625959784, 1.1390771539333255], 'signal': 'inconclusive'}, 'rss_bytes': {'median_paired_ratio': 1.0005102908657935, 'bootstrap_95_interval': [0.9998299319727891, 1.0011912865895167], 'signal': 'inconclusive'}}
long_getline 0 {'seconds': {'median_paired_ratio': 0.9858065915745617, 'bootstrap_95_interval': [0.9681212263064743, 1.1820502743157446], 'signal': 'inconclusive'}, 'rss_bytes': {'median_paired_ratio': 1.0, 'bootstrap_95_interval': [1.0, 1.0004117768169651], 'signal': 'inconclusive'}}
long_getline 1 {'seconds': {'median_paired_ratio': 1.0142161199802302, 'bootstrap_95_interval': [0.9343833619323685, 1.0664340972257005], 'signal': 'inconclusive'}, 'rss_bytes': {'median_paired_ratio': 1.0, 'bootstrap_95_interval': [1.0, 1.0], 'signal': 'inconclusive'}}
unterminated 0 {'seconds': {'median_paired_ratio': 1.0033415108438108, 'bootstrap_95_interval': [0.9687197343924151, 1.0351928091396392], 'signal': 'inconclusive'}, 'rss_bytes': {'median_paired_ratio': 1.0, 'bootstrap_95_interval': [1.0, 1.0], 'signal': 'inconclusive'}}
unterminated 1 {'seconds': {'median_paired_ratio': 1.0289379030805819, 'bootstrap_95_interval': [0.9242106670109668, 1.116967674814924], 'signal': 'inconclusive'}, 'rss_bytes': {'median_paired_ratio': 1.0, 'bootstrap_95_interval': [1.0, 1.0], 'signal': 'inconclusive'}}
csv_long 0 {'seconds': {'median_paired_ratio': 0.9779410443403659, 'bootstrap_95_interval': [0.9382509549715534, 1.0491619045075309], 'signal': 'inconclusive'}, 'rss_bytes': {'median_paired_ratio': 1.0, 'bootstrap_95_interval': [1.0, 1.1937064740778953], 'signal': 'inconclusive'}}
csv_long 1 {'seconds': {'median_paired_ratio': 0.9766993171398558, 'bootstrap_95_interval': [0.8698905183546869, 1.012861711412201], 'signal': 'inconclusive'}, 'rss_bytes': {'median_paired_ratio': 1.0, 'bootstrap_95_interval': [1.0, 1.000534188034188], 'signal': 'inconclusive'}}
paragraph_control 0 {'seconds': {'median_paired_ratio': 0.9832654568776618, 'bootstrap_95_interval': [0.966322216209482, 1.0249324475810742], 'signal': 'inconclusive'}, 'rss_bytes': {'median_paired_ratio': 1.0, 'bootstrap_95_interval': [0.981672394043528, 1.0], 'signal': 'inconclusive'}}
paragraph_control 1 {'seconds': {'median_paired_ratio': 1.0154339627911346, 'bootstrap_95_interval': [0.986085724295117, 1.0710469260625908], 'signal': 'inconclusive'}, 'rss_bytes': {'median_paired_ratio': 1.0, 'bootstrap_95_interval': [1.0, 1.0070011668611436], 'signal': 'inconclusive'}}
regex_control 0 {'seconds': {'median_paired_ratio': 1.0339968064073064, 'bootstrap_95_interval': [0.9966105073237503, 1.0661800559577281], 'signal': 'inconclusive'}, 'rss_bytes': {'median_paired_ratio': 1.0, 'bootstrap_95_interval': [0.9850746268656716, 1.0], 'signal': 'inconclusive'}}
regex_control 1 {'seconds': {'median_paired_ratio': 0.9960154074794287, 'bootstrap_95_interval': [0.8914372631240168, 1.0249848359780542], 'signal': 'inconclusive'}, 'rss_bytes': {'median_paired_ratio': 1.0, 'bootstrap_95_interval': [1.0, 1.0], 'signal': 'inconclusive'}}
volume_short_128m 0 {'seconds': {'median_paired_ratio': 1.0291280969079974, 'bootstrap_95_interval': [0.9916291759484686, 1.1124559894615798], 'signal': 'inconclusive'}, 'rss_bytes': {'median_paired_ratio': 1.0, 'bootstrap_95_interval': [0.980106100795756, 1.0027063599458728], 'signal': 'inconclusive'}}
volume_short_128m 1 {'seconds': {'median_paired_ratio': 1.0153575847272356, 'bootstrap_95_interval': [0.9536222715494537, 1.0422856985721547], 'signal': 'inconclusive'}, 'rss_bytes': {'median_paired_ratio': 1.0, 'bootstrap_95_interval': [0.993234100135318, 1.0013531799729365], 'signal': 'inconclusive'}}
volume_64k_128m 0 {'seconds': {'median_paired_ratio': 1.0063757903749395, 'bootstrap_95_interval': [0.9323636849201105, 1.0481262911220735], 'signal': 'inconclusive'}, 'rss_bytes': {'median_paired_ratio': 1.0, 'bootstrap_95_interval': [0.9915254237288136, 1.0], 'signal': 'inconclusive'}}
volume_64k_128m 1 {'seconds': {'median_paired_ratio': 1.0242433571959622, 'bootstrap_95_interval': [0.9912326067612237, 1.0560773222366737], 'signal': 'inconclusive'}, 'rss_bytes': {'median_paired_ratio': 1.0, 'bootstrap_95_interval': [1.0, 1.0085470085470085], 'signal': 'inconclusive'}}
csv_mixed 0 {'seconds': {'median_paired_ratio': 1.0128457074260158, 'bootstrap_95_interval': [0.9859405296912973, 1.0468908265062387], 'signal': 'inconclusive'}, 'rss_bytes': {'median_paired_ratio': 1.0, 'bootstrap_95_interval': [0.996005326231691, 1.0094850948509486], 'signal': 'inconclusive'}}
csv_mixed 1 {'seconds': {'median_paired_ratio': 0.9950060935355768, 'bootstrap_95_interval': [0.9192419762768484, 1.0364713931505352], 'signal': 'inconclusive'}, 'rss_bytes': {'median_paired_ratio': 1.0, 'bootstrap_95_interval': [0.9906040268456375, 1.0108108108108107], 'signal': 'inconclusive'}}
high_cardinality 0 {'seconds': {'median_paired_ratio': 1.0049799653542881, 'bootstrap_95_interval': [0.9902323587357049, 1.0583025191602127], 'signal': 'inconclusive'}, 'rss_bytes': {'median_paired_ratio': 1.0, 'bootstrap_95_interval': [0.9989854582346973, 1.001693193362682], 'signal': 'inconclusive'}}
high_cardinality 1 {'seconds': {'median_paired_ratio': 0.984274488190277, 'bootstrap_95_interval': [0.9386919207616008, 1.015263985042194], 'signal': 'inconclusive'}, 'rss_bytes': {'median_paired_ratio': 1.0003386386725364, 'bootstrap_95_interval': [0.9996621621621622, 1.0010131712259371], 'signal': 'inconclusive'}}
output_format 0 {'seconds': {'median_paired_ratio': 1.0083637314454634, 'bootstrap_95_interval': [0.9765033322572968, 1.0306965644919028], 'signal': 'inconclusive'}, 'rss_bytes': {'median_paired_ratio': 1.0, 'bootstrap_95_interval': [1.0, 1.0013586956521738], 'signal': 'inconclusive'}}
output_format 1 {'seconds': {'median_paired_ratio': 0.9824028894749249, 'bootstrap_95_interval': [0.9510333191591798, 1.0308972222711934], 'signal': 'inconclusive'}, 'rss_bytes': {'median_paired_ratio': 1.0, 'bootstrap_95_interval': [0.9959404600811907, 1.0013550135501355], 'signal': 'inconclusive'}}
