Analysis of sampling rawk-before-core-2026-09-20 (pid 98086) every 1 millisecond
Process:         rawk-before-core-2026-09-20 [98086]
Path:            /private/tmp/rawk-before-core-2026-09-20
Load Address:    0x1005c4000
Identifier:      rawk-before-core-2026-09-20
Version:         ???
Code Type:       ARM64
Parent Process:  Python [98084]
Target Type:     live task

Date/Time:       2026-09-20 19:40:37.356 +0200
Launch Time:     2026-09-20 19:40:37.289 +0200
OS Version:      macOS 26.6.2 (25G83)
Report Version:  7
Analysis Tool:   /usr/bin/sample

Physical footprint:         1904K
Physical footprint (peak):  1904K
Idle exit:                  untracked
----

Call graph:
    288 Thread_10542482: Main Thread
    + 239 _dyld_start  (in dyld) + 0  [0x100a949c0]
    + 46 start  (in dyld) + 6904  [0x18173048c]
    + ! 46 dyld4::start(dyld4::KernelArgs*, void*, void*, unsigned long long)::$_1::operator()() const  (in dyld) + 320  [0x181730b30]
    + !   44 dyld4::prepare(dyld4::APIs&, mach_o::UnsafeHeader const*)  (in dyld) + 3996  [0x181731ae8]
    + !   : 44 dyld4::RuntimeState::notifyDebuggerLoad(std::span<dyld4::Loader const*, 18446744073709551615ul> const&)  (in dyld) + 528  [0x181740c8c]
    + !   :   44 dyld4::ExternallyViewableState::addImages(lsl::Allocator&, lsl::Allocator&, std::span<dyld4::ExternallyViewableState::ImageInfo, 18446744073709551615ul> const&)  (in dyld) + 1084  [0x18174bc80]
    + !   :     44 dyld4::ExternallyViewableState::triggerNotifications(dyld_image_mode, unsigned int, dyld_image_info const*)  (in dyld) + 296  [0x18174b524]
    + !   :       44 dyld4::RemoteNotificationResponder::blockOnSynchronousEvent(unsigned int)  (in dyld) + 48  [0x181791c90]
    + !   :         44 dyld4::RemoteNotificationResponder::sendMessage(int, unsigned int, mach_msg_header_t*)  (in dyld) + 244  [0x181791904]
    + !   :           44 mach_msg_overwrite  (in dyld) + 244  [0x1817ab18c]
    + !   :             44 mach_msg2_internal  (in dyld) + 76  [0x1817aafe4]
    + !   :               44 mach_msg2_trap  (in dyld) + 8  [0x18171172c]
    + !   1 dyld4::prepare(dyld4::APIs&, mach_o::UnsafeHeader const*)  (in dyld) + 2116  [0x181731390]
    + !   : 1 dyld4::JustInTimeLoader::applyFixups(Diagnostics&, dyld4::RuntimeState&, dyld4::DyldCacheDataConstLazyScopedWriter&, bool, lsl::Vector<std::pair<dyld4::Loader const*, char const*>>*) const  (in dyld) + 616  [0x181751528]
    + !   :   1 dyld4::Loader::forEachBindTarget(Diagnostics&, dyld4::RuntimeState&, void (unsigned int, unsigned int, dyld4::Loader::ResolvedSymbol const&) block_pointer, bool, void (dyld4::Loader::ResolvedSymbol const&, bool&) block_pointer, void (dyld4::Loader::ResolvedSymbol const&, bool&) block_pointer) const  (in dyld) + 108  [0x181759e58]
    + !   :     1 dyld3::MachOAnalyzer::withVMLayout(Diagnostics&, void (mach_o::Layout const&) block_pointer) const  (in dyld) + 672  [0x1817661b4]
    + !   :       1 invocation function for block in dyld4::Loader::forEachBindTarget(Diagnostics&, dyld4::RuntimeState&, void (unsigned int, unsigned int, dyld4::Loader::ResolvedSymbol const&) block_pointer, bool, void (dyld4::Loader::ResolvedSymbol const&, bool&) block_pointer, void (dyld4::Loader::ResolvedSymbol const&, bool&) block_pointer) const  (in dyld) + 280  [0x181759f7c]
    + !   :         1 mach_o::Fixups::forEachBindTarget_Opcodes(Diagnostics&, bool, void (mach_o::Fixups::BindTargetInfo const&, bool&) block_pointer, void (mach_o::Fixups::BindTargetInfo const&, bool&) block_pointer) const  (in dyld) + 208  [0x181772900]
    + !   :           1 mach_o::Fixups::forEachBindUnified_Opcodes(Diagnostics&, bool, void (unsigned long long, unsigned int, mach_o::Fixups::BindTargetInfo const&, bool&) block_pointer, void (unsigned long long, unsigned int, mach_o::Fixups::BindTargetInfo const&, bool&) block_pointer) const  (in dyld) + 244  [0x181772f48]
    + !   :             1 mach_o::Fixups::forEachBind_OpcodesLazy(Diagnostics&, void (char const*, bool, bool, unsigned int, int, unsigned int, unsigned int, unsigned long long, unsigned char, char const*, bool, bool, unsigned long long, bool, bool&) block_pointer) const  (in dyld) + 444  [0x1817737bc]
    + !   :               1 invocation function for block in mach_o::Fixups::forEachBindTarget_Opcodes(Diagnostics&, bool, void (mach_o::Fixups::BindTargetInfo const&, bool&) block_pointer, void (mach_o::Fixups::BindTargetInfo const&, bool&) block_pointer) const  (in dyld) + 72  [0x181773eac]
    + !   :                 1 invocation function for block in dyld4::Loader::forEachBindTarget(Diagnostics&, dyld4::RuntimeState&, void (unsigned int, unsigned int, dyld4::Loader::ResolvedSymbol const&) block_pointer, bool, void (dyld4::Loader::ResolvedSymbol const&, bool&) block_pointer, void (dyld4::Loader::ResolvedSymbol const&, bool&) block_pointer) const  (in dyld) + 96  [0x18175a008]
    + !   :                   1 dyld4::Loader::resolveSymbol(Diagnostics&, dyld4::RuntimeState&, int, char const*, bool, bool, void (unsigned int, unsigned int, dyld4::Loader::ResolvedSymbol const&) block_pointer, bool) const  (in dyld) + 544  [0x18175a290]
    + !   :                     1 dyld4::Loader::hasExportedSymbol(Diagnostics&, dyld4::RuntimeState&, char const*, dyld4::Loader::ExportedSymbolMode, dyld4::Loader::ResolverMode, dyld4::Loader::ResolvedSymbol*, dyld3::Array<dyld4::Loader const*>*) const  (in dyld) + 1284  [0x18175b5e8]
    + !   :                       1 dyld4::PrebuiltLoader::dependent(dyld4::RuntimeState const&, unsigned int, mach_o::LinkedDylibAttributes*) const  (in dyld) + 92  [0x1817826c4]
    + !   1 dyld4::prepare(dyld4::APIs&, mach_o::UnsafeHeader const*)  (in dyld) + 4184  [0x181731ba4]
    + !     1 dyld4::APIs::runAllInitializersForMain()  (in dyld) + 100  [0x181724870]
    + !       1 dyld4::PrebuiltLoader::runInitializers(dyld4::RuntimeState&) const  (in dyld) + 44  [0x181783d44]
    + !         1 dyld4::Loader::findAndRunAllInitializers(dyld4::RuntimeState&) const  (in dyld) + 528  [0x181759394]
    + !           1 dyld3::MachOAnalyzer::forEachInitializer(Diagnostics&, dyld3::MachOAnalyzer::VMAddrConverter const&, void (unsigned int) block_pointer, void const*) const  (in dyld) + 516  [0x181769580]
    + !             1 mach_o::UnsafeHeader::forEachSection(void (mach_o::UnsafeHeader::SectionInfo const&, bool&) block_pointer) const  (in dyld) + 124  [0x1817a824c]
    + !               1 mach_o::UnsafeHeader::forEachLoadCommand(void (load_command const*, bool&) block_pointer) const  (in dyld) + 208  [0x1817a69a4]
    + !                 1 invocation function for block in mach_o::UnsafeHeader::forEachSection(void (mach_o::UnsafeHeader::SectionInfo const&, bool&) block_pointer) const  (in dyld) + 312  [0x1817a9fac]
    + !                   1 invocation function for block in dyld3::MachOAnalyzer::forEachInitializer(Diagnostics&, dyld3::MachOAnalyzer::VMAddrConverter const&, void (unsigned int) block_pointer, void const*) const  (in dyld) + 320  [0x181769a8c]
    + !                     1 invocation function for block in dyld4::Loader::findAndRunAllInitializers(dyld4::RuntimeState&) const::$_0::operator()() const  (in dyld) + 180  [0x18175ea28]
    + !                       1 libSystem_initializer  (in libSystem.B.dylib) + 204  [0x191957328]
    + !                         1 __malloc_init  (in libsystem_malloc.dylib) + 112  [0x1818faf34]
    + !                           1 _os_feature_enabled_simple_impl  (in libsystem_featureflags.dylib) + 60  [0x1819882a4]
    + !                             1 _os_feature_table  (in libsystem_featureflags.dylib) + 44  [0x181987204]
    + !                               1 _os_feature_table.cold.1  (in libsystem_featureflags.dylib) + 44  [0x1819889e0]
    + !                                 1 _os_once  (in libsystem_platform.dylib) + 76  [0x181b02b6c]
    + !                                   1 _os_once_callout  (in libsystem_platform.dylib) + 32  [0x181b02b98]
    + !                                     1 _os_feature_table_once  (in libsystem_featureflags.dylib) + 112  [0x181987280]
    + !                                       1 mmap  (in libsystem_kernel.dylib) + 80  [0x181ab89bc]
    + !                                         1 __mmap  (in libsystem_kernel.dylib) + 8  [0x181ab8a18]
    + 1 start  (in dyld) + 4700  [0x100aafbf0]
    + ! 1 dyld4::ExternallyViewableState::createMinimalInfo(lsl::Allocator&, unsigned long long, char const*, unsigned long long, char const*, DyldSharedCache const*)  (in dyld) + 2116  [0x100acac54]
    + !   1 dyld4::ExternallyViewableState::triggerNotifications(dyld_image_mode, unsigned int, dyld_image_info const*)  (in dyld) + 296  [0x100acb524]
    + !     1 dyld4::RemoteNotificationResponder::blockOnSynchronousEvent(unsigned int)  (in dyld) + 48  [0x100b11c90]
    + !       1 dyld4::RemoteNotificationResponder::sendMessage(int, unsigned int, mach_msg_header_t*)  (in dyld) + 244  [0x100b11904]
    + !         1 mach_msg_overwrite  (in dyld) + 244  [0x100b2b18c]
    + !           1 mach_msg2_internal  (in dyld) + 76  [0x100b2afe4]
    + !             1 mach_msg2_trap  (in dyld) + 8  [0x100a9172c]
    + 1 start  (in dyld) + 6008  [0x100ab010c]
    + ! 1 dyld4::ExternallyViewableState::createMinimalInfo(lsl::Allocator&, unsigned long long, char const*, unsigned long long, char const*, DyldSharedCache const*)  (in dyld) + 2116  [0x100acac54]
    + !   1 dyld4::ExternallyViewableState::triggerNotifications(dyld_image_mode, unsigned int, dyld_image_info const*)  (in dyld) + 296  [0x100acb524]
    + !     1 dyld4::RemoteNotificationResponder::blockOnSynchronousEvent(unsigned int)  (in dyld) + 48  [0x100b11c90]
    + !       1 dyld4::RemoteNotificationResponder::sendMessage(int, unsigned int, mach_msg_header_t*)  (in dyld) + 244  [0x100b11904]
    + !         1 mach_msg_overwrite  (in dyld) + 244  [0x100b2b18c]
    + !           1 mach_msg2_internal  (in dyld) + 76  [0x100b2afe4]
    + !             1 mach_msg2_trap  (in dyld) + 8  [0x100a9172c]
    + 1 start  (in dyld) + 4028  [0x18172f950]
    +   1 dyld4::ExternallyViewableState::createMinimalInfo(lsl::Allocator&, unsigned long long, char const*, unsigned long long, char const*, DyldSharedCache const*)  (in dyld) + 2116  [0x18174ac54]
    +     1 dyld4::ExternallyViewableState::triggerNotifications(dyld_image_mode, unsigned int, dyld_image_info const*)  (in dyld) + 296  [0x18174b524]
    +       1 dyld4::RemoteNotificationResponder::blockOnSynchronousEvent(unsigned int)  (in dyld) + 48  [0x181791c90]
    +         1 dyld4::RemoteNotificationResponder::sendMessage(int, unsigned int, mach_msg_header_t*)  (in dyld) + 244  [0x181791904]
    +           1 mach_msg_overwrite  (in dyld) + 244  [0x1817ab18c]
    +             1 mach_msg2_internal  (in dyld) + 76  [0x1817aafe4]
    +               1 mach_msg2_trap  (in dyld) + 8  [0x18171172c]
    6191 Thread_10542482   DispatchQueue_1: com.apple.main-thread  (serial)
      6189 start  (in dyld) + 6992  [0x1817304e4]
      ! 6189 main  (in rawk-before-core-2026-09-20) + 52  [0x100666dc8]
      !   6189 _RNvNtCsaLOjE9VYtxK_3std2rt19lang_start_internal  (in rawk-before-core-2026-09-20) + 952  [0x10077dc64]
      !     6189 std::rt::lang_start::_$u7b$$u7b$closure$u7d$$u7d$::h2a395ae6c7694ba8  (in rawk-before-core-2026-09-20) + 16  [0x100657a88]
      !       6189 std::sys::backtrace::__rust_begin_short_backtrace::h8c3b3315b591e747  (in rawk-before-core-2026-09-20) + 12  [0x10064880c]
      !         6188 rawk::main::haa01de2af175ed50  (in rawk-before-core-2026-09-20) + 3120  [0x10066418c]
      !         : 2878 rawk::runner::run::h68691f04efcb3426  (in rawk-before-core-2026-09-20) + 4188  [0x10060b634]
      !         : | 684 rawk::types::EvalContext::update_record::h36418a4c5033e45c  (in rawk-before-core-2026-09-20) + 172  [0x1006366cc]
      !         : | + 535 _$LT$alloc..vec..Vec$LT$T$GT$$u20$as$u20$alloc..vec..spec_from_iter_nested..SpecFromIterNested$LT$T$C$I$GT$$GT$::from_iter::hbcfa3a71271c5070  (in rawk-before-core-2026-09-20) + 192  [0x100624bd4]
      !         : | + ! 250 _$LT$alloc..vec..into_iter..IntoIter$LT$T$C$A$GT$$u20$as$u20$core..iter..traits..iterator..Iterator$GT$::fold::h9525739845d91069  (in rawk-before-core-2026-09-20) + 220  [0x1006427c8]
      !         : | + ! : 120 _xzm_free  (in libsystem_malloc.dylib) + 1048  [0x181918530]
      !         : | + ! : | 113 mach_absolute_time  (in libsystem_kernel.dylib) + 108,112,...  [0x181ab810c,0x181ab8110,...]
      !         : | + ! : | 7 DYLD-STUB$$mach_absolute_time  (in libsystem_malloc.dylib) + 12  [0x18192fb9c]
      !         : | + ! : 79 _xzm_free  (in libsystem_malloc.dylib) + 0,684,...  [0x181918118,0x1819183c4,...]
      !         : | + ! : 25 _xzm_free  (in libsystem_malloc.dylib) + 352  [0x181918278]
      !         : | + ! : | 16 __bzero  (in libsystem_platform.dylib) + 0,24  [0x181b05030,0x181b05048]
      !         : | + ! : | 7 DYLD-STUB$$_platform_bzero  (in libsystem_malloc.dylib) + 12  [0x18192f87c]
      !         : | + ! : | 2 _platform_memset  (in libsystem_platform.dylib) + 160  [0x181b05130]
      !         : | + ! : 14 _free  (in libsystem_malloc.dylib) + 0,76,...  [0x181927cd0,0x181927d1c,...]
      !         : | + ! : 11 DYLD-STUB$$free  (in rawk-before-core-2026-09-20) + 4,0  [0x1007af314,0x1007af310]
      !         : | + ! : 1 xzm_malloc_zone_try_free_default  (in libsystem_malloc.dylib) + 0  [0x181923170]
      !         : | + ! 182 _$LT$alloc..vec..into_iter..IntoIter$LT$T$C$A$GT$$u20$as$u20$core..iter..traits..iterator..Iterator$GT$::fold::h9525739845d91069  (in rawk-before-core-2026-09-20) + 172  [0x100642798]
      !         : | + ! : 118 rawk::types::parse_number::h5536bd0a1d12aed5  (in rawk-before-core-2026-09-20) + 216  [0x100638f28]
      !         : | + ! : | 75 _RNvXs2_NtNtCs6sq8b9ugfBC_4core3num11float_parsedNtNtNtB9_3str6traits7FromStr8from_str  (in rawk-before-core-2026-09-20) + 20,60,...  [0x10079eab0,0x10079ead8,...]
      !         : | + ! : | 43 _RNvXs2_NtNtCs6sq8b9ugfBC_4core3num11float_parsedNtNtNtB9_3str6traits7FromStr8from_str  (in rawk-before-core-2026-09-20) + 96  [0x10079eafc]
      !         : | + ! : |   43 _RNvNtNtNtNtCs6sq8b9ugfBC_4core3num3imp7dec2flt5parse12parse_number  (in rawk-before-core-2026-09-20) + 200,160,...  [0x10079add8,0x10079adb0,...]
      !         : | + ! : 49 rawk::types::parse_number::h5536bd0a1d12aed5  (in rawk-before-core-2026-09-20) + 168,8,...  [0x100638ef8,0x100638e58,...]
      !         : | + ! : 15 _RNvXs2_NtNtCs6sq8b9ugfBC_4core3num11float_parsedNtNtNtB9_3str6traits7FromStr8from_str  (in rawk-before-core-2026-09-20) + 620,616  [0x10079ed08,0x10079ed04]
      !         : | + ! 58 _$LT$alloc..vec..into_iter..IntoIter$LT$T$C$A$GT$$u20$as$u20$core..iter..traits..iterator..Iterator$GT$::fold::h9525739845d91069  (in rawk-before-core-2026-09-20) + 152  [0x100642784]
      !         : | + ! : 58 _RNvNtNtCs6sq8b9ugfBC_4core3str8converts9from_utf8  (in rawk-before-core-2026-09-20) + 0,52,...  [0x10079998c,0x1007999c0,...]
      !         : | + ! 33 _$LT$alloc..vec..into_iter..IntoIter$LT$T$C$A$GT$$u20$as$u20$core..iter..traits..iterator..Iterator$GT$::fold::h9525739845d91069  (in rawk-before-core-2026-09-20) + 172,108,...  [0x100642798,0x100642758,...]
      !         : | + ! 11 rawk::types::parse_number::h5536bd0a1d12aed5  (in rawk-before-core-2026-09-20) + 276  [0x100638f64]
      !         : | + ! 1 _xzm_free  (in libsystem_malloc.dylib) + 1552  [0x181918728]
      !         : | + 127 _$LT$alloc..vec..Vec$LT$T$GT$$u20$as$u20$alloc..vec..spec_from_iter_nested..SpecFromIterNested$LT$T$C$I$GT$$GT$::from_iter::hbcfa3a71271c5070  (in rawk-before-core-2026-09-20) + 132  [0x100624b98]
      !         : | + ! 56 _xzm_xzone_malloc_tiny  (in libsystem_malloc.dylib) + 256,420,...  [0x18191d03c,0x18191d0e0,...]
      !         : | + ! 19 <deduplicated_symbol>  (in libsystem_malloc.dylib) + 136,112,...  [0x1819171e4,0x1819171cc,...]
      !         : | + ! 18 _RNvCsGIExRX8pES_7___rustc11___rdl_alloc  (in rawk-before-core-2026-09-20) + 0,20  [0x10076e248,0x10076e25c]
      !         : | + ! 18 _malloc_zone_malloc  (in libsystem_malloc.dylib) + 44,12,...  [0x1819270e8,0x1819270c8,...]
      !         : | + ! 15 _xzm_xzone_malloc  (in libsystem_malloc.dylib) + 8,192,...  [0x181917958,0x181917a10,...]
      !         : | + ! 1 xzm_malloc_zone_malloc_type_malloc  (in libsystem_malloc.dylib) + 0  [0x181923184]
      !         : | + 18 _$LT$alloc..vec..Vec$LT$T$GT$$u20$as$u20$alloc..vec..spec_from_iter_nested..SpecFromIterNested$LT$T$C$I$GT$$GT$::from_iter::hbcfa3a71271c5070  (in rawk-before-core-2026-09-20) + 76,0,...  [0x100624b60,0x100624b14,...]
      !         : | + 3 _$LT$alloc..vec..Vec$LT$T$GT$$u20$as$u20$alloc..vec..spec_from_iter_nested..SpecFromIterNested$LT$T$C$I$GT$$GT$::from_iter::hbcfa3a71271c5070  (in rawk-before-core-2026-09-20) + 116  [0x100624b88]
      !         : | + ! 3 _RNvCsGIExRX8pES_7___rustc35___rust_no_alloc_shim_is_unstable_v2  (in rawk-before-core-2026-09-20) + 0  [0x100666de4]
      !         : | + 1 _$LT$alloc..vec..into_iter..IntoIter$LT$T$C$A$GT$$u20$as$u20$core..iter..traits..iterator..Iterator$GT$::fold::h9525739845d91069  (in rawk-before-core-2026-09-20) + 240  [0x1006427dc]
      !         : | 577 rawk::types::EvalContext::update_record::h36418a4c5033e45c  (in rawk-before-core-2026-09-20) + 864  [0x100636980]
      !         : | + 566 rawk::ere::split::h5c82b74acdc2f61a  (in rawk-before-core-2026-09-20) + 100  [0x10065beb8]
      !         : | + ! 204 _$LT$alloc..vec..Vec$LT$T$GT$$u20$as$u20$alloc..vec..spec_from_iter_nested..SpecFromIterNested$LT$T$C$I$GT$$GT$::from_iter::h9093dd907e3ee9c4  (in rawk-before-core-2026-09-20) + 500  [0x10062418c]
      !         : | + ! : 80 _xzm_xzone_malloc_tiny  (in libsystem_malloc.dylib) + 256,420,...  [0x18191d03c,0x18191d0e0,...]
      !         : | + ! : 44 _malloc_zone_malloc  (in libsystem_malloc.dylib) + 12,120,...  [0x1819270c8,0x181927134,...]
      !         : | + ! : 36 <deduplicated_symbol>  (in libsystem_malloc.dylib) + 112,136,...  [0x1819171cc,0x1819171e4,...]
      !         : | + ! : 27 _xzm_xzone_malloc  (in libsystem_malloc.dylib) + 184,24,...  [0x181917a08,0x181917968,...]
      !         : | + ! : 11 _RNvCsGIExRX8pES_7___rustc11___rdl_alloc  (in rawk-before-core-2026-09-20) + 0  [0x10076e248]
      !         : | + ! : 6 DYLD-STUB$$malloc  (in rawk-before-core-2026-09-20) + 4  [0x1007af410]
      !         : | + ! 130 _$LT$alloc..vec..Vec$LT$T$GT$$u20$as$u20$alloc..vec..spec_from_iter_nested..SpecFromIterNested$LT$T$C$I$GT$$GT$::from_iter::h9093dd907e3ee9c4  (in rawk-before-core-2026-09-20) + 260  [0x10062409c]
      !         : | + ! : 68 _xzm_xzone_malloc_tiny  (in libsystem_malloc.dylib) + 164,256,...  [0x18191cfe0,0x18191d03c,...]
      !         : | + ! : 22 <deduplicated_symbol>  (in libsystem_malloc.dylib) + 112,136,...  [0x1819171cc,0x1819171e4,...]
      !         : | + ! : 17 _xzm_xzone_malloc  (in libsystem_malloc.dylib) + 0,24,...  [0x181917950,0x181917968,...]
      !         : | + ! : 16 _malloc_zone_malloc  (in libsystem_malloc.dylib) + 80,12,...  [0x18192710c,0x1819270c8,...]
      !         : | + ! : 5 _RNvCsGIExRX8pES_7___rustc11___rdl_alloc  (in rawk-before-core-2026-09-20) + 0,12  [0x10076e248,0x10076e254]
      !         : | + ! : 2 DYLD-STUB$$malloc  (in rawk-before-core-2026-09-20) + 4  [0x1007af410]
      !         : | + ! 112 _$LT$alloc..vec..Vec$LT$T$GT$$u20$as$u20$alloc..vec..spec_from_iter_nested..SpecFromIterNested$LT$T$C$I$GT$$GT$::from_iter::h9093dd907e3ee9c4  (in rawk-before-core-2026-09-20) + 296  [0x1006240c0]
      !         : | + ! : 55 _xzm_xzone_malloc_tiny  (in libsystem_malloc.dylib) + 420,96,...  [0x18191d0e0,0x18191cf9c,...]
      !         : | + ! : 20 _malloc_zone_malloc  (in libsystem_malloc.dylib) + 12,44,...  [0x1819270c8,0x1819270e8,...]
      !         : | + ! : 17 _xzm_xzone_malloc  (in libsystem_malloc.dylib) + 8,192,...  [0x181917958,0x181917a10,...]
      !         : | + ! : 12 <deduplicated_symbol>  (in libsystem_malloc.dylib) + 112,212,...  [0x1819171cc,0x181917230,...]
      !         : | + ! : 4 DYLD-STUB$$malloc  (in rawk-before-core-2026-09-20) + 4  [0x1007af410]
      !         : | + ! : 4 _RNvCsGIExRX8pES_7___rustc11___rdl_alloc  (in rawk-before-core-2026-09-20) + 0  [0x10076e248]
      !         : | + ! 72 _$LT$alloc..vec..Vec$LT$T$GT$$u20$as$u20$alloc..vec..spec_from_iter_nested..SpecFromIterNested$LT$T$C$I$GT$$GT$::from_iter::h9093dd907e3ee9c4  (in rawk-before-core-2026-09-20) + 384,88,...  [0x100624118,0x100623ff0,...]
      !         : | + ! 25 _$LT$alloc..vec..Vec$LT$T$GT$$u20$as$u20$alloc..vec..spec_from_iter_nested..SpecFromIterNested$LT$T$C$I$GT$$GT$::from_iter::h9093dd907e3ee9c4  (in rawk-before-core-2026-09-20) + 520  [0x1006241a0]
      !         : | + ! : 19 _platform_memmove  (in libsystem_platform.dylib) + 12,436,...  [0x181b0536c,0x181b05514,...]
      !         : | + ! : 6 DYLD-STUB$$memcpy  (in rawk-before-core-2026-09-20) + 4  [0x1007af434]
      !         : | + ! 8 _$LT$alloc..vec..Vec$LT$T$GT$$u20$as$u20$alloc..vec..spec_from_iter_nested..SpecFromIterNested$LT$T$C$I$GT$$GT$::from_iter::h9093dd907e3ee9c4  (in rawk-before-core-2026-09-20) + 280  [0x1006240b0]
      !         : | + ! : 5 _platform_memmove  (in libsystem_platform.dylib) + 12,436,...  [0x181b0536c,0x181b05514,...]
      !         : | + ! : 3 DYLD-STUB$$memcpy  (in rawk-before-core-2026-09-20) + 4  [0x1007af434]
      !         : | + ! 7 _$LT$alloc..vec..Vec$LT$T$GT$$u20$as$u20$alloc..vec..spec_from_iter_nested..SpecFromIterNested$LT$T$C$I$GT$$GT$::from_iter::h9093dd907e3ee9c4  (in rawk-before-core-2026-09-20) + 488  [0x100624180]
      !         : | + ! : 7 _RNvCsGIExRX8pES_7___rustc35___rust_no_alloc_shim_is_unstable_v2  (in rawk-before-core-2026-09-20) + 0  [0x100666de4]
      !         : | + ! 5 _$LT$alloc..vec..Vec$LT$T$GT$$u20$as$u20$alloc..vec..spec_from_iter_nested..SpecFromIterNested$LT$T$C$I$GT$$GT$::from_iter::h9093dd907e3ee9c4  (in rawk-before-core-2026-09-20) + 284  [0x1006240b4]
      !         : | + ! : 5 _RNvCsGIExRX8pES_7___rustc35___rust_no_alloc_shim_is_unstable_v2  (in rawk-before-core-2026-09-20) + 0  [0x100666de4]
      !         : | + ! 3 _$LT$alloc..vec..Vec$LT$T$GT$$u20$as$u20$alloc..vec..spec_from_iter_nested..SpecFromIterNested$LT$T$C$I$GT$$GT$::from_iter::h9093dd907e3ee9c4  (in rawk-before-core-2026-09-20) + 244  [0x10062408c]
      !         : | + !   3 _RNvCsGIExRX8pES_7___rustc35___rust_no_alloc_shim_is_unstable_v2  (in rawk-before-core-2026-09-20) + 0  [0x100666de4]
      !         : | + 6 _$LT$alloc..vec..Vec$LT$T$GT$$u20$as$u20$alloc..vec..spec_from_iter_nested..SpecFromIterNested$LT$T$C$I$GT$$GT$::from_iter::h9093dd907e3ee9c4  (in rawk-before-core-2026-09-20) + 224,228  [0x100624078,0x10062407c]
      !         : | + 5 rawk::ere::split::h5c82b74acdc2f61a  (in rawk-before-core-2026-09-20) + 36,0,...  [0x10065be78,0x10065be54,...]
      !         : | 261 rawk::types::EvalContext::update_record::h36418a4c5033e45c  (in rawk-before-core-2026-09-20) + 400  [0x1006367b0]
      !         : | + 112 rawk::types::EvalContext::get_var::hd08700b019db6de9  (in rawk-before-core-2026-09-20) + 1356  [0x100637f40]
      !         : | + ! 50 _xzm_xzone_malloc_tiny  (in libsystem_malloc.dylib) + 256,420,...  [0x18191d03c,0x18191d0e0,...]
      !         : | + ! 23 <deduplicated_symbol>  (in libsystem_malloc.dylib) + 112,212,...  [0x1819171cc,0x181917230,...]
      !         : | + ! 14 _malloc_zone_malloc  (in libsystem_malloc.dylib) + 12,44,...  [0x1819270c8,0x1819270e8,...]
      !         : | + ! 14 _xzm_xzone_malloc  (in libsystem_malloc.dylib) + 8,184,...  [0x181917958,0x181917a08,...]
      !         : | + ! 6 _RNvCsGIExRX8pES_7___rustc11___rdl_alloc  (in rawk-before-core-2026-09-20) + 0  [0x10076e248]
      !         : | + ! 4 DYLD-STUB$$malloc  (in rawk-before-core-2026-09-20) + 4,0  [0x1007af410,0x1007af40c]
      !         : | + ! 1 xzm_malloc_zone_malloc_type_malloc  (in libsystem_malloc.dylib) + 0  [0x181923184]
      !         : | + 63 rawk::types::EvalContext::get_var::hd08700b019db6de9  (in rawk-before-core-2026-09-20) + 776  [0x100637cfc]
      !         : | + ! 35 core::hash::BuildHasher::hash_one::h773ecb9f6643a431  (in rawk-before-core-2026-09-20) + 280,52,...  [0x10063b058,0x10063af74,...]
      !         : | + ! 17 core::hash::BuildHasher::hash_one::h773ecb9f6643a431  (in rawk-before-core-2026-09-20) + 72  [0x10063af88]
      !         : | + ! : 17 _$LT$core..hash..sip..Hasher$LT$S$GT$$u20$as$u20$core..hash..Hasher$GT$::write::hb89c965e3d55cf6c  (in rawk-before-core-2026-09-20) + 12,424,...  [0x10063d02c,0x10063d1c8,...]
      !         : | + ! 11 core::hash::BuildHasher::hash_one::h773ecb9f6643a431  (in rawk-before-core-2026-09-20) + 96  [0x10063afa0]
      !         : | + !   11 _$LT$core..hash..sip..Hasher$LT$S$GT$$u20$as$u20$core..hash..Hasher$GT$::write::hb89c965e3d55cf6c  (in rawk-before-core-2026-09-20) + 20,164,...  [0x10063d034,0x10063d0c4,...]
      !         : | + 52 rawk::types::EvalContext::get_var::hd08700b019db6de9  (in rawk-before-core-2026-09-20) + 48,484,...  [0x100637a24,0x100637bd8,...]
      !         : | + 21 rawk::types::EvalContext::get_var::hd08700b019db6de9  (in rawk-before-core-2026-09-20) + 876  [0x100637d60]
      !         : | + ! 21 _platform_memcmp  (in libsystem_platform.dylib) + 260,272,...  [0x181b03014,0x181b03020,...]
      !         : | + 11 rawk::types::EvalContext::get_var::hd08700b019db6de9  (in rawk-before-core-2026-09-20) + 1376  [0x100637f54]
      !         : | + ! 9 _platform_memmove  (in libsystem_platform.dylib) + 436,460,...  [0x181b05514,0x181b0552c,...]
      !         : | + ! 2 DYLD-STUB$$memcpy  (in rawk-before-core-2026-09-20) + 4  [0x1007af434]
      !         : | + 2 rawk::types::EvalContext::get_var::hd08700b019db6de9  (in rawk-before-core-2026-09-20) + 1340  [0x100637f30]
      !         : | +   2 _RNvCsGIExRX8pES_7___rustc35___rust_no_alloc_shim_is_unstable_v2  (in rawk-before-core-2026-09-20) + 0  [0x100666de4]
      !         : | 246 rawk::types::EvalContext::update_record::h36418a4c5033e45c  (in rawk-before-core-2026-09-20) + 284  [0x10063673c]
      !         : | + 185 _xzm_free  (in libsystem_malloc.dylib) + 28,996,...  [0x181918134,0x1819184fc,...]
      !         : | + 46 _free  (in libsystem_malloc.dylib) + 0,44,...  [0x181927cd0,0x181927cfc,...]
      !         : | + 10 DYLD-STUB$$free  (in rawk-before-core-2026-09-20) + 0,4  [0x1007af310,0x1007af314]
      !         : | + 3 _RNvCsGIExRX8pES_7___rustc14___rust_dealloc  (in rawk-before-core-2026-09-20) + 0  [0x100666dd8]
      !         : | + 2 xzm_malloc_zone_try_free_default  (in libsystem_malloc.dylib) + 0  [0x181923170]
      !         : | 156 rawk::types::EvalContext::update_record::h36418a4c5033e45c  (in rawk-before-core-2026-09-20) + 424  [0x1006367c8]
      !         : | + 119 rawk::types::AwkValue::as_string_convfmt::h865b85d77f411c9e  (in rawk-before-core-2026-09-20) + 472  [0x100639658]
      !         : | + ! 43 _xzm_xzone_malloc_tiny  (in libsystem_malloc.dylib) + 168,256,...  [0x18191cfe4,0x18191d03c,...]
      !         : | + ! 29 _malloc_zone_malloc  (in libsystem_malloc.dylib) + 12,44,...  [0x1819270c8,0x1819270e8,...]
      !         : | + ! 18 <deduplicated_symbol>  (in libsystem_malloc.dylib) + 112,212,...  [0x1819171cc,0x181917230,...]
      !         : | + ! 15 _xzm_xzone_malloc  (in libsystem_malloc.dylib) + 180,8,...  [0x181917a04,0x181917958,...]
      !         : | + ! 9 _RNvCsGIExRX8pES_7___rustc11___rdl_alloc  (in rawk-before-core-2026-09-20) + 0  [0x10076e248]
      !         : | + ! 5 DYLD-STUB$$malloc  (in rawk-before-core-2026-09-20) + 4  [0x1007af410]
      !         : | + 17 rawk::types::AwkValue::as_string_convfmt::h865b85d77f411c9e  (in rawk-before-core-2026-09-20) + 492  [0x10063966c]
      !         : | + ! 14 _platform_memmove  (in libsystem_platform.dylib) + 436,460,...  [0x181b05514,0x181b0552c,...]
      !         : | + ! 3 DYLD-STUB$$memcpy  (in rawk-before-core-2026-09-20) + 4  [0x1007af434]
      !         : | + 16 rawk::types::AwkValue::as_string_convfmt::h865b85d77f411c9e  (in rawk-before-core-2026-09-20) + 20,36,...  [0x100639494,0x1006394a4,...]
      !         : | + 4 rawk::types::AwkValue::as_string_convfmt::h865b85d77f411c9e  (in rawk-before-core-2026-09-20) + 456  [0x100639648]
      !         : | +   4 _RNvCsGIExRX8pES_7___rustc35___rust_no_alloc_shim_is_unstable_v2  (in rawk-before-core-2026-09-20) + 0  [0x100666de4]
      !         : | 129 rawk::types::EvalContext::update_record::h36418a4c5033e45c  (in rawk-before-core-2026-09-20) + 512  [0x100636820]
      !         : | + 111 _xzm_free  (in libsystem_malloc.dylib) + 656,996,...  [0x1819183a8,0x1819184fc,...]
      !         : | + 13 _free  (in libsystem_malloc.dylib) + 76,108,...  [0x181927d1c,0x181927d3c,...]
      !         : | + 5 DYLD-STUB$$free  (in rawk-before-core-2026-09-20) + 4  [0x1007af314]
      !         : | 128 rawk::types::EvalContext::update_record::h36418a4c5033e45c  (in rawk-before-core-2026-09-20) + 312  [0x100636758]
      !         : | + 65 _xzm_free  (in libsystem_malloc.dylib) + 0,996,...  [0x181918118,0x1819184fc,...]
      !         : | + 31 _xzm_free  (in libsystem_malloc.dylib) + 352  [0x181918278]
      !         : | + ! 21 __bzero  (in libsystem_platform.dylib) + 0  [0x181b05030]
      !         : | + ! 6 DYLD-STUB$$_platform_bzero  (in libsystem_malloc.dylib) + 12  [0x18192f87c]
      !         : | + ! 4 _platform_memset  (in libsystem_platform.dylib) + 160  [0x181b05130]
      !         : | + 19 _free  (in libsystem_malloc.dylib) + 0,108,...  [0x181927cd0,0x181927d3c,...]
      !         : | + 11 DYLD-STUB$$free  (in rawk-before-core-2026-09-20) + 4,0  [0x1007af314,0x1007af310]
      !         : | + 1 free  (in libsystem_malloc.dylib) + 0  [0x1818ee6b8]
      !         : | + 1 xzm_malloc_zone_try_free_default  (in libsystem_malloc.dylib) + 0  [0x181923170]
      !         : | 124 rawk::types::EvalContext::update_record::h36418a4c5033e45c  (in rawk-before-core-2026-09-20) + 684  [0x1006368cc]
      !         : | + 56 _xzm_xzone_malloc_tiny  (in libsystem_malloc.dylib) + 256,420,...  [0x18191d03c,0x18191d0e0,...]
      !         : | + 22 <deduplicated_symbol>  (in libsystem_malloc.dylib) + 112,136,...  [0x1819171cc,0x1819171e4,...]
      !         : | + 18 _malloc_zone_malloc  (in libsystem_malloc.dylib) + 80,56,...  [0x18192710c,0x1819270f4,...]
      !         : | + 11 _xzm_xzone_malloc  (in libsystem_malloc.dylib) + 336,8,...  [0x181917aa0,0x181917958,...]
      !         : | + 10 _RNvCsGIExRX8pES_7___rustc11___rdl_alloc  (in rawk-before-core-2026-09-20) + 0  [0x10076e248]
      !         : | + 6 DYLD-STUB$$malloc  (in rawk-before-core-2026-09-20) + 4  [0x1007af410]
      !         : | + 1 xzm_malloc_zone_malloc_type_malloc  (in libsystem_malloc.dylib) + 0  [0x181923184]
      !         : | 116 rawk::types::EvalContext::update_record::h36418a4c5033e45c  (in rawk-before-core-2026-09-20) + 104  [0x100636688]
      !         : | + 88 _xzm_free  (in libsystem_malloc.dylib) + 0,996,...  [0x181918118,0x1819184fc,...]
      !         : | + 15 _free  (in libsystem_malloc.dylib) + 44,0,...  [0x181927cfc,0x181927cd0,...]
      !         : | + 10 DYLD-STUB$$free  (in rawk-before-core-2026-09-20) + 4,0  [0x1007af314,0x1007af310]
      !         : | + 2 _RNvCsGIExRX8pES_7___rustc13___rdl_dealloc  (in rawk-before-core-2026-09-20) + 0  [0x10076e2b4]
      !         : | + 1 xzm_malloc_zone_try_free_default  (in libsystem_malloc.dylib) + 0  [0x181923170]
      !         : | 95 rawk::types::EvalContext::update_record::h36418a4c5033e45c  (in rawk-before-core-2026-09-20) + 452  [0x1006367e4]
      !         : | + 71 _xzm_free  (in libsystem_malloc.dylib) + 0,996,...  [0x181918118,0x1819184fc,...]
      !         : | + 22 _free  (in libsystem_malloc.dylib) + 76,36,...  [0x181927d1c,0x181927cf4,...]
      !         : | + 2 DYLD-STUB$$free  (in rawk-before-core-2026-09-20) + 4  [0x1007af314]
      !         : | 95 rawk::types::EvalContext::update_record::h36418a4c5033e45c  (in rawk-before-core-2026-09-20) + 1100  [0x100636a6c]
      !         : | + 72 _xzm_free  (in libsystem_malloc.dylib) + 996,0,...  [0x1819184fc,0x181918118,...]
      !         : | + 19 _free  (in libsystem_malloc.dylib) + 36,44,...  [0x181927cf4,0x181927cfc,...]
      !         : | + 4 DYLD-STUB$$free  (in rawk-before-core-2026-09-20) + 4  [0x1007af314]
      !         : | 83 rawk::types::EvalContext::update_record::h36418a4c5033e45c  (in rawk-before-core-2026-09-20) + 64  [0x100636660]
      !         : | + 28 _xzm_xzone_malloc_tiny  (in libsystem_malloc.dylib) + 256,444,...  [0x18191d03c,0x18191d0f8,...]
      !         : | + 23 _malloc_zone_malloc  (in libsystem_malloc.dylib) + 12,56,...  [0x1819270c8,0x1819270f4,...]
      !         : | + 16 _xzm_xzone_malloc  (in libsystem_malloc.dylib) + 24,192,...  [0x181917968,0x181917a10,...]
      !         : | + 9 <deduplicated_symbol>  (in libsystem_malloc.dylib) + 112,212,...  [0x1819171cc,0x181917230,...]
      !         : | + 4 DYLD-STUB$$malloc  (in rawk-before-core-2026-09-20) + 4  [0x1007af410]
      !         : | + 3 _RNvCsGIExRX8pES_7___rustc11___rdl_alloc  (in rawk-before-core-2026-09-20) + 0  [0x10076e248]
      !         : | 69 rawk::types::EvalContext::update_record::h36418a4c5033e45c  (in rawk-before-core-2026-09-20) + 240,452,...  [0x100636710,0x1006367e4,...]
      !         : | 50 _xzm_free  (in libsystem_malloc.dylib) + 1568,1548  [0x181918738,0x181918724]
      !         : | 24 rawk::types::EvalContext::update_record::h36418a4c5033e45c  (in rawk-before-core-2026-09-20) + 84  [0x100636674]
      !         : | + 20 _platform_memmove  (in libsystem_platform.dylib) + 452,12,...  [0x181b05524,0x181b0536c,...]
      !         : | + 4 DYLD-STUB$$memcpy  (in rawk-before-core-2026-09-20) + 4  [0x1007af434]
      !         : | 15 rawk::types::EvalContext::update_record::h36418a4c5033e45c  (in rawk-before-core-2026-09-20) + 704  [0x1006368e0]
      !         : | + 11 _platform_memmove  (in libsystem_platform.dylib) + 12,460,...  [0x181b0536c,0x181b0552c,...]
      !         : | + 4 DYLD-STUB$$memcpy  (in rawk-before-core-2026-09-20) + 4  [0x1007af434]
      !         : | 7 rawk::types::EvalContext::update_record::h36418a4c5033e45c  (in rawk-before-core-2026-09-20) + 52  [0x100636654]
      !         : | + 7 _RNvCsGIExRX8pES_7___rustc35___rust_no_alloc_shim_is_unstable_v2  (in rawk-before-core-2026-09-20) + 0  [0x100666de4]
      !         : | 6 rawk::ere::split::h5c82b74acdc2f61a  (in rawk-before-core-2026-09-20) + 652  [0x10065c0e0]
      !         : | 6 rawk::types::AwkValue::as_string_convfmt::h865b85d77f411c9e  (in rawk-before-core-2026-09-20) + 868  [0x1006397e4]
      !         : | 5 rawk::types::EvalContext::get_var::hd08700b019db6de9  (in rawk-before-core-2026-09-20) + 984,976  [0x100637dcc,0x100637dc4]
      !         : | 2 rawk::types::EvalContext::update_record::h36418a4c5033e45c  (in rawk-before-core-2026-09-20) + 672  [0x1006368c0]
      !         : |   2 _RNvCsGIExRX8pES_7___rustc35___rust_no_alloc_shim_is_unstable_v2  (in rawk-before-core-2026-09-20) + 0  [0x100666de4]
      !         : 1714 rawk::runner::run::h68691f04efcb3426  (in rawk-before-core-2026-09-20) + 4376  [0x10060b6f0]
      !         : | 1687 rawk::runner::execute_action_inner::hb74abf24875beef1  (in rawk-before-core-2026-09-20) + 1216  [0x100608c34]
      !         : | + 710 rawk::runner::eval_expr::h6b2b90049722c17d  (in rawk-before-core-2026-09-20) + 6316  [0x10060e3a8]
      !         : | + ! 353 rawk::runner::Target::set::h6eef221ef8ea6f10  (in rawk-before-core-2026-09-20) + 428  [0x10060c700]
      !         : | + ! : 202 rawk::types::EvalContext::set_var::h469b9e00bead32f6  (in rawk-before-core-2026-09-20) + 724  [0x1006382a0]
      !         : | + ! : | 79 hashbrown::map::HashMap$LT$K$C$V$C$S$C$A$GT$::insert::h0d56fcdb6de36ae8  (in rawk-before-core-2026-09-20) + 60  [0x10064eb98]
      !         : | + ! : | + 40 core::hash::BuildHasher::hash_one::he6b98ff62744bcb3  (in rawk-before-core-2026-09-20) + 288,240,...  [0x10063b2bc,0x10063b28c,...]
      !         : | + ! : | + 21 core::hash::BuildHasher::hash_one::he6b98ff62744bcb3  (in rawk-before-core-2026-09-20) + 104  [0x10063b204]
      !         : | + ! : | + ! 21 _$LT$core..hash..sip..Hasher$LT$S$GT$$u20$as$u20$core..hash..Hasher$GT$::write::hb89c965e3d55cf6c  (in rawk-before-core-2026-09-20) + 12,124,...  [0x10063d02c,0x10063d09c,...]
      !         : | + ! : | + 18 core::hash::BuildHasher::hash_one::he6b98ff62744bcb3  (in rawk-before-core-2026-09-20) + 80  [0x10063b1ec]
      !         : | + ! : | +   18 _$LT$core..hash..sip..Hasher$LT$S$GT$$u20$as$u20$core..hash..Hasher$GT$::write::hb89c965e3d55cf6c  (in rawk-before-core-2026-09-20) + 0,68,...  [0x10063d020,0x10063d064,...]
      !         : | + ! : | 55 _xzm_free  (in libsystem_malloc.dylib) + 0,996,...  [0x181918118,0x1819184fc,...]
      !         : | + ! : | 20 hashbrown::map::HashMap$LT$K$C$V$C$S$C$A$GT$::insert::h0d56fcdb6de36ae8  (in rawk-before-core-2026-09-20) + 192  [0x10064ec1c]
      !         : | + ! : | + 19 _platform_memcmp  (in libsystem_platform.dylib) + 272,280,...  [0x181b03020,0x181b03028,...]
      !         : | + ! : | + 1 DYLD-STUB$$memcmp  (in rawk-before-core-2026-09-20) + 4  [0x1007af428]
      !         : | + ! : | 19 hashbrown::map::HashMap$LT$K$C$V$C$S$C$A$GT$::insert::h0d56fcdb6de36ae8  (in rawk-before-core-2026-09-20) + 116,60,...  [0x10064ebd0,0x10064eb98,...]
      !         : | + ! : | 15 _free  (in libsystem_malloc.dylib) + 0,36,...  [0x181927cd0,0x181927cf4,...]
      !         : | + ! : | 11 DYLD-STUB$$free  (in rawk-before-core-2026-09-20) + 4,0  [0x1007af314,0x1007af310]
      !         : | + ! : | 3 _RNvCsGIExRX8pES_7___rustc14___rust_dealloc  (in rawk-before-core-2026-09-20) + 0  [0x100666dd8]
      !         : | + ! : 120 rawk::types::EvalContext::set_var::h469b9e00bead32f6  (in rawk-before-core-2026-09-20) + 668  [0x100638268]
      !         : | + ! : | 48 _xzm_xzone_malloc_tiny  (in libsystem_malloc.dylib) + 256,312,...  [0x18191d03c,0x18191d074,...]
      !         : | + ! : | 24 _xzm_xzone_malloc  (in libsystem_malloc.dylib) + 24,8,...  [0x181917968,0x181917958,...]
      !         : | + ! : | 20 <deduplicated_symbol>  (in libsystem_malloc.dylib) + 112,136,...  [0x1819171cc,0x1819171e4,...]
      !         : | + ! : | 15 _malloc_zone_malloc  (in libsystem_malloc.dylib) + 12,56,...  [0x1819270c8,0x1819270f4,...]
      !         : | + ! : | 8 _RNvCsGIExRX8pES_7___rustc11___rdl_alloc  (in rawk-before-core-2026-09-20) + 0  [0x10076e248]
      !         : | + ! : | 4 DYLD-STUB$$malloc  (in rawk-before-core-2026-09-20) + 4  [0x1007af410]
      !         : | + ! : | 1 xzm_malloc_zone_malloc_type_malloc  (in libsystem_malloc.dylib) + 0  [0x181923184]
      !         : | + ! : 12 rawk::types::EvalContext::set_var::h469b9e00bead32f6  (in rawk-before-core-2026-09-20) + 1844,724,...  [0x100638700,0x1006382a0,...]
      !         : | + ! : 9 rawk::types::EvalContext::set_var::h469b9e00bead32f6  (in rawk-before-core-2026-09-20) + 688  [0x10063827c]
      !         : | + ! : | 7 _platform_memmove  (in libsystem_platform.dylib) + 12,0,...  [0x181b0536c,0x181b05360,...]
      !         : | + ! : | 2 DYLD-STUB$$memcpy  (in rawk-before-core-2026-09-20) + 4  [0x1007af434]
      !         : | + ! : 5 rawk::types::EvalContext::set_var::h469b9e00bead32f6  (in rawk-before-core-2026-09-20) + 652  [0x100638258]
      !         : | + ! : | 5 _RNvCsGIExRX8pES_7___rustc35___rust_no_alloc_shim_is_unstable_v2  (in rawk-before-core-2026-09-20) + 0  [0x100666de4]
      !         : | + ! : 3 _xzm_free  (in libsystem_malloc.dylib) + 1568  [0x181918738]
      !         : | + ! : 2 hashbrown::map::HashMap$LT$K$C$V$C$S$C$A$GT$::insert::h0d56fcdb6de36ae8  (in rawk-before-core-2026-09-20) + 372,392  [0x10064ecd0,0x10064ece4]
      !         : | + ! 314 rawk::runner::Target::set::h6eef221ef8ea6f10  (in rawk-before-core-2026-09-20) + 284  [0x10060c670]
      !         : | + ! : 143 rawk::types::EvalContext::array::he08681fe5509801c  (in rawk-before-core-2026-09-20) + 288  [0x1006378ac]
      !         : | + ! : | 112 rawk::types::EvalContext::array_name::hfa92f30c9a46746b  (in rawk-before-core-2026-09-20) + 304  [0x100635710]
      !         : | + ! : | + 48 _xzm_xzone_malloc_tiny  (in libsystem_malloc.dylib) + 164,96,...  [0x18191cfe0,0x18191cf9c,...]
      !         : | + ! : | + 27 _xzm_xzone_malloc  (in libsystem_malloc.dylib) + 24,184,...  [0x181917968,0x181917a08,...]
      !         : | + ! : | + 15 <deduplicated_symbol>  (in libsystem_malloc.dylib) + 112,212,...  [0x1819171cc,0x181917230,...]
      !         : | + ! : | + 13 _malloc_zone_malloc  (in libsystem_malloc.dylib) + 44,12,...  [0x1819270e8,0x1819270c8,...]
      !         : | + ! : | + 8 _RNvCsGIExRX8pES_7___rustc11___rdl_alloc  (in rawk-before-core-2026-09-20) + 0  [0x10076e248]
      !         : | + ! : | + 1 DYLD-STUB$$malloc  (in rawk-before-core-2026-09-20) + 4  [0x1007af410]
      !         : | + ! : | 15 rawk::types::EvalContext::array_name::hfa92f30c9a46746b  (in rawk-before-core-2026-09-20) + 280,304,...  [0x1006356f8,0x100635710,...]
      !         : | + ! : | 12 rawk::types::EvalContext::array_name::hfa92f30c9a46746b  (in rawk-before-core-2026-09-20) + 324  [0x100635724]
      !         : | + ! : | + 9 _platform_memmove  (in libsystem_platform.dylib) + 436,460,...  [0x181b05514,0x181b0552c,...]
      !         : | + ! : | + 3 DYLD-STUB$$memcpy  (in rawk-before-core-2026-09-20) + 4,0  [0x1007af434,0x1007af430]
      !         : | + ! : | 4 rawk::types::EvalContext::array_name::hfa92f30c9a46746b  (in rawk-before-core-2026-09-20) + 288  [0x100635700]
      !         : | + ! : |   4 _RNvCsGIExRX8pES_7___rustc35___rust_no_alloc_shim_is_unstable_v2  (in rawk-before-core-2026-09-20) + 0  [0x100666de4]
      !         : | + ! : 83 rawk::types::EvalContext::array::he08681fe5509801c  (in rawk-before-core-2026-09-20) + 544  [0x1006379ac]
      !         : | + ! : | 59 _xzm_free  (in libsystem_malloc.dylib) + 28,996,...  [0x181918134,0x1819184fc,...]
      !         : | + ! : | 18 _free  (in libsystem_malloc.dylib) + 0,76,...  [0x181927cd0,0x181927d1c,...]
      !         : | + ! : | 5 DYLD-STUB$$free  (in rawk-before-core-2026-09-20) + 4  [0x1007af314]
      !         : | + ! : | 1 _RNvCsGIExRX8pES_7___rustc13___rdl_dealloc  (in rawk-before-core-2026-09-20) + 0  [0x10076e2b4]
      !         : | + ! : 63 rawk::types::EvalContext::array::he08681fe5509801c  (in rawk-before-core-2026-09-20) + 308  [0x1006378c0]
      !         : | + ! : | 28 core::hash::BuildHasher::hash_one::he6b98ff62744bcb3  (in rawk-before-core-2026-09-20) + 288,268,...  [0x10063b2bc,0x10063b2a8,...]
      !         : | + ! : | 18 core::hash::BuildHasher::hash_one::he6b98ff62744bcb3  (in rawk-before-core-2026-09-20) + 104  [0x10063b204]
      !         : | + ! : | + 18 _$LT$core..hash..sip..Hasher$LT$S$GT$$u20$as$u20$core..hash..Hasher$GT$::write::hb89c965e3d55cf6c  (in rawk-before-core-2026-09-20) + 12,204,...  [0x10063d02c,0x10063d0ec,...]
      !         : | + ! : | 17 core::hash::BuildHasher::hash_one::he6b98ff62744bcb3  (in rawk-before-core-2026-09-20) + 80  [0x10063b1ec]
      !         : | + ! : |   17 _$LT$core..hash..sip..Hasher$LT$S$GT$$u20$as$u20$core..hash..Hasher$GT$::write::hb89c965e3d55cf6c  (in rawk-before-core-2026-09-20) + 444,480,...  [0x10063d1dc,0x10063d200,...]
      !         : | + ! : 15 rawk::types::EvalContext::array::he08681fe5509801c  (in rawk-before-core-2026-09-20) + 440,28,...  [0x100637944,0x1006377a8,...]
      !         : | + ! : 5 _xzm_free  (in libsystem_malloc.dylib) + 1568  [0x181918738]
      !         : | + ! : 5 rawk::types::EvalContext::array_name::hfa92f30c9a46746b  (in rawk-before-core-2026-09-20) + 400,396  [0x100635770,0x10063576c]
      !         : | + ! 25 rawk::runner::Target::set::h6eef221ef8ea6f10  (in rawk-before-core-2026-09-20) + 44,132,...  [0x10060c580,0x10060c5d8,...]
      !         : | + ! 9 rawk::types::EvalContext::set_var::h469b9e00bead32f6  (in rawk-before-core-2026-09-20) + 1832,1824  [0x1006386f4,0x1006386ec]
      !         : | + ! 6 rawk::types::EvalContext::array::he08681fe5509801c  (in rawk-before-core-2026-09-20) + 580,572  [0x1006379d0,0x1006379c8]
      !         : | + ! 3 rawk::runner::Target::set::h6eef221ef8ea6f10  (in rawk-before-core-2026-09-20) + 132  [0x10060c5d8]
      !         : | + !   3 rawk::types::EvalContext::is_function_name::h617b51db4b413413  (in rawk-before-core-2026-09-20) + 448,0  [0x100636cc4,0x100636b04]
      !         : | + 257 rawk::runner::eval_expr::h6b2b90049722c17d  (in rawk-before-core-2026-09-20) + 3576  [0x10060d8f4]
      !         : | + ! 159 rawk::runner::eval_expr::h6b2b90049722c17d  (in rawk-before-core-2026-09-20) + 3680  [0x10060d95c]
      !         : | + ! : 116 rawk::types::EvalContext::get_field::h548637f6d685f622  (in rawk-before-core-2026-09-20) + 460  [0x100638940]
      !         : | + ! : | 49 _xzm_xzone_malloc_tiny  (in libsystem_malloc.dylib) + 256,88,...  [0x18191d03c,0x18191cf94,...]
      !         : | + ! : | 25 _malloc_zone_malloc  (in libsystem_malloc.dylib) + 12,44,...  [0x1819270c8,0x1819270e8,...]
      !         : | + ! : | 19 <deduplicated_symbol>  (in libsystem_malloc.dylib) + 112,280,...  [0x1819171cc,0x181917274,...]
      !         : | + ! : | 15 _xzm_xzone_malloc  (in libsystem_malloc.dylib) + 324,192,...  [0x181917a94,0x181917a10,...]
      !         : | + ! : | 5 _RNvCsGIExRX8pES_7___rustc11___rdl_alloc  (in rawk-before-core-2026-09-20) + 0  [0x10076e248]
      !         : | + ! : | 2 malloc  (in libsystem_malloc.dylib) + 0  [0x1818edce8]
      !         : | + ! : | 1 DYLD-STUB$$malloc  (in rawk-before-core-2026-09-20) + 4  [0x1007af410]
      !         : | + ! : 24 rawk::types::EvalContext::get_field::h548637f6d685f622  (in rawk-before-core-2026-09-20) + 16,96,...  [0x100638784,0x1006387d4,...]
      !         : | + ! : 16 rawk::types::EvalContext::get_field::h548637f6d685f622  (in rawk-before-core-2026-09-20) + 480  [0x100638954]
      !         : | + ! : | 11 _platform_memmove  (in libsystem_platform.dylib) + 436,460,...  [0x181b05514,0x181b0552c,...]
      !         : | + ! : | 5 DYLD-STUB$$memcpy  (in rawk-before-core-2026-09-20) + 4  [0x1007af434]
      !         : | + ! : 3 rawk::types::EvalContext::get_field::h548637f6d685f622  (in rawk-before-core-2026-09-20) + 444  [0x100638930]
      !         : | + ! :   3 _RNvCsGIExRX8pES_7___rustc35___rust_no_alloc_shim_is_unstable_v2  (in rawk-before-core-2026-09-20) + 0  [0x100666de4]
      !         : | + ! 69 rawk::runner::eval_expr::h6b2b90049722c17d  (in rawk-before-core-2026-09-20) + 1040  [0x10060cf0c]
      !         : | + ! : 22 rawk::runner::target::hc5313f666bfb6aad  (in rawk-before-core-2026-09-20) + 480,424,...  [0x10060c994,0x10060c95c,...]
      !         : | + ! : 20 rawk::runner::target::hc5313f666bfb6aad  (in rawk-before-core-2026-09-20) + 356  [0x10060c918]
      !         : | + ! : | 20 rawk::types::AwkValue::as_number::hb66799bac4d35e0b  (in rawk-before-core-2026-09-20) + 12,0,...  [0x10063a138,0x10063a12c,...]
      !         : | + ! : 19 rawk::runner::target::hc5313f666bfb6aad  (in rawk-before-core-2026-09-20) + 240  [0x10060c8a4]
      !         : | + ! : | 19 rawk::runner::eval_expr::h6b2b90049722c17d  (in rawk-before-core-2026-09-20) + 80,24,...  [0x10060cb4c,0x10060cb14,...]
      !         : | + ! : 7 rawk::runner::eval_expr::h6b2b90049722c17d  (in rawk-before-core-2026-09-20) + 5948  [0x10060e238]
      !         : | + ! : 1 rawk::types::AwkValue::as_number::hb66799bac4d35e0b  (in rawk-before-core-2026-09-20) + 144  [0x10063a1bc]
      !         : | + ! 22 rawk::runner::eval_expr::h6b2b90049722c17d  (in rawk-before-core-2026-09-20) + 80,1084,...  [0x10060cb4c,0x10060cf38,...]
      !         : | + ! 5 rawk::types::EvalContext::get_field::h548637f6d685f622  (in rawk-before-core-2026-09-20) + 420  [0x100638918]
      !         : | + ! 2 rawk::runner::target::hc5313f666bfb6aad  (in rawk-before-core-2026-09-20) + 596  [0x10060ca08]
      !         : | + 253 rawk::runner::eval_expr::h6b2b90049722c17d  (in rawk-before-core-2026-09-20) + 6372  [0x10060e3e0]
      !         : | + ! 156 _xzm_free  (in libsystem_malloc.dylib) + 1048  [0x181918530]
      !         : | + ! : 153 mach_absolute_time  (in libsystem_kernel.dylib) + 108,112,...  [0x181ab810c,0x181ab8110,...]
      !         : | + ! : 3 DYLD-STUB$$mach_absolute_time  (in libsystem_malloc.dylib) + 12  [0x18192fb9c]
      !         : | + ! 53 _xzm_free  (in libsystem_malloc.dylib) + 28,716,...  [0x181918134,0x1819183e4,...]
      !         : | + ! 23 _free  (in libsystem_malloc.dylib) + 0,108,...  [0x181927cd0,0x181927d3c,...]
      !         : | + ! 10 DYLD-STUB$$free  (in rawk-before-core-2026-09-20) + 4,0  [0x1007af314,0x1007af310]
      !         : | + ! 9 core::ptr::drop_in_place$LT$rawk..runner..Target$GT$::hc6e572787d827f40  (in rawk-before-core-2026-09-20) + 0,36  [0x100607024,0x100607048]
      !         : | + ! 2 xzm_malloc_zone_try_free_default  (in libsystem_malloc.dylib) + 0  [0x181923170]
      !         : | + 139 rawk::runner::eval_expr::h6b2b90049722c17d  (in rawk-before-core-2026-09-20) + 920  [0x10060ce94]
      !         : | + ! 124 rawk::runner::target::hc5313f666bfb6aad  (in rawk-before-core-2026-09-20) + 220  [0x10060c890]
      !         : | + ! : 101 _RNvXs4_NtCs8dnTdrJsiec_5alloc6stringNtB5_6StringNtNtCs6sq8b9ugfBC_4core5clone5Clone5clone  (in rawk-before-core-2026-09-20) + 48  [0x1007937cc]
      !         : | + ! : | 53 _xzm_xzone_malloc_tiny  (in libsystem_malloc.dylib) + 168,12,...  [0x18191cfe4,0x18191cf48,...]
      !         : | + ! : | 12 _malloc_zone_malloc  (in libsystem_malloc.dylib) + 44,12,...  [0x1819270e8,0x1819270c8,...]
      !         : | + ! : | 12 _xzm_xzone_malloc  (in libsystem_malloc.dylib) + 24,0,...  [0x181917968,0x181917950,...]
      !         : | + ! : | 11 <deduplicated_symbol>  (in libsystem_malloc.dylib) + 112,136,...  [0x1819171cc,0x1819171e4,...]
      !         : | + ! : | 11 _RNvCsGIExRX8pES_7___rustc11___rdl_alloc  (in rawk-before-core-2026-09-20) + 0  [0x10076e248]
      !         : | + ! : | 2 DYLD-STUB$$malloc  (in rawk-before-core-2026-09-20) + 4  [0x1007af410]
      !         : | + ! : 10 _RNvXs4_NtCs8dnTdrJsiec_5alloc6stringNtB5_6StringNtNtCs6sq8b9ugfBC_4core5clone5Clone5clone  (in rawk-before-core-2026-09-20) + 20,0  [0x1007937b0,0x10079379c]
      !         : | + ! : 9 _RNvXs4_NtCs8dnTdrJsiec_5alloc6stringNtB5_6StringNtNtCs6sq8b9ugfBC_4core5clone5Clone5clone  (in rawk-before-core-2026-09-20) + 68  [0x1007937e0]
      !         : | + ! : | 8 _platform_memmove  (in libsystem_platform.dylib) + 460,436  [0x181b0552c,0x181b05514]
      !         : | + ! : | 1 DYLD-STUB$$memcpy  (in rawk-before-core-2026-09-20) + 4  [0x1007af434]
      !         : | + ! : 4 _RNvXs4_NtCs8dnTdrJsiec_5alloc6stringNtB5_6StringNtNtCs6sq8b9ugfBC_4core5clone5Clone5clone  (in rawk-before-core-2026-09-20) + 36  [0x1007937c0]
      !         : | + ! :   4 _RNvCsGIExRX8pES_7___rustc35___rust_no_alloc_shim_is_unstable_v2  (in rawk-before-core-2026-09-20) + 0  [0x100666de4]
      !         : | + ! 12 rawk::runner::target::hc5313f666bfb6aad  (in rawk-before-core-2026-09-20) + 28,40  [0x10060c7d0,0x10060c7dc]
      !         : | + ! 3 _RNvXs4_NtCs8dnTdrJsiec_5alloc6stringNtB5_6StringNtNtCs6sq8b9ugfBC_4core5clone5Clone5clone  (in rawk-before-core-2026-09-20) + 92  [0x1007937f8]
      !         : | + 119 rawk::runner::eval_expr::h6b2b90049722c17d  (in rawk-before-core-2026-09-20) + 3368  [0x10060d824]
      !         : | + ! 60 rawk::types::EvalContext::get_var::hd08700b019db6de9  (in rawk-before-core-2026-09-20) + 776  [0x100637cfc]
      !         : | + ! : 22 core::hash::BuildHasher::hash_one::h773ecb9f6643a431  (in rawk-before-core-2026-09-20) + 280,228,...  [0x10063b058,0x10063b024,...]
      !         : | + ! : 19 core::hash::BuildHasher::hash_one::h773ecb9f6643a431  (in rawk-before-core-2026-09-20) + 72  [0x10063af88]
      !         : | + ! : | 19 _$LT$core..hash..sip..Hasher$LT$S$GT$$u20$as$u20$core..hash..Hasher$GT$::write::hb89c965e3d55cf6c  (in rawk-before-core-2026-09-20) + 12,444,...  [0x10063d02c,0x10063d1dc,...]
      !         : | + ! : 19 core::hash::BuildHasher::hash_one::h773ecb9f6643a431  (in rawk-before-core-2026-09-20) + 96  [0x10063afa0]
      !         : | + ! :   19 _$LT$core..hash..sip..Hasher$LT$S$GT$$u20$as$u20$core..hash..Hasher$GT$::write::hb89c965e3d55cf6c  (in rawk-before-core-2026-09-20) + 124,12,...  [0x10063d09c,0x10063d02c,...]
      !         : | + ! 43 rawk::types::EvalContext::get_var::hd08700b019db6de9  (in rawk-before-core-2026-09-20) + 48,12,...  [0x100637a24,0x100637a00,...]
      !         : | + ! 16 rawk::types::EvalContext::get_var::hd08700b019db6de9  (in rawk-before-core-2026-09-20) + 876  [0x100637d60]
      !         : | + !   14 _platform_memcmp  (in libsystem_platform.dylib) + 0,272,...  [0x181b02f10,0x181b03020,...]
      !         : | + !   2 DYLD-STUB$$memcmp  (in rawk-before-core-2026-09-20) + 4  [0x1007af428]
      !         : | + 98 rawk::runner::eval_expr::h6b2b90049722c17d  (in rawk-before-core-2026-09-20) + 6356  [0x10060e3d0]
      !         : | + ! 70 _xzm_free  (in libsystem_malloc.dylib) + 28,0,...  [0x181918134,0x181918118,...]
      !         : | + ! 23 _free  (in libsystem_malloc.dylib) + 108,0,...  [0x181927d3c,0x181927cd0,...]
      !         : | + ! 3 core::ptr::drop_in_place$LT$rawk..types..AwkValue$GT$::h9b5fea5b20359f3c  (in rawk-before-core-2026-09-20) + 0,36  [0x1006070cc,0x1006070f0]
      !         : | + ! 2 _RNvCsGIExRX8pES_7___rustc14___rust_dealloc  (in rawk-before-core-2026-09-20) + 0  [0x100666dd8]
      !         : | + 43 rawk::runner::eval_expr::h6b2b90049722c17d  (in rawk-before-core-2026-09-20) + 5948,44,...  [0x10060e238,0x10060cb28,...]
      !         : | + 12 rawk::runner::eval_expr::h6b2b90049722c17d  (in rawk-before-core-2026-09-20) + 6224  [0x10060e34c]
      !         : | + ! 12 rawk::types::AwkValue::as_number::hb66799bac4d35e0b  (in rawk-before-core-2026-09-20) + 40,136,...  [0x10063a154,0x10063a1b4,...]
      !         : | + 12 rawk::types::EvalContext::get_var::hd08700b019db6de9  (in rawk-before-core-2026-09-20) + 972,984  [0x100637dc0,0x100637dcc]
      !         : | + 10 rawk::runner::eval_expr::h6b2b90049722c17d  (in rawk-before-core-2026-09-20) + 6296  [0x10060e394]
      !         : | + ! 10 _$LT$rawk..types..AwkValue$u20$as$u20$core..clone..Clone$GT$::clone::h0cadd9679462d5ec  (in rawk-before-core-2026-09-20) + 20,0,...  [0x1006108ac,0x100610898,...]
      !         : | + 8 _xzm_free  (in libsystem_malloc.dylib) + 1568,1552  [0x181918738,0x181918728]
      !         : | + 8 rawk::runner::eval_expr::h6b2b90049722c17d  (in rawk-before-core-2026-09-20) + 6364  [0x10060e3d8]
      !         : | + ! 8 core::ptr::drop_in_place$LT$rawk..types..AwkValue$GT$::h9b5fea5b20359f3c  (in rawk-before-core-2026-09-20) + 0,52  [0x1006070cc,0x100607100]
      !         : | + 6 _$LT$rawk..types..AwkValue$u20$as$u20$core..clone..Clone$GT$::clone::h0cadd9679462d5ec  (in rawk-before-core-2026-09-20) + 312  [0x1006109d0]
      !         : | + 6 rawk::runner::eval_expr::h6b2b90049722c17d  (in rawk-before-core-2026-09-20) + 6236  [0x10060e358]
      !         : | + ! 6 rawk::types::AwkValue::as_number::hb66799bac4d35e0b  (in rawk-before-core-2026-09-20) + 36,56,...  [0x10063a150,0x10063a164,...]
      !         : | + 4 rawk::runner::Target::set::h6eef221ef8ea6f10  (in rawk-before-core-2026-09-20) + 452,448,...  [0x10060c718,0x10060c714,...]
      !         : | + 2 rawk::runner::target::hc5313f666bfb6aad  (in rawk-before-core-2026-09-20) + 596  [0x10060ca08]
      !         : | 25 rawk::runner::execute_action_inner::hb74abf24875beef1  (in rawk-before-core-2026-09-20) + 5868,96,...  [0x100609e60,0x1006087d4,...]
      !         : | 2 rawk::runner::execute_action_inner::hb74abf24875beef1  (in rawk-before-core-2026-09-20) + 104  [0x1006087dc]
      !         : |   2 _tlv_get_addr  (in libdyld.dylib) + 12,20  [0x1816f8394,0x1816f839c]
      !         : 1470 rawk::runner::run::h68691f04efcb3426  (in rawk-before-core-2026-09-20) + 4128  [0x10060b5f8]
      !         : | 493 rawk::runner::read_main::hae7ba469f196c48a  (in rawk-before-core-2026-09-20) + 2244  [0x10060fabc]
      !         : | + 211 rawk::types::EvalContext::set_var::h469b9e00bead32f6  (in rawk-before-core-2026-09-20) + 724  [0x1006382a0]
      !         : | + ! 71 _xzm_free  (in libsystem_malloc.dylib) + 28,996,...  [0x181918134,0x1819184fc,...]
      !         : | + ! 64 hashbrown::map::HashMap$LT$K$C$V$C$S$C$A$GT$::insert::h0d56fcdb6de36ae8  (in rawk-before-core-2026-09-20) + 60  [0x10064eb98]
      !         : | + ! : 40 core::hash::BuildHasher::hash_one::he6b98ff62744bcb3  (in rawk-before-core-2026-09-20) + 288,240,...  [0x10063b2bc,0x10063b28c,...]
      !         : | + ! : 13 core::hash::BuildHasher::hash_one::he6b98ff62744bcb3  (in rawk-before-core-2026-09-20) + 80  [0x10063b1ec]
      !         : | + ! : | 13 _$LT$core..hash..sip..Hasher$LT$S$GT$$u20$as$u20$core..hash..Hasher$GT$::write::hb89c965e3d55cf6c  (in rawk-before-core-2026-09-20) + 12,68,...  [0x10063d02c,0x10063d064,...]
      !         : | + ! : 11 core::hash::BuildHasher::hash_one::he6b98ff62744bcb3  (in rawk-before-core-2026-09-20) + 104  [0x10063b204]
      !         : | + ! :   11 _$LT$core..hash..sip..Hasher$LT$S$GT$$u20$as$u20$core..hash..Hasher$GT$::write::hb89c965e3d55cf6c  (in rawk-before-core-2026-09-20) + 12,220,...  [0x10063d02c,0x10063d0fc,...]
      !         : | + ! 33 hashbrown::map::HashMap$LT$K$C$V$C$S$C$A$GT$::insert::h0d56fcdb6de36ae8  (in rawk-before-core-2026-09-20) + 192  [0x10064ec1c]
      !         : | + ! : 31 _platform_memcmp  (in libsystem_platform.dylib) + 260,272,...  [0x181b03014,0x181b03020,...]
      !         : | + ! : 2 DYLD-STUB$$memcmp  (in rawk-before-core-2026-09-20) + 4  [0x1007af428]
      !         : | + ! 18 _free  (in libsystem_malloc.dylib) + 0,44,...  [0x181927cd0,0x181927cfc,...]
      !         : | + ! 16 hashbrown::map::HashMap$LT$K$C$V$C$S$C$A$GT$::insert::h0d56fcdb6de36ae8  (in rawk-before-core-2026-09-20) + 116,352,...  [0x10064ebd0,0x10064ecbc,...]
      !         : | + ! 7 DYLD-STUB$$free  (in rawk-before-core-2026-09-20) + 4,0  [0x1007af314,0x1007af310]
      !         : | + ! 1 _RNvCsGIExRX8pES_7___rustc14___rust_dealloc  (in rawk-before-core-2026-09-20) + 0  [0x100666dd8]
      !         : | + ! 1 xzm_malloc_zone_try_free_default  (in libsystem_malloc.dylib) + 0  [0x181923170]
      !         : | + 114 rawk::types::EvalContext::set_var::h469b9e00bead32f6  (in rawk-before-core-2026-09-20) + 1108  [0x100638420]
      !         : | + ! 78 _xzm_free  (in libsystem_malloc.dylib) + 996,0,...  [0x1819184fc,0x181918118,...]
      !         : | + ! 20 _free  (in libsystem_malloc.dylib) + 0,76,...  [0x181927cd0,0x181927d1c,...]
      !         : | + ! 15 DYLD-STUB$$free  (in rawk-before-core-2026-09-20) + 4  [0x1007af314]
      !         : | + ! 1 _RNvCsGIExRX8pES_7___rustc13___rdl_dealloc  (in rawk-before-core-2026-09-20) + 0  [0x10076e2b4]
      !         : | + 106 rawk::types::EvalContext::set_var::h469b9e00bead32f6  (in rawk-before-core-2026-09-20) + 668  [0x100638268]
      !         : | + ! 56 _xzm_xzone_malloc_tiny  (in libsystem_malloc.dylib) + 88,96,...  [0x18191cf94,0x18191cf9c,...]
      !         : | + ! 18 <deduplicated_symbol>  (in libsystem_malloc.dylib) + 112,212,...  [0x1819171cc,0x181917230,...]
      !         : | + ! 14 _malloc_zone_malloc  (in libsystem_malloc.dylib) + 56,12,...  [0x1819270f4,0x1819270c8,...]
      !         : | + ! 11 _xzm_xzone_malloc  (in libsystem_malloc.dylib) + 336,8,...  [0x181917aa0,0x181917958,...]
      !         : | + ! 3 DYLD-STUB$$malloc  (in rawk-before-core-2026-09-20) + 4  [0x1007af410]
      !         : | + ! 3 _RNvCsGIExRX8pES_7___rustc11___rdl_alloc  (in rawk-before-core-2026-09-20) + 0  [0x10076e248]
      !         : | + ! 1 malloc  (in libsystem_malloc.dylib) + 0  [0x1818edce8]
      !         : | + 27 rawk::types::EvalContext::set_var::h469b9e00bead32f6  (in rawk-before-core-2026-09-20) + 52,1092,...  [0x100638000,0x100638410,...]
      !         : | + 17 rawk::types::EvalContext::set_var::h469b9e00bead32f6  (in rawk-before-core-2026-09-20) + 688  [0x10063827c]
      !         : | + ! 13 _platform_memmove  (in libsystem_platform.dylib) + 12,452,...  [0x181b0536c,0x181b05524,...]
      !         : | + ! 4 DYLD-STUB$$memcpy  (in rawk-before-core-2026-09-20) + 4,0  [0x1007af434,0x1007af430]
      !         : | + 10 _xzm_free  (in libsystem_malloc.dylib) + 1568  [0x181918738]
      !         : | + 4 hashbrown::map::HashMap$LT$K$C$V$C$S$C$A$GT$::insert::h0d56fcdb6de36ae8  (in rawk-before-core-2026-09-20) + 392  [0x10064ece4]
      !         : | + 4 rawk::types::EvalContext::set_var::h469b9e00bead32f6  (in rawk-before-core-2026-09-20) + 652  [0x100638258]
      !         : | +   4 _RNvCsGIExRX8pES_7___rustc35___rust_no_alloc_shim_is_unstable_v2  (in rawk-before-core-2026-09-20) + 0  [0x100666de4]
      !         : | 381 rawk::runner::read_main::hae7ba469f196c48a  (in rawk-before-core-2026-09-20) + 868  [0x10060f55c]
      !         : | + 140 rawk::input::RecordReader::next::hce2a56d6d53ba82e  (in rawk-before-core-2026-09-20) + 2644  [0x10064da50]
      !         : | + ! 69 _xzm_xzone_malloc_tiny  (in libsystem_malloc.dylib) + 420,312,...  [0x18191d0e0,0x18191d074,...]
      !         : | + ! 20 _xzm_xzone_malloc  (in libsystem_malloc.dylib) + 8,336,...  [0x181917958,0x181917aa0,...]
      !         : | + ! 17 _malloc_zone_malloc  (in libsystem_malloc.dylib) + 80,12,...  [0x18192710c,0x1819270c8,...]
      !         : | + ! 16 <deduplicated_symbol>  (in libsystem_malloc.dylib) + 112,212,...  [0x1819171cc,0x181917230,...]
      !         : | + ! 12 _RNvCsGIExRX8pES_7___rustc11___rdl_alloc  (in rawk-before-core-2026-09-20) + 0  [0x10076e248]
      !         : | + ! 4 DYLD-STUB$$malloc  (in rawk-before-core-2026-09-20) + 4  [0x1007af410]
      !         : | + ! 1 malloc  (in libsystem_malloc.dylib) + 0  [0x1818edce8]
      !         : | + ! 1 xzm_malloc_zone_malloc_type_malloc  (in libsystem_malloc.dylib) + 0  [0x181923184]
      !         : | + 112 rawk::input::RecordReader::next::hce2a56d6d53ba82e  (in rawk-before-core-2026-09-20) + 1984  [0x10064d7bc]
      !         : | + ! 39 _xzm_xzone_malloc_tiny  (in libsystem_malloc.dylib) + 256,824,...  [0x18191d03c,0x18191d274,...]
      !         : | + ! 19 _malloc_zone_malloc  (in libsystem_malloc.dylib) + 120,56,...  [0x181927134,0x1819270f4,...]
      !         : | + ! 17 <deduplicated_symbol>  (in libsystem_malloc.dylib) + 112,212,...  [0x1819171cc,0x181917230,...]
      !         : | + ! 17 _xzm_xzone_malloc  (in libsystem_malloc.dylib) + 192,336,...  [0x181917a10,0x181917aa0,...]
      !         : | + ! 16 _RNvCsGIExRX8pES_7___rustc11___rdl_alloc  (in rawk-before-core-2026-09-20) + 0,12  [0x10076e248,0x10076e254]
      !         : | + ! 2 DYLD-STUB$$malloc  (in rawk-before-core-2026-09-20) + 4  [0x1007af410]
      !         : | + ! 2 malloc  (in libsystem_malloc.dylib) + 0  [0x1818edce8]
      !         : | + 76 rawk::input::RecordReader::next::hce2a56d6d53ba82e  (in rawk-before-core-2026-09-20) + 1108,1096,...  [0x10064d450,0x10064d444,...]
      !         : | + 27 rawk::input::RecordReader::next::hce2a56d6d53ba82e  (in rawk-before-core-2026-09-20) + 2004  [0x10064d7d0]
      !         : | + ! 24 _platform_memmove  (in libsystem_platform.dylib) + 452,12,...  [0x181b05524,0x181b0536c,...]
      !         : | + ! 3 DYLD-STUB$$memcpy  (in rawk-before-core-2026-09-20) + 4  [0x1007af434]
      !         : | + 11 rawk::input::RecordReader::next::hce2a56d6d53ba82e  (in rawk-before-core-2026-09-20) + 1572  [0x10064d620]
      !         : | + ! 10 rawk::input::RecordReader::fill::h2afa3dd059842968  (in rawk-before-core-2026-09-20) + 132  [0x10064cf44]
      !         : | + ! : 10 _RNvXs3_NtNtCsaLOjE9VYtxK_3std2io5stdioNtB5_5StdinNtB7_4Read4read  (in rawk-before-core-2026-09-20) + 88  [0x100785744]
      !         : | + ! :   10 _RNvXs3_NtNtNtCsaLOjE9VYtxK_3std2io8buffered9bufreaderINtB5_9BufReaderNtNtB9_5stdio8StdinRawENtB9_4Read4readBb_  (in rawk-before-core-2026-09-20) + 140  [0x100785a90]
      !         : | + ! :     10 read  (in libsystem_kernel.dylib) + 8  [0x181ab891c]
      !         : | + ! 1 rawk::input::RecordReader::fill::h2afa3dd059842968  (in rawk-before-core-2026-09-20) + 204  [0x10064cf8c]
      !         : | + !   1 _platform_memmove  (in libsystem_platform.dylib) + 180  [0x181b05414]
      !         : | + 10 rawk::input::RecordReader::next::hce2a56d6d53ba82e  (in rawk-before-core-2026-09-20) + 2668  [0x10064da68]
      !         : | + ! 7 _platform_memmove  (in libsystem_platform.dylib) + 0,436,...  [0x181b05360,0x181b05514,...]
      !         : | + ! 3 DYLD-STUB$$memcpy  (in rawk-before-core-2026-09-20) + 4  [0x1007af434]
      !         : | + 3 rawk::input::RecordReader::next::hce2a56d6d53ba82e  (in rawk-before-core-2026-09-20) + 1972  [0x10064d7b0]
      !         : | + ! 3 _RNvCsGIExRX8pES_7___rustc35___rust_no_alloc_shim_is_unstable_v2  (in rawk-before-core-2026-09-20) + 0  [0x100666de4]
      !         : | + 2 rawk::input::RecordReader::next::hce2a56d6d53ba82e  (in rawk-before-core-2026-09-20) + 2628  [0x10064da40]
      !         : | +   2 _RNvCsGIExRX8pES_7___rustc35___rust_no_alloc_shim_is_unstable_v2  (in rawk-before-core-2026-09-20) + 0  [0x100666de4]
      !         : | 170 rawk::runner::read_main::hae7ba469f196c48a  (in rawk-before-core-2026-09-20) + 112  [0x10060f268]
      !         : | + 104 rawk::types::EvalContext::get_var::hd08700b019db6de9  (in rawk-before-core-2026-09-20) + 1356  [0x100637f40]
      !         : | + ! 54 _xzm_xzone_malloc_tiny  (in libsystem_malloc.dylib) + 672,168,...  [0x18191d1dc,0x18191cfe4,...]
      !         : | + ! 15 _malloc_zone_malloc  (in libsystem_malloc.dylib) + 12,80,...  [0x1819270c8,0x18192710c,...]
      !         : | + ! 13 _xzm_xzone_malloc  (in libsystem_malloc.dylib) + 324,8,...  [0x181917a94,0x181917958,...]
      !         : | + ! 12 <deduplicated_symbol>  (in libsystem_malloc.dylib) + 112,160,...  [0x1819171cc,0x1819171fc,...]
      !         : | + ! 5 DYLD-STUB$$malloc  (in rawk-before-core-2026-09-20) + 4,0  [0x1007af410,0x1007af40c]
      !         : | + ! 5 _RNvCsGIExRX8pES_7___rustc11___rdl_alloc  (in rawk-before-core-2026-09-20) + 0  [0x10076e248]
      !         : | + 23 rawk::types::EvalContext::get_var::hd08700b019db6de9  (in rawk-before-core-2026-09-20) + 16,20,...  [0x100637a04,0x100637a08,...]
      !         : | + 15 rawk::types::EvalContext::get_var::hd08700b019db6de9  (in rawk-before-core-2026-09-20) + 776  [0x100637cfc]
      !         : | + ! 8 core::hash::BuildHasher::hash_one::h773ecb9f6643a431  (in rawk-before-core-2026-09-20) + 104,268,...  [0x10063afa8,0x10063b04c,...]
      !         : | + ! 5 core::hash::BuildHasher::hash_one::h773ecb9f6643a431  (in rawk-before-core-2026-09-20) + 72  [0x10063af88]
      !         : | + ! : 5 _$LT$core..hash..sip..Hasher$LT$S$GT$$u20$as$u20$core..hash..Hasher$GT$::write::hb89c965e3d55cf6c  (in rawk-before-core-2026-09-20) + 400,0,...  [0x10063d1b0,0x10063d020,...]
      !         : | + ! 2 core::hash::BuildHasher::hash_one::h773ecb9f6643a431  (in rawk-before-core-2026-09-20) + 96  [0x10063afa0]
      !         : | + !   2 _$LT$core..hash..sip..Hasher$LT$S$GT$$u20$as$u20$core..hash..Hasher$GT$::write::hb89c965e3d55cf6c  (in rawk-before-core-2026-09-20) + 124,216  [0x10063d09c,0x10063d0f8]
      !         : | + 15 rawk::types::EvalContext::get_var::hd08700b019db6de9  (in rawk-before-core-2026-09-20) + 876  [0x100637d60]
      !         : | + ! 8 _platform_memcmp  (in libsystem_platform.dylib) + 272,168,...  [0x181b03020,0x181b02fb8,...]
      !         : | + ! 7 DYLD-STUB$$memcmp  (in rawk-before-core-2026-09-20) + 4  [0x1007af428]
      !         : | + 13 rawk::types::EvalContext::get_var::hd08700b019db6de9  (in rawk-before-core-2026-09-20) + 1376  [0x100637f54]
      !         : | +   10 _platform_memmove  (in libsystem_platform.dylib) + 12,460,...  [0x181b0536c,0x181b0552c,...]
      !         : | +   3 DYLD-STUB$$memcpy  (in rawk-before-core-2026-09-20) + 0,4,...  [0x1007af430,0x1007af434,...]
      !         : | 147 rawk::runner::read_main::hae7ba469f196c48a  (in rawk-before-core-2026-09-20) + 132  [0x10060f27c]
      !         : | + 117 rawk::types::AwkValue::as_string_convfmt::h865b85d77f411c9e  (in rawk-before-core-2026-09-20) + 472  [0x100639658]
      !         : | + ! 52 _xzm_xzone_malloc_tiny  (in libsystem_malloc.dylib) + 284,824,...  [0x18191d058,0x18191d274,...]
      !         : | + ! 26 _malloc_zone_malloc  (in libsystem_malloc.dylib) + 80,12,...  [0x18192710c,0x1819270c8,...]
      !         : | + ! 16 <deduplicated_symbol>  (in libsystem_malloc.dylib) + 112,280,...  [0x1819171cc,0x181917274,...]
      !         : | + ! 10 _xzm_xzone_malloc  (in libsystem_malloc.dylib) + 8,24,...  [0x181917958,0x181917968,...]
      !         : | + ! 9 _RNvCsGIExRX8pES_7___rustc11___rdl_alloc  (in rawk-before-core-2026-09-20) + 0  [0x10076e248]
      !         : | + ! 3 DYLD-STUB$$malloc  (in rawk-before-core-2026-09-20) + 4  [0x1007af410]
      !         : | + ! 1 xzm_malloc_zone_malloc_type_malloc  (in libsystem_malloc.dylib) + 0  [0x181923184]
      !         : | + 16 rawk::types::AwkValue::as_string_convfmt::h865b85d77f411c9e  (in rawk-before-core-2026-09-20) + 92,40,...  [0x1006394dc,0x1006394a8,...]
      !         : | + 11 rawk::types::AwkValue::as_string_convfmt::h865b85d77f411c9e  (in rawk-before-core-2026-09-20) + 492  [0x10063966c]
      !         : | + ! 8 _platform_memmove  (in libsystem_platform.dylib) + 12,460,...  [0x181b0536c,0x181b0552c,...]
      !         : | + ! 3 DYLD-STUB$$memcpy  (in rawk-before-core-2026-09-20) + 4  [0x1007af434]
      !         : | + 3 rawk::types::AwkValue::as_string_convfmt::h865b85d77f411c9e  (in rawk-before-core-2026-09-20) + 456  [0x100639648]
      !         : | +   3 _RNvCsGIExRX8pES_7___rustc35___rust_no_alloc_shim_is_unstable_v2  (in rawk-before-core-2026-09-20) + 0  [0x100666de4]
      !         : | 143 rawk::runner::read_main::hae7ba469f196c48a  (in rawk-before-core-2026-09-20) + 792  [0x10060f510]
      !         : | + 118 _xzm_free  (in libsystem_malloc.dylib) + 656,28,...  [0x1819183a8,0x181918134,...]
      !         : | + 22 _free  (in libsystem_malloc.dylib) + 36,44,...  [0x181927cf4,0x181927cfc,...]
      !         : | + 2 DYLD-STUB$$free  (in rawk-before-core-2026-09-20) + 4  [0x1007af314]
      !         : | + 1 xzm_malloc_zone_try_free_default  (in libsystem_malloc.dylib) + 0  [0x181923170]
      !         : | 80 rawk::runner::read_main::hae7ba469f196c48a  (in rawk-before-core-2026-09-20) + 2296  [0x10060faf0]
      !         : | + 57 _xzm_free  (in libsystem_malloc.dylib) + 28,0,...  [0x181918134,0x181918118,...]
      !         : | + 14 _free  (in libsystem_malloc.dylib) + 0,44,...  [0x181927cd0,0x181927cfc,...]
      !         : | + 9 DYLD-STUB$$free  (in rawk-before-core-2026-09-20) + 4,0  [0x1007af314,0x1007af310]
      !         : | 32 rawk::runner::read_main::hae7ba469f196c48a  (in rawk-before-core-2026-09-20) + 2276,0,...  [0x10060fadc,0x10060f1f8,...]
      !         : | 10 _xzm_free  (in libsystem_malloc.dylib) + 1568  [0x181918738]
      !         : | 6 rawk::types::EvalContext::get_var::hd08700b019db6de9  (in rawk-before-core-2026-09-20) + 976,984  [0x100637dc4,0x100637dcc]
      !         : | 4 rawk::types::AwkValue::as_string_convfmt::h865b85d77f411c9e  (in rawk-before-core-2026-09-20) + 868  [0x1006397e4]
      !         : | 4 rawk::types::EvalContext::set_var::h469b9e00bead32f6  (in rawk-before-core-2026-09-20) + 1832  [0x1006386f4]
      !         : 76 rawk::runner::run::h68691f04efcb3426  (in rawk-before-core-2026-09-20) + 4232  [0x10060b660]
      !         : | 55 _xzm_free  (in libsystem_malloc.dylib) + 996,28,...  [0x1819184fc,0x181918134,...]
      !         : | 15 _free  (in libsystem_malloc.dylib) + 76,0,...  [0x181927d1c,0x181927cd0,...]
      !         : | 4 DYLD-STUB$$free  (in rawk-before-core-2026-09-20) + 4  [0x1007af314]
      !         : | 1 _RNvCsGIExRX8pES_7___rustc13___rdl_dealloc  (in rawk-before-core-2026-09-20) + 0  [0x10076e2b4]
      !         : | 1 xzm_malloc_zone_try_free_default  (in libsystem_malloc.dylib) + 0  [0x181923170]
      !         : 28 rawk::runner::run::h68691f04efcb3426  (in rawk-before-core-2026-09-20) + 4348,5552,...  [0x10060b6d4,0x10060bb88,...]
      !         : 6 rawk::runner::execute_action_inner::hb74abf24875beef1  (in rawk-before-core-2026-09-20) + 5876  [0x100609e68]
      !         : 6 rawk::types::EvalContext::update_record::h36418a4c5033e45c  (in rawk-before-core-2026-09-20) + 352,364  [0x100636780,0x10063678c]
      !         : 4 _xzm_free  (in libsystem_malloc.dylib) + 1568  [0x181918738]
      !         : 3 rawk::runner::read_main::hae7ba469f196c48a  (in rawk-before-core-2026-09-20) + 2316  [0x10060fb04]
      !         : 3 rawk::runner::run::h68691f04efcb3426  (in rawk-before-core-2026-09-20) + 4404  [0x10060b70c]
      !         :   3 _$LT$rawk..runner..FlowControl$u20$as$u20$core..cmp..PartialEq$GT$::eq::h023c12dca10d838c  (in rawk-before-core-2026-09-20) + 280,0  [0x100610c30,0x100610b18]
      !         1 rawk::main::haa01de2af175ed50  (in rawk-before-core-2026-09-20) + 228  [0x100663640]
      !           1 _$LT$rawk..cli..Config$u20$as$u20$clap_builder..derive..CommandFactory$GT$::command::h43e1fc5fb8387c4e  (in rawk-before-core-2026-09-20) + 2244  [0x100664ea4]
      !             1 _$LT$core..option..Option$LT$$RF$str$GT$$u20$as$u20$clap_builder..builder..resettable..IntoResettable$LT$clap_builder..builder..styled_str..StyledStr$GT$$GT$::into_resettable::h08f9213ff5624f4b  (in rawk-before-core-2026-09-20) + 0  [0x10074fa90]
      2 start  (in dyld) + 6904  [0x18173048c]
        2 dyld4::start(dyld4::KernelArgs*, void*, void*, unsigned long long)::$_1::operator()() const  (in dyld) + 320  [0x181730b30]
          2 dyld4::prepare(dyld4::APIs&, mach_o::UnsafeHeader const*)  (in dyld) + 4184  [0x181731ba4]
            1 dyld4::APIs::runAllInitializersForMain()  (in dyld) + 116  [0x181724880]
            : 1 dyld4::ExternallyViewableState::setLibSystemInitialized()  (in dyld) + 28  [0x18174b82c]
            :   1 dyld4::ExternallyViewableState::setDyldState(unsigned char)  (in dyld) + 156  [0x181749754]
            :     1 dyld4::ExternallyViewableState::generateAtlas(lsl::Allocator&)  (in dyld) + 104  [0x181749918]
            :       1 dyld4::ExternallyViewableState::generateCompactInfo(lsl::Allocator&, AAREncoder&)  (in dyld) + 652  [0x181749560]
            :         1 dyld4::Atlas::ProcessSnapshot::serialize()  (in dyld) + 56  [0x18177a4a0]
            :           1 dyld4::Atlas::ProcessSnapshot::Serializer::serialize()  (in dyld) + 1728  [0x18177ac58]
            :             1 <deduplicated_symbol>  (in dyld) + 56  [0x18175fd54]
            :               1 <deduplicated_symbol>  (in dyld) + 28  [0x18174f178]
            1 dyld4::Loader::runInitializersBottomUpPlusUpwardLinks(dyld4::RuntimeState&) const  (in dyld) + 716  [0x181759d98]
              1 dyld4::Loader::runInitializersBottomUpPlusUpwardLinks(dyld4::RuntimeState&) const::$_0::operator()() const  (in dyld) + 268  [0x18175eb58]
                1 dyld4::Loader::runInitializersBottomUp(dyld4::RuntimeState&, lsl::Vector<AuthenticatedValue<dyld4::Loader const*>>&, lsl::Vector<AuthenticatedValue<dyld4::Loader const*>>&) const  (in dyld) + 300  [0x1817599a4]
                  1 dyld4::Loader::runInitializersBottomUp(dyld4::RuntimeState&, lsl::Vector<AuthenticatedValue<dyld4::Loader const*>>&, lsl::Vector<AuthenticatedValue<dyld4::Loader const*>>&) const  (in dyld) + 300  [0x1817599a4]
                    1 dyld4::Loader::runInitializersBottomUp(dyld4::RuntimeState&, lsl::Vector<AuthenticatedValue<dyld4::Loader const*>>&, lsl::Vector<AuthenticatedValue<dyld4::Loader const*>>&) const  (in dyld) + 300  [0x1817599a4]
                      1 dyld4::Loader::runInitializersBottomUp(dyld4::RuntimeState&, lsl::Vector<AuthenticatedValue<dyld4::Loader const*>>&, lsl::Vector<AuthenticatedValue<dyld4::Loader const*>>&) const  (in dyld) + 300  [0x1817599a4]
                        1 dyld4::Loader::runInitializersBottomUp(dyld4::RuntimeState&, lsl::Vector<AuthenticatedValue<dyld4::Loader const*>>&, lsl::Vector<AuthenticatedValue<dyld4::Loader const*>>&) const  (in dyld) + 556  [0x181759aa4]
                          1 dyld4::RuntimeState::notifyObjCInit(dyld4::Loader const*)  (in dyld) + 456  [0x181742a78]
                            1 load_images  (in libobjc.A.dylib) + 972  [0x1816939cc]
                              1 _NSInitializePlatform  (in Foundation) + 424  [0x1833ac66c]
                                1 @objc static _NSSwiftProcessInfo.processInfo.getter  (in Foundation) + 80  [0x183aed3a0]
                                  1 _dispatch_once_callout  (in libdispatch.dylib) + 32  [0x181942630]
                                    1 _dispatch_client_callout  (in libdispatch.dylib) + 16  [0x1819594b0]
                                      1 one-time initialization function for _shared  (in Foundation) + 24  [0x183aed2e0]
                                        1 @objc _NSSwiftProcessInfo.init()  (in Foundation) + 24  [0x183aed4a4]
                                          1 _NSSwiftProcessInfo.init()  (in Foundation) + 220  [0x183aed488]
                                            1 _dispatch_once_callout  (in libdispatch.dylib) + 32  [0x181942630]
                                              1 _dispatch_client_callout  (in libdispatch.dylib) + 16  [0x1819594b0]
                                                1 one-time initialization function for processInfo  (in Foundation) + 104  [0x18398700c]
                                                  1 __swift_instantiateConcreteTypeFromMangledNameV2  (in Foundation) + 68  [0x1834d5464]
                                                    1 swift_getTypeByMangledNameInContextImpl(char const*, unsigned long, swift::TargetContextDescriptor<swift::InProcess> const*, void const* const*)  (in libswiftCore.dylib) + 188  [0x1952e68a4]
                                                      1 swift_getTypeByMangledName  (in libswiftCore.dylib) + 336  [0x1952e63bc]
                                                        1 swift_getTypeByMangledNameImpl(swift::MetadataRequest, __swift::__runtime::llvm::StringRef, void const* const*, std::function<void const* (unsigned int, unsigned int)>, std::function<swift::TargetWitnessTable<swift::InProcess> const* (swift::TargetMetadata<swift::InProcess> const*, unsigned int)>)  (in libswiftCore.dylib) + 1164  [0x1952ec758]
                                                          1 swift_getTypeByMangledNode  (in libswiftCore.dylib) + 336  [0x1952e8598]
                                                            1 swift_getTypeByMangledNodeImpl(swift::MetadataRequest, swift::Demangle::__runtime::Demangler&, swift::Demangle::__runtime::Node*, void const* const*, std::function<void const* (unsigned int, unsigned int)>, std::function<swift::TargetWitnessTable<swift::InProcess> const* (swift::TargetMetadata<swift::InProcess> const*, unsigned int)>)  (in libswiftCore.dylib) + 784  [0x1952ebd7c]
                                                              1 swift::Demangle::__runtime::TypeDecoder<(anonymous namespace)::DecodedMetadataBuilder>::decodeMangledType(swift::Demangle::__runtime::Node*, unsigned int, bool)  (in libswiftCore.dylib) + 912  [0x1952f1a1c]
                                                                1 swift::Demangle::__runtime::TypeDecoder<(anonymous namespace)::DecodedMetadataBuilder>::decodeGenericArgs(swift::Demangle::__runtime::Node*, unsigned int, __swift::__runtime::llvm::SmallVectorImpl<swift::MetadataPackOrValue>&)  (in libswiftCore.dylib) + 360  [0x1952f6ee0]
                                                                  1 swift::Demangle::__runtime::TypeDecoder<(anonymous namespace)::DecodedMetadataBuilder>::decodeMangledType(swift::Demangle::__runtime::Node*, unsigned int, bool)  (in libswiftCore.dylib) + 9536  [0x1952f3bcc]
                                                                    1 (anonymous namespace)::DecodedMetadataBuilder::createBoundGenericType(swift::TargetContextDescriptor<swift::InProcess> const*, __swift::__runtime::llvm::ArrayRef<swift::MetadataPackOrValue>, swift::MetadataPackOrValue) const  (in libswiftCore.dylib) + 764  [0x1952f72e0]
                                                                      1 __swift_instantiateCanonicalPrespecializedGenericMetadata  (in libswiftCore.dylib) + 40  [0x1956e4c84]
                                                                        1 swift_getCanonicalPrespecializedGenericMetadata  (in libswiftCore.dylib) + 200  [0x1952c3cdc]
                                                                          1 _dispatch_once_callout  (in libdispatch.dylib) + 32  [0x181942630]
                                                                            1 _dispatch_client_callout  (in libdispatch.dylib) + 16  [0x1819594b0]
                                                                              1 cacheCanonicalSpecializedMetadata(swift::TargetTypeContextDescriptor<swift::InProcess> const*, long*)::$_0::__invoke(void*)  (in libswiftCore.dylib) + 560  [0x1952d2698]
                                                                                1 <deduplicated_symbol>  (in libswiftCore.dylib) + 72  [0x1952c3a38]
                                                                                  1 <deduplicated_symbol>  (in libswiftCore.dylib) + 280  [0x1952d334c]
                                                                                    1 <deduplicated_symbol>  (in libswiftCore.dylib) + 524  [0x1952d3a6c]
                                                                                      1 <deduplicated_symbol>  (in libswiftCore.dylib) + 136  [0x1952d3b98]

Total number in stack (recursive counted multiple, when >=5):
        24       _xzm_free  (in libsystem_malloc.dylib) + 0  [0x181918118]
        17       <deduplicated_symbol>  (in libsystem_malloc.dylib) + 0  [0x18191715c]
        17       _RNvCsGIExRX8pES_7___rustc11___rdl_alloc  (in rawk-before-core-2026-09-20) + 0  [0x10076e248]
        17       _malloc_zone_malloc  (in libsystem_malloc.dylib) + 0  [0x1819270bc]
        17       _xzm_xzone_malloc  (in libsystem_malloc.dylib) + 0  [0x181917950]
        17       _xzm_xzone_malloc_tiny  (in libsystem_malloc.dylib) + 0  [0x18191cf3c]
        16       DYLD-STUB$$malloc  (in rawk-before-core-2026-09-20) + 0  [0x1007af40c]
        16       _RNvCsGIExRX8pES_7___rustc35___rust_no_alloc_shim_is_unstable_v2  (in rawk-before-core-2026-09-20) + 0  [0x100666de4]
        16       _free  (in libsystem_malloc.dylib) + 0  [0x181927cd0]
        16       _platform_memmove  (in libsystem_platform.dylib) + 0  [0x181b05360]
        15       DYLD-STUB$$free  (in rawk-before-core-2026-09-20) + 0  [0x1007af310]
        15       DYLD-STUB$$memcpy  (in rawk-before-core-2026-09-20) + 0  [0x1007af430]
        12       _$LT$core..hash..sip..Hasher$LT$S$GT$$u20$as$u20$core..hash..Hasher$GT$::write::hb89c965e3d55cf6c  (in rawk-before-core-2026-09-20) + 0  [0x10063d020]
        8       xzm_malloc_zone_try_free_default  (in libsystem_malloc.dylib) + 0  [0x181923170]
        6       rawk::types::EvalContext::get_var::hd08700b019db6de9  (in rawk-before-core-2026-09-20) + 0  [0x1006379f4]
        6       xzm_malloc_zone_malloc_type_malloc  (in libsystem_malloc.dylib) + 0  [0x181923184]
        5       _platform_memcmp  (in libsystem_platform.dylib) + 0  [0x181b02f10]

Sort by top of stack, same collapsed (when >= 5):
        _xzm_free  (in libsystem_malloc.dylib)        1378
        _xzm_xzone_malloc_tiny  (in libsystem_malloc.dylib)        904
        _malloc_zone_malloc  (in libsystem_malloc.dylib)        338
        _free  (in libsystem_malloc.dylib)        316
        <deduplicated_symbol>  (in libsystem_malloc.dylib)        305
        _xzm_xzone_malloc  (in libsystem_malloc.dylib)        281
        mach_absolute_time  (in libsystem_kernel.dylib)        266
        _dyld_start  (in dyld)        239
        _platform_memmove  (in libsystem_platform.dylib)        176
        _$LT$core..hash..sip..Hasher$LT$S$GT$$u20$as$u20$core..hash..Hasher$GT$::write::hb89c965e3d55cf6c  (in rawk-before-core-2026-09-20)        171
        _RNvCsGIExRX8pES_7___rustc11___rdl_alloc  (in rawk-before-core-2026-09-20)        143
        rawk::types::EvalContext::get_var::hd08700b019db6de9  (in rawk-before-core-2026-09-20)        141
        DYLD-STUB$$free  (in rawk-before-core-2026-09-20)        116
        core::hash::BuildHasher::hash_one::he6b98ff62744bcb3  (in rawk-before-core-2026-09-20)        108
        _platform_memcmp  (in libsystem_platform.dylib)        93
        rawk::runner::eval_expr::h6b2b90049722c17d  (in rawk-before-core-2026-09-20)        91
        _RNvXs2_NtNtCs6sq8b9ugfBC_4core3num11float_parsedNtNtNtB9_3str6traits7FromStr8from_str  (in rawk-before-core-2026-09-20)        90
        _$LT$alloc..vec..Vec$LT$T$GT$$u20$as$u20$alloc..vec..spec_from_iter_nested..SpecFromIterNested$LT$T$C$I$GT$$GT$::from_iter::h9093dd907e3ee9c4  (in rawk-before-core-2026-09-20)        78
        rawk::input::RecordReader::next::hce2a56d6d53ba82e  (in rawk-before-core-2026-09-20)        76
        rawk::types::EvalContext::update_record::h36418a4c5033e45c  (in rawk-before-core-2026-09-20)        75
        core::hash::BuildHasher::hash_one::h773ecb9f6643a431  (in rawk-before-core-2026-09-20)        65
        _RNvCsGIExRX8pES_7___rustc35___rust_no_alloc_shim_is_unstable_v2  (in rawk-before-core-2026-09-20)        61
        rawk::types::parse_number::h5536bd0a1d12aed5  (in rawk-before-core-2026-09-20)        60
        _RNvNtNtCs6sq8b9ugfBC_4core3str8converts9from_utf8  (in rawk-before-core-2026-09-20)        58
        DYLD-STUB$$malloc  (in rawk-before-core-2026-09-20)        56
        rawk::types::EvalContext::set_var::h469b9e00bead32f6  (in rawk-before-core-2026-09-20)        52
        DYLD-STUB$$memcpy  (in rawk-before-core-2026-09-20)        49
        mach_msg2_trap  (in dyld)        47
        _RNvNtNtNtNtCs6sq8b9ugfBC_4core3num3imp7dec2flt5parse12parse_number  (in rawk-before-core-2026-09-20)        43
        rawk::types::AwkValue::as_string_convfmt::h865b85d77f411c9e  (in rawk-before-core-2026-09-20)        42
        hashbrown::map::HashMap$LT$K$C$V$C$S$C$A$GT$::insert::h0d56fcdb6de36ae8  (in rawk-before-core-2026-09-20)        41
        rawk::types::AwkValue::as_number::hb66799bac4d35e0b  (in rawk-before-core-2026-09-20)        39
        rawk::runner::target::hc5313f666bfb6aad  (in rawk-before-core-2026-09-20)        38
        __bzero  (in libsystem_platform.dylib)        37
        rawk::runner::read_main::hae7ba469f196c48a  (in rawk-before-core-2026-09-20)        35
        _$LT$alloc..vec..into_iter..IntoIter$LT$T$C$A$GT$$u20$as$u20$core..iter..traits..iterator..Iterator$GT$::fold::h9525739845d91069  (in rawk-before-core-2026-09-20)        34
        rawk::runner::execute_action_inner::hb74abf24875beef1  (in rawk-before-core-2026-09-20)        31
        rawk::runner::Target::set::h6eef221ef8ea6f10  (in rawk-before-core-2026-09-20)        29
        rawk::types::EvalContext::get_field::h548637f6d685f622  (in rawk-before-core-2026-09-20)        29
        rawk::runner::run::h68691f04efcb3426  (in rawk-before-core-2026-09-20)        28
        rawk::types::EvalContext::array::he08681fe5509801c  (in rawk-before-core-2026-09-20)        21
        rawk::types::EvalContext::array_name::hfa92f30c9a46746b  (in rawk-before-core-2026-09-20)        20
        _$LT$alloc..vec..Vec$LT$T$GT$$u20$as$u20$alloc..vec..spec_from_iter_nested..SpecFromIterNested$LT$T$C$I$GT$$GT$::from_iter::hbcfa3a71271c5070  (in rawk-before-core-2026-09-20)        18
        _$LT$rawk..types..AwkValue$u20$as$u20$core..clone..Clone$GT$::clone::h0cadd9679462d5ec  (in rawk-before-core-2026-09-20)        16
        DYLD-STUB$$_platform_bzero  (in libsystem_malloc.dylib)        13
        _RNvXs4_NtCs8dnTdrJsiec_5alloc6stringNtB5_6StringNtNtCs6sq8b9ugfBC_4core5clone5Clone5clone  (in rawk-before-core-2026-09-20)        13
        DYLD-STUB$$memcmp  (in rawk-before-core-2026-09-20)        12
        core::ptr::drop_in_place$LT$rawk..types..AwkValue$GT$::h9b5fea5b20359f3c  (in rawk-before-core-2026-09-20)        11
        rawk::ere::split::h5c82b74acdc2f61a  (in rawk-before-core-2026-09-20)        11
        DYLD-STUB$$mach_absolute_time  (in libsystem_malloc.dylib)        10
        read  (in libsystem_kernel.dylib)        10
        xzm_malloc_zone_try_free_default  (in libsystem_malloc.dylib)        10
        _RNvCsGIExRX8pES_7___rustc14___rust_dealloc  (in rawk-before-core-2026-09-20)        9
        core::ptr::drop_in_place$LT$rawk..runner..Target$GT$::hc6e572787d827f40  (in rawk-before-core-2026-09-20)        9
        _platform_memset  (in libsystem_platform.dylib)        6
        malloc  (in libsystem_malloc.dylib)        6
        xzm_malloc_zone_malloc_type_malloc  (in libsystem_malloc.dylib)        6
        _RNvCsGIExRX8pES_7___rustc13___rdl_dealloc  (in rawk-before-core-2026-09-20)        5

Binary images description not available

