Analysis of sampling rawk (pid 49521) every 1 millisecond
Process:         rawk [49521]
Path:            /Volumes/VOLUME/*/rawk
Load Address:    0x102808000
Identifier:      rawk
Version:         ???
Code Type:       ARM64
Parent Process:  Python [49519]
Target Type:     live task

Date/Time:       2026-09-20 19:57:47.355 +0200
Launch Time:     2026-09-20 19:57:47.303 +0200
OS Version:      macOS 26.6.2 (25G83)
Report Version:  7
Analysis Tool:   /usr/bin/sample

Physical footprint:         1872K
Physical footprint (peak):  1872K
Idle exit:                  untracked
----

Call graph:
    369 Thread_10632905: Main Thread
    + 333 _dyld_start  (in dyld) + 0  [0x102c009c0]
    + 35 start  (in dyld) + 6904  [0x18173048c]
    + ! 34 dyld4::start(dyld4::KernelArgs*, void*, void*, unsigned long long)::$_1::operator()() const  (in dyld) + 320  [0x181730b30]
    + ! : 33 dyld4::prepare(dyld4::APIs&, mach_o::UnsafeHeader const*)  (in dyld) + 3996  [0x181731ae8]
    + ! : | 33 dyld4::RuntimeState::notifyDebuggerLoad(std::span<dyld4::Loader const*, 18446744073709551615ul> const&)  (in dyld) + 528  [0x181740c8c]
    + ! : |   33 dyld4::ExternallyViewableState::addImages(lsl::Allocator&, lsl::Allocator&, std::span<dyld4::ExternallyViewableState::ImageInfo, 18446744073709551615ul> const&)  (in dyld) + 1084  [0x18174bc80]
    + ! : |     32 dyld4::ExternallyViewableState::triggerNotifications(dyld_image_mode, unsigned int, dyld_image_info const*)  (in dyld) + 296  [0x18174b524]
    + ! : |     + 32 dyld4::RemoteNotificationResponder::blockOnSynchronousEvent(unsigned int)  (in dyld) + 48  [0x181791c90]
    + ! : |     +   32 dyld4::RemoteNotificationResponder::sendMessage(int, unsigned int, mach_msg_header_t*)  (in dyld) + 244  [0x181791904]
    + ! : |     +     32 mach_msg_overwrite  (in dyld) + 244  [0x1817ab18c]
    + ! : |     +       32 mach_msg2_internal  (in dyld) + 76  [0x1817aafe4]
    + ! : |     +         32 mach_msg2_trap  (in dyld) + 8  [0x18171172c]
    + ! : |     1 dyld4::ExternallyViewableState::triggerNotifications(dyld_image_mode, unsigned int, dyld_image_info const*)  (in dyld) + 844  [0x18174b748]
    + ! : |       1 dyld4::RemoteNotificationResponder::notifyMonitorOfImageListChanges(bool, unsigned int, mach_header const**, char const**, unsigned long long)  (in dyld) + 184  [0x181791a78]
    + ! : |         1 dyld4::RemoteNotificationResponder::notifyMonitorOfImageListChanges(bool, unsigned int, mach_header const**, char const**, unsigned long long)  (in dyld) + 484  [0x181791ba4]
    + ! : |           1 dyld4::RemoteNotificationResponder::sendMessage(int, unsigned int, mach_msg_header_t*)  (in dyld) + 244  [0x181791904]
    + ! : |             1 mach_msg_overwrite  (in dyld) + 244  [0x1817ab18c]
    + ! : |               1 mach_msg2_internal  (in dyld) + 76  [0x1817aafe4]
    + ! : |                 1 mach_msg2_trap  (in dyld) + 8  [0x18171172c]
    + ! : 1 dyld4::prepare(dyld4::APIs&, mach_o::UnsafeHeader const*)  (in dyld) + 2116  [0x181731390]
    + ! :   1 dyld4::JustInTimeLoader::applyFixups(Diagnostics&, dyld4::RuntimeState&, dyld4::DyldCacheDataConstLazyScopedWriter&, bool, lsl::Vector<std::pair<dyld4::Loader const*, char const*>>*) const  (in dyld) + 676  [0x181751564]
    + ! :     1 dyld4::Loader::applyFixupsGeneric(Diagnostics&, dyld4::RuntimeState&, unsigned long long, dyld3::Array<void const*> const&, dyld3::Array<void const*> const&, bool, dyld3::Array<dyld4::Loader::MissingFlatLazySymbol> const&) const  (in dyld) + 472  [0x18175854c]
    + ! :       1 dyld3::MachOAnalyzer::forEachRebaseLocation_Opcodes(Diagnostics&, void (unsigned long long, bool&) block_pointer) const  (in dyld) + 440  [0x18176d4d8]
    + ! :         1 dyld3::MachOAnalyzer::forEachRebase_Opcodes(Diagnostics&, dyld3::MachOLoaded::LinkEditInfo const&, mach_o::UnsafeHeader::SegmentInfo const*, void (char const*, dyld3::MachOLoaded::LinkEditInfo const&, mach_o::UnsafeHeader::SegmentInfo const*, bool, unsigned int, unsigned char, unsigned long long, dyld3::MachOAnalyzer::Rebase, bool&) block_pointer) const  (in dyld) + 984  [0x18176d8ec]
    + ! :           1 invocation function for block in dyld4::Loader::applyFixupsGeneric(Diagnostics&, dyld4::RuntimeState&, unsigned long long, dyld3::Array<void const*> const&, dyld3::Array<void const*> const&, bool, dyld3::Array<dyld4::Loader::MissingFlatLazySymbol> const&) const  (in dyld) + 28  [0x181758b88]
    + ! 1 dyld4::start(dyld4::KernelArgs*, void*, void*, unsigned long long)::$_1::operator()() const  (in dyld) + 80  [0x181730a40]
    + !   1 dyld4::ProcessConfig::ProcessConfig(dyld4::KernelArgs const*, dyld4::SyscallDelegate&, lsl::Allocator&)  (in dyld) + 128  [0x1817331b4]
    + !     1 dyld4::ProcessConfig::DyldCache::DyldCache(dyld4::ProcessConfig::Process&, dyld4::ProcessConfig::Security const&, dyld4::ProcessConfig::Logging const&, dyld4::SyscallDelegate&, lsl::Allocator&, dyld4::ProcessConfig const&)  (in dyld) + 132  [0x181735e28]
    + !       1 dyld4::CacheFinder::CacheFinder(dyld4::ProcessConfig::Process const&, dyld4::ProcessConfig::Logging const&, dyld4::SyscallDelegate&)  (in dyld) + 200  [0x181735a34]
    + !         1 ignite  (in dyld) + 704  [0x181797b6c]
    + !           1 boot_boot  (in dyld) + 64  [0x181798258]
    + !             1 open  (in dyld) + 40  [0x181712664]
    + !               1 __open  (in dyld) + 8  [0x181715f70]
    + 1 start  (in dyld) + 6008  [0x102c1c10c]
    +   1 dyld4::ExternallyViewableState::createMinimalInfo(lsl::Allocator&, unsigned long long, char const*, unsigned long long, char const*, DyldSharedCache const*)  (in dyld) + 2116  [0x102c36c54]
    +     1 dyld4::ExternallyViewableState::triggerNotifications(dyld_image_mode, unsigned int, dyld_image_info const*)  (in dyld) + 296  [0x102c37524]
    +       1 dyld4::RemoteNotificationResponder::blockOnSynchronousEvent(unsigned int)  (in dyld) + 48  [0x102c7dc90]
    +         1 dyld4::RemoteNotificationResponder::sendMessage(int, unsigned int, mach_msg_header_t*)  (in dyld) + 244  [0x102c7d904]
    +           1 mach_msg_overwrite  (in dyld) + 244  [0x102c9718c]
    +             1 mach_msg2_internal  (in dyld) + 76  [0x102c96fe4]
    +               1 mach_msg2_trap  (in dyld) + 8  [0x102bfd72c]
    5510 Thread_10632905   DispatchQueue_1: com.apple.main-thread  (serial)
      5508 start  (in dyld) + 6992  [0x1817304e4]
      ! 5508 main  (in rawk) + 52  [0x1028ab21c]
      !   5508 _RNvNtCsaLOjE9VYtxK_3std2rt19lang_start_internal  (in rawk) + 952  [0x1029c20b8]
      !     5508 std::rt::lang_start::_$u7b$$u7b$closure$u7d$$u7d$::h2a395ae6c7694ba8  (in rawk) + 16  [0x10289bedc]
      !       5508 std::sys::backtrace::__rust_begin_short_backtrace::h8c3b3315b591e747  (in rawk) + 12  [0x10288cc60]
      !         5508 rawk::main::haa01de2af175ed50  (in rawk) + 3120  [0x1028a85e0]
      !           2335 rawk::runner::run::h68691f04efcb3426  (in rawk) + 4376  [0x10284f6f0]
      !           : 2256 rawk::runner::execute_action_inner::hb74abf24875beef1  (in rawk) + 1216  [0x10284cc34]
      !           : | 979 rawk::runner::eval_expr::h6b2b90049722c17d  (in rawk) + 6316  [0x1028523a8]
      !           : | + 504 rawk::runner::Target::set::h6eef221ef8ea6f10  (in rawk) + 428  [0x102850700]
      !           : | + ! 308 rawk::types::EvalContext::set_var::h469b9e00bead32f6  (in rawk) + 724  [0x10287767c]
      !           : | + ! : 105 _xzm_free  (in libsystem_malloc.dylib) + 0,996,...  [0x181918118,0x1819184fc,...]
      !           : | + ! : 105 hashbrown::map::HashMap$LT$K$C$V$C$S$C$A$GT$::insert::h0d56fcdb6de36ae8  (in rawk) + 60  [0x102892fec]
      !           : | + ! : | 58 core::hash::BuildHasher::hash_one::he6b98ff62744bcb3  (in rawk) + 288,220,...  [0x10287f710,0x10287f6cc,...]
      !           : | + ! : | 24 core::hash::BuildHasher::hash_one::he6b98ff62744bcb3  (in rawk) + 104  [0x10287f658]
      !           : | + ! : | + 24 _$LT$core..hash..sip..Hasher$LT$S$GT$$u20$as$u20$core..hash..Hasher$GT$::write::hb89c965e3d55cf6c  (in rawk) + 204,220,...  [0x102881540,0x102881550,...]
      !           : | + ! : | 23 core::hash::BuildHasher::hash_one::he6b98ff62744bcb3  (in rawk) + 80  [0x10287f640]
      !           : | + ! : |   23 _$LT$core..hash..sip..Hasher$LT$S$GT$$u20$as$u20$core..hash..Hasher$GT$::write::hb89c965e3d55cf6c  (in rawk) + 0,92,...  [0x102881474,0x1028814d0,...]
      !           : | + ! : 31 hashbrown::map::HashMap$LT$K$C$V$C$S$C$A$GT$::insert::h0d56fcdb6de36ae8  (in rawk) + 60,192,...  [0x102892fec,0x102893070,...]
      !           : | + ! : 27 _free  (in libsystem_malloc.dylib) + 44,0,...  [0x181927cfc,0x181927cd0,...]
      !           : | + ! : 17 hashbrown::map::HashMap$LT$K$C$V$C$S$C$A$GT$::insert::h0d56fcdb6de36ae8  (in rawk) + 192  [0x102893070]
      !           : | + ! : | 16 _platform_memcmp  (in libsystem_platform.dylib) + 272,0,...  [0x181b03020,0x181b02f10,...]
      !           : | + ! : | 1 DYLD-STUB$$memcmp  (in rawk) + 4  [0x1029f387c]
      !           : | + ! : 9 DYLD-STUB$$free  (in rawk) + 4,0  [0x1029f3768,0x1029f3764]
      !           : | + ! : 9 _RNvCsGIExRX8pES_7___rustc14___rust_dealloc  (in rawk) + 0  [0x1028ab22c]
      !           : | + ! : 4 xzm_malloc_zone_try_free_default  (in libsystem_malloc.dylib) + 0  [0x181923170]
      !           : | + ! : 1 _RNvCsGIExRX8pES_7___rustc13___rdl_dealloc  (in rawk) + 0  [0x1029b2708]
      !           : | + ! 145 rawk::types::EvalContext::set_var::h469b9e00bead32f6  (in rawk) + 668  [0x102877644]
      !           : | + ! : 70 _xzm_xzone_malloc_tiny  (in libsystem_malloc.dylib) + 256,420,...  [0x18191d03c,0x18191d0e0,...]
      !           : | + ! : 23 _malloc_zone_malloc  (in libsystem_malloc.dylib) + 0,12,...  [0x1819270bc,0x1819270c8,...]
      !           : | + ! : 19 <deduplicated_symbol>  (in libsystem_malloc.dylib) + 112,280,...  [0x1819171cc,0x181917274,...]
      !           : | + ! : 15 _xzm_xzone_malloc  (in libsystem_malloc.dylib) + 8,0,...  [0x181917958,0x181917950,...]
      !           : | + ! : 13 _RNvCsGIExRX8pES_7___rustc11___rdl_alloc  (in rawk) + 0,20  [0x1029b269c,0x1029b26b0]
      !           : | + ! : 3 DYLD-STUB$$malloc  (in rawk) + 4  [0x1029f3864]
      !           : | + ! : 1 malloc  (in libsystem_malloc.dylib) + 0  [0x1818edce8]
      !           : | + ! : 1 xzm_malloc_zone_malloc_type_malloc  (in libsystem_malloc.dylib) + 0  [0x181923184]
      !           : | + ! 22 rawk::types::EvalContext::set_var::h469b9e00bead32f6  (in rawk) + 0,500,...  [0x1028773a8,0x10287759c,...]
      !           : | + ! 19 rawk::types::EvalContext::set_var::h469b9e00bead32f6  (in rawk) + 688  [0x102877658]
      !           : | + ! : 17 _platform_memmove  (in libsystem_platform.dylib) + 12,436,...  [0x181b0536c,0x181b05514,...]
      !           : | + ! : 2 DYLD-STUB$$memcpy  (in rawk) + 4  [0x1029f3888]
      !           : | + ! 5 _xzm_free  (in libsystem_malloc.dylib) + 1568  [0x181918738]
      !           : | + ! 5 rawk::types::EvalContext::set_var::h469b9e00bead32f6  (in rawk) + 652  [0x102877634]
      !           : | + !   5 _RNvCsGIExRX8pES_7___rustc35___rust_no_alloc_shim_is_unstable_v2  (in rawk) + 0  [0x1028ab238]
      !           : | + 420 rawk::runner::Target::set::h6eef221ef8ea6f10  (in rawk) + 284  [0x102850670]
      !           : | + ! 183 rawk::types::EvalContext::array::he08681fe5509801c  (in rawk) + 288  [0x102876c88]
      !           : | + ! : 156 rawk::types::EvalContext::array_name::hfa92f30c9a46746b  (in rawk) + 304  [0x102874698]
      !           : | + ! : | 63 _xzm_xzone_malloc_tiny  (in libsystem_malloc.dylib) + 256,420,...  [0x18191d03c,0x18191d0e0,...]
      !           : | + ! : | 25 _malloc_zone_malloc  (in libsystem_malloc.dylib) + 0,12,...  [0x1819270bc,0x1819270c8,...]
      !           : | + ! : | 25 _xzm_xzone_malloc  (in libsystem_malloc.dylib) + 184,192,...  [0x181917a08,0x181917a10,...]
      !           : | + ! : | 23 <deduplicated_symbol>  (in libsystem_malloc.dylib) + 112,136,...  [0x1819171cc,0x1819171e4,...]
      !           : | + ! : | 8 DYLD-STUB$$malloc  (in rawk) + 0,4  [0x1029f3860,0x1029f3864]
      !           : | + ! : | 7 _RNvCsGIExRX8pES_7___rustc11___rdl_alloc  (in rawk) + 0  [0x1029b269c]
      !           : | + ! : | 3 xzm_malloc_zone_malloc_type_malloc  (in libsystem_malloc.dylib) + 0  [0x181923184]
      !           : | + ! : | 2 malloc  (in libsystem_malloc.dylib) + 0  [0x1818edce8]
      !           : | + ! : 15 rawk::types::EvalContext::array_name::hfa92f30c9a46746b  (in rawk) + 280,44,...  [0x102874680,0x102874594,...]
      !           : | + ! : 11 rawk::types::EvalContext::array_name::hfa92f30c9a46746b  (in rawk) + 324  [0x1028746ac]
      !           : | + ! : | 8 _platform_memmove  (in libsystem_platform.dylib) + 444,12,...  [0x181b0551c,0x181b0536c,...]
      !           : | + ! : | 3 DYLD-STUB$$memcpy  (in rawk) + 0,4  [0x1029f3884,0x1029f3888]
      !           : | + ! : 1 rawk::types::EvalContext::array_name::hfa92f30c9a46746b  (in rawk) + 288  [0x102874688]
      !           : | + ! :   1 _RNvCsGIExRX8pES_7___rustc35___rust_no_alloc_shim_is_unstable_v2  (in rawk) + 0  [0x1028ab238]
      !           : | + ! 125 rawk::types::EvalContext::array::he08681fe5509801c  (in rawk) + 544  [0x102876d88]
      !           : | + ! : 85 _xzm_free  (in libsystem_malloc.dylib) + 28,996,...  [0x181918134,0x1819184fc,...]
      !           : | + ! : 21 _free  (in libsystem_malloc.dylib) + 44,0,...  [0x181927cfc,0x181927cd0,...]
      !           : | + ! : 7 DYLD-STUB$$free  (in rawk) + 4,0  [0x1029f3768,0x1029f3764]
      !           : | + ! : 7 xzm_malloc_zone_try_free_default  (in libsystem_malloc.dylib) + 0  [0x181923170]
      !           : | + ! : 3 _RNvCsGIExRX8pES_7___rustc13___rdl_dealloc  (in rawk) + 0  [0x1029b2708]
      !           : | + ! : 2 free  (in libsystem_malloc.dylib) + 0  [0x1818ee6b8]
      !           : | + ! 83 rawk::types::EvalContext::array::he08681fe5509801c  (in rawk) + 308  [0x102876c9c]
      !           : | + ! : 38 core::hash::BuildHasher::hash_one::he6b98ff62744bcb3  (in rawk) + 288,32,...  [0x10287f710,0x10287f610,...]
      !           : | + ! : 23 core::hash::BuildHasher::hash_one::he6b98ff62744bcb3  (in rawk) + 80  [0x10287f640]
      !           : | + ! : | 23 _$LT$core..hash..sip..Hasher$LT$S$GT$$u20$as$u20$core..hash..Hasher$GT$::write::hb89c965e3d55cf6c  (in rawk) + 68,400,...  [0x1028814b8,0x102881604,...]
      !           : | + ! : 22 core::hash::BuildHasher::hash_one::he6b98ff62744bcb3  (in rawk) + 104  [0x10287f658]
      !           : | + ! :   22 _$LT$core..hash..sip..Hasher$LT$S$GT$$u20$as$u20$core..hash..Hasher$GT$::write::hb89c965e3d55cf6c  (in rawk) + 12,220,...  [0x102881480,0x102881550,...]
      !           : | + ! 21 rawk::types::EvalContext::array::he08681fe5509801c  (in rawk) + 308,0,...  [0x102876c9c,0x102876b68,...]
      !           : | + ! 6 _xzm_free  (in libsystem_malloc.dylib) + 1568  [0x181918738]
      !           : | + ! 2 rawk::types::EvalContext::array_name::hfa92f30c9a46746b  (in rawk) + 400  [0x1028746f8]
      !           : | + 30 rawk::runner::Target::set::h6eef221ef8ea6f10  (in rawk) + 44,132,...  [0x102850580,0x1028505d8,...]
      !           : | + 14 rawk::runner::Target::set::h6eef221ef8ea6f10  (in rawk) + 132  [0x1028505d8]
      !           : | + ! 14 rawk::types::EvalContext::is_function_name::h617b51db4b413413  (in rawk) + 448,0  [0x1028760a0,0x102875ee0]
      !           : | + 6 rawk::types::EvalContext::set_var::h469b9e00bead32f6  (in rawk) + 1824,1832  [0x102877ac8,0x102877ad0]
      !           : | + 5 rawk::types::EvalContext::array::he08681fe5509801c  (in rawk) + 572  [0x102876da4]
      !           : | 353 rawk::runner::eval_expr::h6b2b90049722c17d  (in rawk) + 3576  [0x1028518f4]
      !           : | + 240 rawk::runner::eval_expr::h6b2b90049722c17d  (in rawk) + 3680  [0x10285195c]
      !           : | + ! 184 rawk::types::EvalContext::get_field::h548637f6d685f622  (in rawk) + 460  [0x102877d1c]
      !           : | + ! : 69 _xzm_xzone_malloc_tiny  (in libsystem_malloc.dylib) + 420,256,...  [0x18191d0e0,0x18191d03c,...]
      !           : | + ! : 38 <deduplicated_symbol>  (in libsystem_malloc.dylib) + 112,280,...  [0x1819171cc,0x181917274,...]
      !           : | + ! : 30 _malloc_zone_malloc  (in libsystem_malloc.dylib) + 12,80,...  [0x1819270c8,0x18192710c,...]
      !           : | + ! : 29 _xzm_xzone_malloc  (in libsystem_malloc.dylib) + 0,324,...  [0x181917950,0x181917a94,...]
      !           : | + ! : 10 _RNvCsGIExRX8pES_7___rustc11___rdl_alloc  (in rawk) + 0  [0x1029b269c]
      !           : | + ! : 3 DYLD-STUB$$malloc  (in rawk) + 4  [0x1029f3864]
      !           : | + ! : 2 malloc  (in libsystem_malloc.dylib) + 0  [0x1818edce8]
      !           : | + ! : 2 xzm_malloc_zone_malloc_type_malloc  (in libsystem_malloc.dylib) + 0  [0x181923184]
      !           : | + ! : 1 _RNvCsGIExRX8pES_7___rustc12___rust_alloc  (in rawk) + 0  [0x1028ab228]
      !           : | + ! 36 rawk::types::EvalContext::get_field::h548637f6d685f622  (in rawk) + 300,408,...  [0x102877c7c,0x102877ce8,...]
      !           : | + ! 16 rawk::types::EvalContext::get_field::h548637f6d685f622  (in rawk) + 480  [0x102877d30]
      !           : | + ! : 12 _platform_memmove  (in libsystem_platform.dylib) + 12,428,...  [0x181b0536c,0x181b0550c,...]
      !           : | + ! : 4 DYLD-STUB$$memcpy  (in rawk) + 4,8  [0x1029f3888,0x1029f388c]
      !           : | + ! 4 rawk::types::EvalContext::get_field::h548637f6d685f622  (in rawk) + 444  [0x102877d0c]
      !           : | + !   4 _RNvCsGIExRX8pES_7___rustc35___rust_no_alloc_shim_is_unstable_v2  (in rawk) + 0  [0x1028ab238]
      !           : | + 75 rawk::runner::eval_expr::h6b2b90049722c17d  (in rawk) + 1040  [0x102850f0c]
      !           : | + ! 29 rawk::runner::target::hc5313f666bfb6aad  (in rawk) + 240  [0x1028508a4]
      !           : | + ! : 29 rawk::runner::eval_expr::h6b2b90049722c17d  (in rawk) + 24,80,...  [0x102850b14,0x102850b4c,...]
      !           : | + ! 24 rawk::runner::target::hc5313f666bfb6aad  (in rawk) + 480,356,...  [0x102850994,0x102850918,...]
      !           : | + ! 15 rawk::runner::target::hc5313f666bfb6aad  (in rawk) + 356  [0x102850918]
      !           : | + ! : 15 rawk::types::AwkValue::as_number::hb66799bac4d35e0b  (in rawk) + 0,12,...  [0x102879508,0x102879514,...]
      !           : | + ! 6 rawk::runner::eval_expr::h6b2b90049722c17d  (in rawk) + 5948  [0x102852238]
      !           : | + ! 1 rawk::types::AwkValue::as_number::hb66799bac4d35e0b  (in rawk) + 144  [0x102879598]
      !           : | + 31 rawk::runner::eval_expr::h6b2b90049722c17d  (in rawk) + 80,1084,...  [0x102850b4c,0x102850f38,...]
      !           : | + 7 rawk::types::EvalContext::get_field::h548637f6d685f622  (in rawk) + 420  [0x102877cf4]
      !           : | 341 rawk::runner::eval_expr::h6b2b90049722c17d  (in rawk) + 6356  [0x1028523d0]
      !           : | + 220 _xzm_free  (in libsystem_malloc.dylib) + 1048  [0x181918530]
      !           : | + ! 217 mach_absolute_time  (in libsystem_kernel.dylib) + 108,112,...  [0x181ab810c,0x181ab8110,...]
      !           : | + ! 3 DYLD-STUB$$mach_absolute_time  (in libsystem_malloc.dylib) + 12,0  [0x18192fb9c,0x18192fb90]
      !           : | + 80 _xzm_free  (in libsystem_malloc.dylib) + 0,356,...  [0x181918118,0x18191827c,...]
      !           : | + 17 _free  (in libsystem_malloc.dylib) + 44,0,...  [0x181927cfc,0x181927cd0,...]
      !           : | + 8 _RNvCsGIExRX8pES_7___rustc14___rust_dealloc  (in rawk) + 0  [0x1028ab22c]
      !           : | + 7 core::ptr::drop_in_place$LT$rawk..types..AwkValue$GT$::h9b5fea5b20359f3c  (in rawk) + 0,28,...  [0x10284b0cc,0x10284b0e8,...]
      !           : | + 5 DYLD-STUB$$free  (in rawk) + 4,0  [0x1029f3768,0x1029f3764]
      !           : | + 4 xzm_malloc_zone_try_free_default  (in libsystem_malloc.dylib) + 0  [0x181923170]
      !           : | 186 rawk::runner::eval_expr::h6b2b90049722c17d  (in rawk) + 3368  [0x102851824]
      !           : | + 88 rawk::types::EvalContext::get_var::hd08700b019db6de9  (in rawk) + 1484,48,...  [0x10287739c,0x102876e00,...]
      !           : | + 67 rawk::types::EvalContext::get_var::hd08700b019db6de9  (in rawk) + 776  [0x1028770d8]
      !           : | + ! 28 core::hash::BuildHasher::hash_one::h773ecb9f6643a431  (in rawk) + 72  [0x10287f3dc]
      !           : | + ! : 28 _$LT$core..hash..sip..Hasher$LT$S$GT$$u20$as$u20$core..hash..Hasher$GT$::write::hb89c965e3d55cf6c  (in rawk) + 68,12,...  [0x1028814b8,0x102881480,...]
      !           : | + ! 23 core::hash::BuildHasher::hash_one::h773ecb9f6643a431  (in rawk) + 280,128,...  [0x10287f4ac,0x10287f414,...]
      !           : | + ! 16 core::hash::BuildHasher::hash_one::h773ecb9f6643a431  (in rawk) + 96  [0x10287f3f4]
      !           : | + !   16 _$LT$core..hash..sip..Hasher$LT$S$GT$$u20$as$u20$core..hash..Hasher$GT$::write::hb89c965e3d55cf6c  (in rawk) + 124,204,...  [0x1028814f0,0x102881540,...]
      !           : | + 31 rawk::types::EvalContext::get_var::hd08700b019db6de9  (in rawk) + 876  [0x10287713c]
      !           : | +   29 _platform_memcmp  (in libsystem_platform.dylib) + 272,140,...  [0x181b03020,0x181b02f9c,...]
      !           : | +   2 DYLD-STUB$$memcmp  (in rawk) + 4  [0x1029f387c]
      !           : | 184 rawk::runner::eval_expr::h6b2b90049722c17d  (in rawk) + 920  [0x102850e94]
      !           : | + 169 rawk::runner::target::hc5313f666bfb6aad  (in rawk) + 220  [0x102850890]
      !           : | + ! 133 _RNvXs4_NtCs8dnTdrJsiec_5alloc6stringNtB5_6StringNtNtCs6sq8b9ugfBC_4core5clone5Clone5clone  (in rawk) + 48  [0x1029d7c20]
      !           : | + ! : 47 _xzm_xzone_malloc_tiny  (in libsystem_malloc.dylib) + 420,268,...  [0x18191d0e0,0x18191d048,...]
      !           : | + ! : 36 _malloc_zone_malloc  (in libsystem_malloc.dylib) + 12,0,...  [0x1819270c8,0x1819270bc,...]
      !           : | + ! : 18 _xzm_xzone_malloc  (in libsystem_malloc.dylib) + 0,336,...  [0x181917950,0x181917aa0,...]
      !           : | + ! : 14 <deduplicated_symbol>  (in libsystem_malloc.dylib) + 280,112,...  [0x181917274,0x1819171cc,...]
      !           : | + ! : 13 _RNvCsGIExRX8pES_7___rustc11___rdl_alloc  (in rawk) + 0,12  [0x1029b269c,0x1029b26a8]
      !           : | + ! : 4 DYLD-STUB$$malloc  (in rawk) + 4  [0x1029f3864]
      !           : | + ! : 1 malloc  (in libsystem_malloc.dylib) + 0  [0x1818edce8]
      !           : | + ! 18 _RNvXs4_NtCs8dnTdrJsiec_5alloc6stringNtB5_6StringNtNtCs6sq8b9ugfBC_4core5clone5Clone5clone  (in rawk) + 20,0,...  [0x1029d7c04,0x1029d7bf0,...]
      !           : | + ! 17 _RNvXs4_NtCs8dnTdrJsiec_5alloc6stringNtB5_6StringNtNtCs6sq8b9ugfBC_4core5clone5Clone5clone  (in rawk) + 68  [0x1029d7c34]
      !           : | + ! : 12 _platform_memmove  (in libsystem_platform.dylib) + 12,460,...  [0x181b0536c,0x181b0552c,...]
      !           : | + ! : 5 DYLD-STUB$$memcpy  (in rawk) + 4  [0x1029f3888]
      !           : | + ! 1 _RNvXs4_NtCs8dnTdrJsiec_5alloc6stringNtB5_6StringNtNtCs6sq8b9ugfBC_4core5clone5Clone5clone  (in rawk) + 36  [0x1029d7c14]
      !           : | + !   1 _RNvCsGIExRX8pES_7___rustc35___rust_no_alloc_shim_is_unstable_v2  (in rawk) + 0  [0x1028ab238]
      !           : | + 11 rawk::runner::target::hc5313f666bfb6aad  (in rawk) + 28,40,...  [0x1028507d0,0x1028507dc,...]
      !           : | + 4 _RNvXs4_NtCs8dnTdrJsiec_5alloc6stringNtB5_6StringNtNtCs6sq8b9ugfBC_4core5clone5Clone5clone  (in rawk) + 92  [0x1029d7c4c]
      !           : | 77 rawk::runner::eval_expr::h6b2b90049722c17d  (in rawk) + 6372  [0x1028523e0]
      !           : | + 47 _xzm_free  (in libsystem_malloc.dylib) + 1240,356,...  [0x1819185f0,0x18191827c,...]
      !           : | + 9 core::ptr::drop_in_place$LT$rawk..runner..Target$GT$::hc6e572787d827f40  (in rawk) + 0,24  [0x10284b024,0x10284b03c]
      !           : | + 6 _free  (in libsystem_malloc.dylib) + 0,4,...  [0x181927cd0,0x181927cd4,...]
      !           : | + 5 xzm_malloc_zone_try_free_default  (in libsystem_malloc.dylib) + 0  [0x181923170]
      !           : | + 4 DYLD-STUB$$free  (in rawk) + 0  [0x1029f3764]
      !           : | + 3 free  (in libsystem_malloc.dylib) + 0  [0x1818ee6b8]
      !           : | + 2 _RNvCsGIExRX8pES_7___rustc14___rust_dealloc  (in rawk) + 0  [0x1028ab22c]
      !           : | + 1 _RNvCsGIExRX8pES_7___rustc13___rdl_dealloc  (in rawk) + 0  [0x1029b2708]
      !           : | 73 rawk::runner::eval_expr::h6b2b90049722c17d  (in rawk) + 6268,80,...  [0x102852378,0x102850b4c,...]
      !           : | 17 rawk::types::EvalContext::get_var::hd08700b019db6de9  (in rawk) + 972,984  [0x10287719c,0x1028771a8]
      !           : | 10 rawk::runner::eval_expr::h6b2b90049722c17d  (in rawk) + 6224  [0x10285234c]
      !           : | + 10 rawk::types::AwkValue::as_number::hb66799bac4d35e0b  (in rawk) + 136,40,...  [0x102879590,0x102879530,...]
      !           : | 7 _xzm_free  (in libsystem_malloc.dylib) + 1552,1568  [0x181918728,0x181918738]
      !           : | 7 rawk::runner::eval_expr::h6b2b90049722c17d  (in rawk) + 6296  [0x102852394]
      !           : | + 7 _$LT$rawk..types..AwkValue$u20$as$u20$core..clone..Clone$GT$::clone::h0cadd9679462d5ec  (in rawk) + 20,48,...  [0x1028548ac,0x1028548c8,...]
      !           : | 6 rawk::runner::Target::set::h6eef221ef8ea6f10  (in rawk) + 448,452,...  [0x102850714,0x102850718,...]
      !           : | 5 _$LT$rawk..types..AwkValue$u20$as$u20$core..clone..Clone$GT$::clone::h0cadd9679462d5ec  (in rawk) + 312,316  [0x1028549d0,0x1028549d4]
      !           : | 5 rawk::runner::eval_expr::h6b2b90049722c17d  (in rawk) + 6236  [0x102852358]
      !           : | + 5 rawk::types::AwkValue::as_number::hb66799bac4d35e0b  (in rawk) + 56,36,...  [0x102879540,0x10287952c,...]
      !           : | 5 rawk::runner::target::hc5313f666bfb6aad  (in rawk) + 596  [0x102850a08]
      !           : | 1 rawk::runner::eval_expr::h6b2b90049722c17d  (in rawk) + 6364  [0x1028523d8]
      !           : |   1 core::ptr::drop_in_place$LT$rawk..types..AwkValue$GT$::h9b5fea5b20359f3c  (in rawk) + 0  [0x10284b0cc]
      !           : 66 rawk::runner::execute_action_inner::hb74abf24875beef1  (in rawk) + 5868,156,...  [0x10284de60,0x10284c810,...]
      !           : 7 rawk::runner::eval_expr::h6b2b90049722c17d  (in rawk) + 5932,5924,...  [0x102852228,0x102852220,...]
      !           : 6 rawk::runner::execute_action_inner::hb74abf24875beef1  (in rawk) + 104  [0x10284c7dc]
      !           :   6 _tlv_get_addr  (in libdyld.dylib) + 0,12,...  [0x1816f8388,0x1816f8394,...]
      !           1984 rawk::runner::run::h68691f04efcb3426  (in rawk) + 4128  [0x10284f5f8]
      !           : 606 rawk::runner::read_main::hae7ba469f196c48a  (in rawk) + 2244  [0x102853abc]
      !           : | 270 rawk::types::EvalContext::set_var::h469b9e00bead32f6  (in rawk) + 724  [0x10287767c]
      !           : | + 88 hashbrown::map::HashMap$LT$K$C$V$C$S$C$A$GT$::insert::h0d56fcdb6de36ae8  (in rawk) + 60  [0x102892fec]
      !           : | + ! 39 core::hash::BuildHasher::hash_one::he6b98ff62744bcb3  (in rawk) + 288,164,...  [0x10287f710,0x10287f694,...]
      !           : | + ! 28 core::hash::BuildHasher::hash_one::he6b98ff62744bcb3  (in rawk) + 104  [0x10287f658]
      !           : | + ! : 28 _$LT$core..hash..sip..Hasher$LT$S$GT$$u20$as$u20$core..hash..Hasher$GT$::write::hb89c965e3d55cf6c  (in rawk) + 164,124,...  [0x102881518,0x1028814f0,...]
      !           : | + ! 21 core::hash::BuildHasher::hash_one::he6b98ff62744bcb3  (in rawk) + 80  [0x10287f640]
      !           : | + !   21 _$LT$core..hash..sip..Hasher$LT$S$GT$$u20$as$u20$core..hash..Hasher$GT$::write::hb89c965e3d55cf6c  (in rawk) + 12,68,...  [0x102881480,0x1028814b8,...]
      !           : | + 69 _xzm_free  (in libsystem_malloc.dylib) + 356,996,...  [0x18191827c,0x1819184fc,...]
      !           : | + 42 hashbrown::map::HashMap$LT$K$C$V$C$S$C$A$GT$::insert::h0d56fcdb6de36ae8  (in rawk) + 192  [0x102893070]
      !           : | + ! 39 _platform_memcmp  (in libsystem_platform.dylib) + 272,280,...  [0x181b03020,0x181b03028,...]
      !           : | + ! 3 DYLD-STUB$$memcmp  (in rawk) + 4  [0x1029f387c]
      !           : | + 35 hashbrown::map::HashMap$LT$K$C$V$C$S$C$A$GT$::insert::h0d56fcdb6de36ae8  (in rawk) + 60,0,...  [0x102892fec,0x102892fb0,...]
      !           : | + 17 _free  (in libsystem_malloc.dylib) + 44,76,...  [0x181927cfc,0x181927d1c,...]
      !           : | + 13 DYLD-STUB$$free  (in rawk) + 4,0  [0x1029f3768,0x1029f3764]
      !           : | + 4 _RNvCsGIExRX8pES_7___rustc14___rust_dealloc  (in rawk) + 0  [0x1028ab22c]
      !           : | + 2 xzm_malloc_zone_try_free_default  (in libsystem_malloc.dylib) + 0  [0x181923170]
      !           : | 133 rawk::types::EvalContext::set_var::h469b9e00bead32f6  (in rawk) + 668  [0x102877644]
      !           : | + 56 _xzm_xzone_malloc_tiny  (in libsystem_malloc.dylib) + 420,524,...  [0x18191d0e0,0x18191d148,...]
      !           : | + 23 _malloc_zone_malloc  (in libsystem_malloc.dylib) + 12,0,...  [0x1819270c8,0x1819270bc,...]
      !           : | + 21 <deduplicated_symbol>  (in libsystem_malloc.dylib) + 280,112,...  [0x181917274,0x1819171cc,...]
      !           : | + 21 _xzm_xzone_malloc  (in libsystem_malloc.dylib) + 0,8,...  [0x181917950,0x181917958,...]
      !           : | + 6 _RNvCsGIExRX8pES_7___rustc11___rdl_alloc  (in rawk) + 0,20  [0x1029b269c,0x1029b26b0]
      !           : | + 4 xzm_malloc_zone_malloc_type_malloc  (in libsystem_malloc.dylib) + 0  [0x181923184]
      !           : | + 2 DYLD-STUB$$malloc  (in rawk) + 4  [0x1029f3864]
      !           : | 125 rawk::types::EvalContext::set_var::h469b9e00bead32f6  (in rawk) + 1108  [0x1028777fc]
      !           : | + 87 _xzm_free  (in libsystem_malloc.dylib) + 0,996,...  [0x181918118,0x1819184fc,...]
      !           : | + 23 _free  (in libsystem_malloc.dylib) + 0,108,...  [0x181927cd0,0x181927d3c,...]
      !           : | + 12 DYLD-STUB$$free  (in rawk) + 4,0  [0x1029f3768,0x1029f3764]
      !           : | + 3 xzm_malloc_zone_try_free_default  (in libsystem_malloc.dylib) + 0  [0x181923170]
      !           : | 44 rawk::types::EvalContext::set_var::h469b9e00bead32f6  (in rawk) + 1092,284,...  [0x1028777ec,0x1028774c4,...]
      !           : | 17 rawk::types::EvalContext::set_var::h469b9e00bead32f6  (in rawk) + 688  [0x102877658]
      !           : | + 15 _platform_memmove  (in libsystem_platform.dylib) + 12,0,...  [0x181b0536c,0x181b05360,...]
      !           : | + 2 DYLD-STUB$$memcpy  (in rawk) + 4  [0x1029f3888]
      !           : | 12 _xzm_free  (in libsystem_malloc.dylib) + 1568  [0x181918738]
      !           : | 4 rawk::types::EvalContext::set_var::h469b9e00bead32f6  (in rawk) + 652  [0x102877634]
      !           : | + 4 _RNvCsGIExRX8pES_7___rustc35___rust_no_alloc_shim_is_unstable_v2  (in rawk) + 0  [0x1028ab238]
      !           : | 1 hashbrown::map::HashMap$LT$K$C$V$C$S$C$A$GT$::insert::h0d56fcdb6de36ae8  (in rawk) + 392  [0x102893138]
      !           : 473 rawk::runner::read_main::hae7ba469f196c48a  (in rawk) + 868  [0x10285355c]
      !           : | 156 rawk::input::RecordReader::next::hce2a56d6d53ba82e  (in rawk) + 1984  [0x102891c10]
      !           : | + 61 _xzm_xzone_malloc_tiny  (in libsystem_malloc.dylib) + 420,256,...  [0x18191d0e0,0x18191d03c,...]
      !           : | + 37 <deduplicated_symbol>  (in libsystem_malloc.dylib) + 112,280,...  [0x1819171cc,0x181917274,...]
      !           : | + 21 _malloc_zone_malloc  (in libsystem_malloc.dylib) + 0,44,...  [0x1819270bc,0x1819270e8,...]
      !           : | + 19 _xzm_xzone_malloc  (in libsystem_malloc.dylib) + 192,0,...  [0x181917a10,0x181917950,...]
      !           : | + 10 _RNvCsGIExRX8pES_7___rustc11___rdl_alloc  (in rawk) + 0  [0x1029b269c]
      !           : | + 4 DYLD-STUB$$malloc  (in rawk) + 4  [0x1029f3864]
      !           : | + 3 xzm_malloc_zone_malloc_type_malloc  (in libsystem_malloc.dylib) + 0  [0x181923184]
      !           : | + 1 malloc  (in libsystem_malloc.dylib) + 0  [0x1818edce8]
      !           : | 150 rawk::input::RecordReader::next::hce2a56d6d53ba82e  (in rawk) + 2644  [0x102891ea4]
      !           : | + 64 _xzm_xzone_malloc_tiny  (in libsystem_malloc.dylib) + 12,256,...  [0x18191cf48,0x18191d03c,...]
      !           : | + 26 <deduplicated_symbol>  (in libsystem_malloc.dylib) + 112,280,...  [0x1819171cc,0x181917274,...]
      !           : | + 23 _xzm_xzone_malloc  (in libsystem_malloc.dylib) + 192,0,...  [0x181917a10,0x181917950,...]
      !           : | + 20 _malloc_zone_malloc  (in libsystem_malloc.dylib) + 0,44,...  [0x1819270bc,0x1819270e8,...]
      !           : | + 14 _RNvCsGIExRX8pES_7___rustc11___rdl_alloc  (in rawk) + 0,20  [0x1029b269c,0x1029b26b0]
      !           : | + 1 DYLD-STUB$$malloc  (in rawk) + 4  [0x1029f3864]
      !           : | + 1 malloc  (in libsystem_malloc.dylib) + 0  [0x1818edce8]
      !           : | + 1 xzm_malloc_zone_malloc_type_malloc  (in libsystem_malloc.dylib) + 0  [0x181923184]
      !           : | 102 rawk::input::RecordReader::next::hce2a56d6d53ba82e  (in rawk) + 1108,1920,...  [0x1028918a4,0x102891bd0,...]
      !           : | 23 rawk::input::RecordReader::next::hce2a56d6d53ba82e  (in rawk) + 2004  [0x102891c24]
      !           : | + 20 _platform_memmove  (in libsystem_platform.dylib) + 12,452,...  [0x181b0536c,0x181b05524,...]
      !           : | + 3 DYLD-STUB$$memcpy  (in rawk) + 4  [0x1029f3888]
      !           : | 18 rawk::input::RecordReader::next::hce2a56d6d53ba82e  (in rawk) + 1572  [0x102891a74]
      !           : | + 17 rawk::input::RecordReader::fill::h2afa3dd059842968  (in rawk) + 132  [0x102891398]
      !           : | + ! 17 _RNvXs3_NtNtCsaLOjE9VYtxK_3std2io5stdioNtB5_5StdinNtB7_4Read4read  (in rawk) + 88  [0x1029c9b98]
      !           : | + !   17 _RNvXs3_NtNtNtCsaLOjE9VYtxK_3std2io8buffered9bufreaderINtB5_9BufReaderNtNtB9_5stdio8StdinRawENtB9_4Read4readBb_  (in rawk) + 140  [0x1029c9ee4]
      !           : | + !     17 read  (in libsystem_kernel.dylib) + 8  [0x181ab891c]
      !           : | + 1 rawk::input::RecordReader::fill::h2afa3dd059842968  (in rawk) + 204  [0x1028913e0]
      !           : | +   1 _platform_memmove  (in libsystem_platform.dylib) + 180  [0x181b05414]
      !           : | 17 rawk::input::RecordReader::next::hce2a56d6d53ba82e  (in rawk) + 2668  [0x102891ebc]
      !           : | + 13 _platform_memmove  (in libsystem_platform.dylib) + 0,12,...  [0x181b05360,0x181b0536c,...]
      !           : | + 4 DYLD-STUB$$memcpy  (in rawk) + 4,0  [0x1029f3888,0x1029f3884]
      !           : | 4 rawk::input::RecordReader::next::hce2a56d6d53ba82e  (in rawk) + 2628  [0x102891e94]
      !           : | + 4 _RNvCsGIExRX8pES_7___rustc35___rust_no_alloc_shim_is_unstable_v2  (in rawk) + 0  [0x1028ab238]
      !           : | 3 rawk::input::RecordReader::next::hce2a56d6d53ba82e  (in rawk) + 1972  [0x102891c04]
      !           : |   3 _RNvCsGIExRX8pES_7___rustc35___rust_no_alloc_shim_is_unstable_v2  (in rawk) + 0  [0x1028ab238]
      !           : 287 rawk::runner::read_main::hae7ba469f196c48a  (in rawk) + 112  [0x102853268]
      !           : | 133 rawk::types::EvalContext::get_var::hd08700b019db6de9  (in rawk) + 1356  [0x10287731c]
      !           : | + 57 _xzm_xzone_malloc_tiny  (in libsystem_malloc.dylib) + 420,256,...  [0x18191d0e0,0x18191d03c,...]
      !           : | + 21 <deduplicated_symbol>  (in libsystem_malloc.dylib) + 280,112,...  [0x181917274,0x1819171cc,...]
      !           : | + 20 _malloc_zone_malloc  (in libsystem_malloc.dylib) + 0,120,...  [0x1819270bc,0x181927134,...]
      !           : | + 13 _xzm_xzone_malloc  (in libsystem_malloc.dylib) + 0,192,...  [0x181917950,0x181917a10,...]
      !           : | + 12 _RNvCsGIExRX8pES_7___rustc11___rdl_alloc  (in rawk) + 0  [0x1029b269c]
      !           : | + 4 DYLD-STUB$$malloc  (in rawk) + 0,4  [0x1029f3860,0x1029f3864]
      !           : | + 4 malloc  (in libsystem_malloc.dylib) + 0  [0x1818edce8]
      !           : | + 2 xzm_malloc_zone_malloc_type_malloc  (in libsystem_malloc.dylib) + 0  [0x181923184]
      !           : | 56 rawk::types::EvalContext::get_var::hd08700b019db6de9  (in rawk) + 776  [0x1028770d8]
      !           : | + 29 core::hash::BuildHasher::hash_one::h773ecb9f6643a431  (in rawk) + 280,212,...  [0x10287f4ac,0x10287f468,...]
      !           : | + 14 core::hash::BuildHasher::hash_one::h773ecb9f6643a431  (in rawk) + 72  [0x10287f3dc]
      !           : | + ! 14 _$LT$core..hash..sip..Hasher$LT$S$GT$$u20$as$u20$core..hash..Hasher$GT$::write::hb89c965e3d55cf6c  (in rawk) + 68,0,...  [0x1028814b8,0x102881474,...]
      !           : | + 13 core::hash::BuildHasher::hash_one::h773ecb9f6643a431  (in rawk) + 96  [0x10287f3f4]
      !           : | +   13 _$LT$core..hash..sip..Hasher$LT$S$GT$$u20$as$u20$core..hash..Hasher$GT$::write::hb89c965e3d55cf6c  (in rawk) + 204,0,...  [0x102881540,0x102881474,...]
      !           : | 49 rawk::types::EvalContext::get_var::hd08700b019db6de9  (in rawk) + 776,1056,...  [0x1028770d8,0x1028771f0,...]
      !           : | 27 rawk::types::EvalContext::get_var::hd08700b019db6de9  (in rawk) + 876  [0x10287713c]
      !           : | + 26 _platform_memcmp  (in libsystem_platform.dylib) + 272,280,...  [0x181b03020,0x181b03028,...]
      !           : | + 1 DYLD-STUB$$memcmp  (in rawk) + 4  [0x1029f387c]
      !           : | 19 rawk::types::EvalContext::get_var::hd08700b019db6de9  (in rawk) + 1376  [0x102877330]
      !           : | + 17 _platform_memmove  (in libsystem_platform.dylib) + 12,436,...  [0x181b0536c,0x181b05514,...]
      !           : | + 2 DYLD-STUB$$memcpy  (in rawk) + 4  [0x1029f3888]
      !           : | 3 rawk::types::EvalContext::get_var::hd08700b019db6de9  (in rawk) + 1340  [0x10287730c]
      !           : |   3 _RNvCsGIExRX8pES_7___rustc35___rust_no_alloc_shim_is_unstable_v2  (in rawk) + 0  [0x1028ab238]
      !           : 224 rawk::runner::read_main::hae7ba469f196c48a  (in rawk) + 132  [0x10285327c]
      !           : | 180 rawk::types::AwkValue::as_string_convfmt::h865b85d77f411c9e  (in rawk) + 472  [0x102878a34]
      !           : | + 89 _xzm_xzone_malloc_tiny  (in libsystem_malloc.dylib) + 256,536,...  [0x18191d03c,0x18191d154,...]
      !           : | + 30 <deduplicated_symbol>  (in libsystem_malloc.dylib) + 112,212,...  [0x1819171cc,0x181917230,...]
      !           : | + 24 _malloc_zone_malloc  (in libsystem_malloc.dylib) + 12,80,...  [0x1819270c8,0x18192710c,...]
      !           : | + 21 _xzm_xzone_malloc  (in libsystem_malloc.dylib) + 0,8,...  [0x181917950,0x181917958,...]
      !           : | + 7 _RNvCsGIExRX8pES_7___rustc11___rdl_alloc  (in rawk) + 0  [0x1029b269c]
      !           : | + 5 DYLD-STUB$$malloc  (in rawk) + 4,0  [0x1029f3864,0x1029f3860]
      !           : | + 4 xzm_malloc_zone_malloc_type_malloc  (in libsystem_malloc.dylib) + 0  [0x181923184]
      !           : | 26 rawk::types::AwkValue::as_string_convfmt::h865b85d77f411c9e  (in rawk) + 36,84,...  [0x102878880,0x1028788b0,...]
      !           : | 11 rawk::types::AwkValue::as_string_convfmt::h865b85d77f411c9e  (in rawk) + 492  [0x102878a48]
      !           : | + 9 _platform_memmove  (in libsystem_platform.dylib) + 0,460,...  [0x181b05360,0x181b0552c,...]
      !           : | + 2 DYLD-STUB$$memcpy  (in rawk) + 4  [0x1029f3888]
      !           : | 7 rawk::types::AwkValue::as_string_convfmt::h865b85d77f411c9e  (in rawk) + 456  [0x102878a24]
      !           : |   7 _RNvCsGIExRX8pES_7___rustc35___rust_no_alloc_shim_is_unstable_v2  (in rawk) + 0  [0x1028ab238]
      !           : 178 rawk::runner::read_main::hae7ba469f196c48a  (in rawk) + 2296  [0x102853af0]
      !           : | 144 _xzm_free  (in libsystem_malloc.dylib) + 656,28,...  [0x1819183a8,0x181918134,...]
      !           : | 21 _free  (in libsystem_malloc.dylib) + 0,36,...  [0x181927cd0,0x181927cf4,...]
      !           : | 8 DYLD-STUB$$free  (in rawk) + 4,0  [0x1029f3768,0x1029f3764]
      !           : | 2 free  (in libsystem_malloc.dylib) + 0  [0x1818ee6b8]
      !           : | 2 xzm_malloc_zone_try_free_default  (in libsystem_malloc.dylib) + 0  [0x181923170]
      !           : | 1 _RNvCsGIExRX8pES_7___rustc14___rust_dealloc  (in rawk) + 0  [0x1028ab22c]
      !           : 104 rawk::runner::read_main::hae7ba469f196c48a  (in rawk) + 792  [0x102853510]
      !           : | 82 _xzm_free  (in libsystem_malloc.dylib) + 996,0,...  [0x1819184fc,0x181918118,...]
      !           : | 13 _free  (in libsystem_malloc.dylib) + 0,44,...  [0x181927cd0,0x181927cfc,...]
      !           : | 5 DYLD-STUB$$free  (in rawk) + 4,0  [0x1029f3768,0x1029f3764]
      !           : | 4 xzm_malloc_zone_try_free_default  (in libsystem_malloc.dylib) + 0  [0x181923170]
      !           : 80 rawk::runner::read_main::hae7ba469f196c48a  (in rawk) + 2276,868,...  [0x102853adc,0x10285355c,...]
      !           : 19 _xzm_free  (in libsystem_malloc.dylib) + 1568  [0x181918738]
      !           : 8 rawk::types::EvalContext::set_var::h469b9e00bead32f6  (in rawk) + 1832  [0x102877ad0]
      !           : 3 rawk::types::AwkValue::as_string_convfmt::h865b85d77f411c9e  (in rawk) + 868  [0x102878bc0]
      !           : 2 rawk::types::EvalContext::get_var::hd08700b019db6de9  (in rawk) + 968,976  [0x102877198,0x1028771a0]
      !           936 rawk::runner::run::h68691f04efcb3426  (in rawk) + 4188  [0x10284f634]
      !           : 300 rawk::types::EvalContext::update_record::h36418a4c5033e45c  (in rawk) + 656  [0x102875838]
      !           : | 184 rawk::types::parse_number::h5536bd0a1d12aed5  (in rawk) + 216  [0x102878304]
      !           : | + 143 _RNvXs2_NtNtCs6sq8b9ugfBC_4core3num11float_parsedNtNtNtB9_3str6traits7FromStr8from_str  (in rawk) + 576,20,...  [0x1029e3130,0x1029e2f04,...]
      !           : | + 41 _RNvXs2_NtNtCs6sq8b9ugfBC_4core3num11float_parsedNtNtNtB9_3str6traits7FromStr8from_str  (in rawk) + 96  [0x1029e2f50]
      !           : | +   41 _RNvNtNtNtNtCs6sq8b9ugfBC_4core3num3imp7dec2flt5parse12parse_number  (in rawk) + 200,160,...  [0x1029df22c,0x1029df204,...]
      !           : | 91 rawk::types::parse_number::h5536bd0a1d12aed5  (in rawk) + 168,8,...  [0x1028782d4,0x102878234,...]
      !           : | 25 _RNvXs2_NtNtCs6sq8b9ugfBC_4core3num11float_parsedNtNtNtB9_3str6traits7FromStr8from_str  (in rawk) + 620,616  [0x1029e315c,0x1029e3158]
      !           : 179 rawk::types::EvalContext::update_record::h36418a4c5033e45c  (in rawk) + 240,256,...  [0x102875698,0x1028756a8,...]
      !           : 156 rawk::types::EvalContext::update_record::h36418a4c5033e45c  (in rawk) + 72  [0x1028755f0]
      !           : | 65 _xzm_xzone_malloc_tiny  (in libsystem_malloc.dylib) + 420,312,...  [0x18191d0e0,0x18191d074,...]
      !           : | 26 <deduplicated_symbol>  (in libsystem_malloc.dylib) + 280,136,...  [0x181917274,0x1819171e4,...]
      !           : | 26 _malloc_zone_malloc  (in libsystem_malloc.dylib) + 0,12,...  [0x1819270bc,0x1819270c8,...]
      !           : | 23 _xzm_xzone_malloc  (in libsystem_malloc.dylib) + 192,0,...  [0x181917a10,0x181917950,...]
      !           : | 10 _RNvCsGIExRX8pES_7___rustc11___rdl_alloc  (in rawk) + 0,12  [0x1029b269c,0x1029b26a8]
      !           : | 4 DYLD-STUB$$malloc  (in rawk) + 4,0  [0x1029f3864,0x1029f3860]
      !           : | 1 malloc  (in libsystem_malloc.dylib) + 0  [0x1818edce8]
      !           : | 1 xzm_malloc_zone_malloc_type_malloc  (in libsystem_malloc.dylib) + 0  [0x181923184]
      !           : 111 rawk::types::EvalContext::update_record::h36418a4c5033e45c  (in rawk) + 112  [0x102875618]
      !           : | 81 _xzm_free  (in libsystem_malloc.dylib) + 996,1240,...  [0x1819184fc,0x1819185f0,...]
      !           : | 18 _free  (in libsystem_malloc.dylib) + 44,0,...  [0x181927cfc,0x181927cd0,...]
      !           : | 8 DYLD-STUB$$free  (in rawk) + 0,4  [0x1029f3764,0x1029f3768]
      !           : | 2 free  (in libsystem_malloc.dylib) + 0  [0x1818ee6b8]
      !           : | 2 xzm_malloc_zone_try_free_default  (in libsystem_malloc.dylib) + 0  [0x181923170]
      !           : 107 rawk::types::EvalContext::update_record::h36418a4c5033e45c  (in rawk) + 496  [0x102875798]
      !           : | 107 _RNvNtNtCs6sq8b9ugfBC_4core3str8converts9from_utf8  (in rawk) + 52,0,...  [0x1029dde14,0x1029ddde0,...]
      !           : 40 rawk::types::EvalContext::update_record::h36418a4c5033e45c  (in rawk) + 456  [0x102875770]
      !           : | 35 _platform_memmove  (in libsystem_platform.dylib) + 460,0,...  [0x181b0552c,0x181b05360,...]
      !           : | 5 DYLD-STUB$$memcpy  (in rawk) + 4  [0x1029f3888]
      !           : 31 rawk::types::EvalContext::update_record::h36418a4c5033e45c  (in rawk) + 92  [0x102875604]
      !           : | 27 _platform_memmove  (in libsystem_platform.dylib) + 452,460,...  [0x181b05524,0x181b0552c,...]
      !           : | 4 DYLD-STUB$$memcpy  (in rawk) + 4  [0x1029f3888]
      !           : 6 _xzm_free  (in libsystem_malloc.dylib) + 1568,1560  [0x181918738,0x181918730]
      !           : 6 rawk::types::parse_number::h5536bd0a1d12aed5  (in rawk) + 276  [0x102878340]
      !           146 rawk::runner::run::h68691f04efcb3426  (in rawk) + 4232  [0x10284f660]
      !           : 92 _xzm_free  (in libsystem_malloc.dylib) + 996,0,...  [0x1819184fc,0x181918118,...]
      !           : 21 _free  (in libsystem_malloc.dylib) + 0,44,...  [0x181927cd0,0x181927cfc,...]
      !           : 16 xzm_malloc_zone_try_free_default  (in libsystem_malloc.dylib) + 0  [0x181923170]
      !           : 8 DYLD-STUB$$free  (in rawk) + 0,4  [0x1029f3764,0x1029f3768]
      !           : 6 _RNvCsGIExRX8pES_7___rustc13___rdl_dealloc  (in rawk) + 0  [0x1029b2708]
      !           : 3 free  (in libsystem_malloc.dylib) + 0  [0x1818ee6b8]
      !           74 rawk::runner::run::h68691f04efcb3426  (in rawk) + 4340,4188,...  [0x10284f6cc,0x10284f634,...]
      !           12 rawk::runner::run::h68691f04efcb3426  (in rawk) + 4404  [0x10284f70c]
      !           : 12 _$LT$rawk..runner..FlowControl$u20$as$u20$core..cmp..PartialEq$GT$::eq::h023c12dca10d838c  (in rawk) + 136,280,...  [0x102854ba0,0x102854c30,...]
      !           7 rawk::types::EvalContext::update_record::h36418a4c5033e45c  (in rawk) + 2100,2108,...  [0x102875ddc,0x102875de4,...]
      !           5 _xzm_free  (in libsystem_malloc.dylib) + 1568  [0x181918738]
      !           5 rawk::runner::execute_action_inner::hb74abf24875beef1  (in rawk) + 5892,5872,...  [0x10284de78,0x10284de64,...]
      !           3 rawk::runner::read_main::hae7ba469f196c48a  (in rawk) + 2316,2300  [0x102853b04,0x102853af4]
      !           1 rawk::runner::run::h68691f04efcb3426  (in rawk) + 6492  [0x10284ff34]
      !             1 std::sync::once_lock::OnceLock$LT$T$GT$::initialize::hce8e2c34cf680cec  (in rawk) + 72  [0x1029e50ec]
      !               1 _RNvMNtNtNtNtCsaLOjE9VYtxK_3std3sys4sync4once5queueNtB2_4Once4call  (in rawk) + 256  [0x1029f20f8]
      !                 1 std::sync::once::Once::call_once_force::_$u7b$$u7b$closure$u7d$$u7d$::hea7f941c9be27de3  (in rawk) + 64  [0x10287a2ec]
      !                   1 _RNvNtCsaLOjE9VYtxK_3std3env4__var  (in rawk) + 80  [0x1029c2560]
      !                     1 _RNvMs3_NtNtCs6sq8b9ugfBC_4core3ffi5c_strNtB5_4CStr19from_bytes_with_nul  (in rawk) + 0  [0x1029d9d20]
      2 start  (in dyld) + 6904  [0x18173048c]
        2 dyld4::start(dyld4::KernelArgs*, void*, void*, unsigned long long)::$_1::operator()() const  (in dyld) + 320  [0x181730b30]
          2 dyld4::prepare(dyld4::APIs&, mach_o::UnsafeHeader const*)  (in dyld) + 4184  [0x181731ba4]
            1 dyld4::APIs::runAllInitializersForMain()  (in dyld) + 100  [0x181724870]
            : 1 dyld4::PrebuiltLoader::runInitializers(dyld4::RuntimeState&) const  (in dyld) + 44  [0x181783d44]
            :   1 dyld4::Loader::findAndRunAllInitializers(dyld4::RuntimeState&) const  (in dyld) + 528  [0x181759394]
            :     1 dyld3::MachOAnalyzer::forEachInitializer(Diagnostics&, dyld3::MachOAnalyzer::VMAddrConverter const&, void (unsigned int) block_pointer, void const*) const  (in dyld) + 516  [0x181769580]
            :       1 mach_o::UnsafeHeader::forEachSection(void (mach_o::UnsafeHeader::SectionInfo const&, bool&) block_pointer) const  (in dyld) + 124  [0x1817a824c]
            :         1 mach_o::UnsafeHeader::forEachLoadCommand(void (load_command const*, bool&) block_pointer) const  (in dyld) + 208  [0x1817a69a4]
            :           1 invocation function for block in mach_o::UnsafeHeader::forEachSection(void (mach_o::UnsafeHeader::SectionInfo const&, bool&) block_pointer) const  (in dyld) + 312  [0x1817a9fac]
            :             1 invocation function for block in dyld3::MachOAnalyzer::forEachInitializer(Diagnostics&, dyld3::MachOAnalyzer::VMAddrConverter const&, void (unsigned int) block_pointer, void const*) const  (in dyld) + 320  [0x181769a8c]
            :               1 invocation function for block in dyld4::Loader::findAndRunAllInitializers(dyld4::RuntimeState&) const::$_0::operator()() const  (in dyld) + 180  [0x18175ea28]
            :                 1 libSystem_initializer  (in libSystem.B.dylib) + 244  [0x191957350]
            :                   1 libdispatch_init  (in libdispatch.dylib) + 480  [0x181975e84]
            :                     1 _os_object_init  (in libdispatch.dylib) + 24  [0x18194077c]
            :                       1 _objc_init  (in libobjc.A.dylib) + 1796  [0x181689b10]
            :                         1 _dyld_objc_register_callbacks  (in libdyld.dylib) + 360  [0x1816e6714]
            :                           1 dyld4::APIs::_dyld_objc_register_callbacks(dyld4::ObjCCallbacks const*)  (in dyld) + 116  [0x181719f40]
            :                             1 dyld4::RuntimeState::setObjCNotifiers(dyld4::ReadOnlyCallback<void (*)(char const*, mach_header const*)>, dyld4::ReadOnlyCallback<void (*)(mach_header const*, void*, mach_header const*, void const*)>, dyld4::ReadOnlyCallback<void (*)(_dyld_objc_notify_mapped_info const*)>, dyld4::ReadOnlyCallback<void (*)(unsigned int, _dyld_objc_notify_mapped_info const*, void (unsigned int) block_pointer)>)  (in dyld) + 944  [0x1817427f8]
            :                               1 dyld4::RuntimeLocks::withLoadersReadLock(void () block_pointer)  (in dyld) + 84  [0x18173a284]
            :                                 1 invocation function for block in dyld4::RuntimeState::setObjCNotifiers(dyld4::ReadOnlyCallback<void (*)(char const*, mach_header const*)>, dyld4::ReadOnlyCallback<void (*)(mach_header const*, void*, mach_header const*, void const*)>, dyld4::ReadOnlyCallback<void (*)(_dyld_objc_notify_mapped_info const*)>, dyld4::ReadOnlyCallback<void (*)(unsigned int, _dyld_objc_notify_mapped_info const*, void (unsigned int) block_pointer)>)::$_0::operator()() const  (in dyld) + 1036  [0x1817486d8]
            :                                   1 map_images  (in libobjc.A.dylib) + 112  [0x181689d90]
            :                                     1 map_images_nolock  (in libobjc.A.dylib) + 4224  [0x18168aea0]
            :                                       1 NXCreateMapTable  (in libobjc.A.dylib) + 520  [0x1816a73b4]
            :                                         1 mfm_alloc  (in libsystem_malloc.dylib) + 412  [0x18190be68]
            1 dyld4::Loader::runInitializersBottomUpPlusUpwardLinks(dyld4::RuntimeState&) const  (in dyld) + 716  [0x181759d98]
              1 dyld4::Loader::runInitializersBottomUpPlusUpwardLinks(dyld4::RuntimeState&) const::$_0::operator()() const  (in dyld) + 268  [0x18175eb58]
                1 dyld4::Loader::runInitializersBottomUp(dyld4::RuntimeState&, lsl::Vector<AuthenticatedValue<dyld4::Loader const*>>&, lsl::Vector<AuthenticatedValue<dyld4::Loader const*>>&) const  (in dyld) + 300  [0x1817599a4]
                  1 dyld4::Loader::runInitializersBottomUp(dyld4::RuntimeState&, lsl::Vector<AuthenticatedValue<dyld4::Loader const*>>&, lsl::Vector<AuthenticatedValue<dyld4::Loader const*>>&) const  (in dyld) + 300  [0x1817599a4]
                    1 dyld4::Loader::runInitializersBottomUp(dyld4::RuntimeState&, lsl::Vector<AuthenticatedValue<dyld4::Loader const*>>&, lsl::Vector<AuthenticatedValue<dyld4::Loader const*>>&) const  (in dyld) + 300  [0x1817599a4]
                      1 dyld4::Loader::runInitializersBottomUp(dyld4::RuntimeState&, lsl::Vector<AuthenticatedValue<dyld4::Loader const*>>&, lsl::Vector<AuthenticatedValue<dyld4::Loader const*>>&) const  (in dyld) + 300  [0x1817599a4]
                        1 dyld4::Loader::runInitializersBottomUp(dyld4::RuntimeState&, lsl::Vector<AuthenticatedValue<dyld4::Loader const*>>&, lsl::Vector<AuthenticatedValue<dyld4::Loader const*>>&) const  (in dyld) + 556  [0x181759aa4]
                          1 dyld4::RuntimeState::notifyObjCInit(dyld4::Loader const*)  (in dyld) + 456  [0x181742a78]
                            1 load_images  (in libobjc.A.dylib) + 972  [0x1816939cc]
                              1 _NSInitializePlatform  (in Foundation) + 424  [0x1833ac66c]
                                1 @objc static _NSSwiftProcessInfo.processInfo.getter  (in Foundation) + 80  [0x183aed3a0]
                                  1 _dispatch_once_callout  (in libdispatch.dylib) + 32  [0x181942630]
                                    1 _dispatch_client_callout  (in libdispatch.dylib) + 16  [0x1819594b0]
                                      1 one-time initialization function for _shared  (in Foundation) + 24  [0x183aed2e0]
                                        1 @objc _NSSwiftProcessInfo.init()  (in Foundation) + 24  [0x183aed4a4]
                                          1 _NSSwiftProcessInfo.init()  (in Foundation) + 220  [0x183aed488]
                                            1 _dispatch_once_callout  (in libdispatch.dylib) + 32  [0x181942630]
                                              1 _dispatch_client_callout  (in libdispatch.dylib) + 16  [0x1819594b0]
                                                1 one-time initialization function for processInfo  (in Foundation) + 104  [0x18398700c]
                                                  1 __swift_instantiateConcreteTypeFromMangledNameV2  (in Foundation) + 68  [0x1834d5464]
                                                    1 swift_getTypeByMangledNameInContextImpl(char const*, unsigned long, swift::TargetContextDescriptor<swift::InProcess> const*, void const* const*)  (in libswiftCore.dylib) + 188  [0x1952e68a4]
                                                      1 swift_getTypeByMangledName  (in libswiftCore.dylib) + 336  [0x1952e63bc]
                                                        1 swift_getTypeByMangledNameImpl(swift::MetadataRequest, __swift::__runtime::llvm::StringRef, void const* const*, std::function<void const* (unsigned int, unsigned int)>, std::function<swift::TargetWitnessTable<swift::InProcess> const* (swift::TargetMetadata<swift::InProcess> const*, unsigned int)>)  (in libswiftCore.dylib) + 1164  [0x1952ec758]
                                                          1 swift_getTypeByMangledNode  (in libswiftCore.dylib) + 336  [0x1952e8598]
                                                            1 swift_getTypeByMangledNodeImpl(swift::MetadataRequest, swift::Demangle::__runtime::Demangler&, swift::Demangle::__runtime::Node*, void const* const*, std::function<void const* (unsigned int, unsigned int)>, std::function<swift::TargetWitnessTable<swift::InProcess> const* (swift::TargetMetadata<swift::InProcess> const*, unsigned int)>)  (in libswiftCore.dylib) + 784  [0x1952ebd7c]
                                                              1 swift::Demangle::__runtime::TypeDecoder<(anonymous namespace)::DecodedMetadataBuilder>::decodeMangledType(swift::Demangle::__runtime::Node*, unsigned int, bool)  (in libswiftCore.dylib) + 912  [0x1952f1a1c]
                                                                1 swift::Demangle::__runtime::TypeDecoder<(anonymous namespace)::DecodedMetadataBuilder>::decodeGenericArgs(swift::Demangle::__runtime::Node*, unsigned int, __swift::__runtime::llvm::SmallVectorImpl<swift::MetadataPackOrValue>&)  (in libswiftCore.dylib) + 360  [0x1952f6ee0]
                                                                  1 swift::Demangle::__runtime::TypeDecoder<(anonymous namespace)::DecodedMetadataBuilder>::decodeMangledType(swift::Demangle::__runtime::Node*, unsigned int, bool)  (in libswiftCore.dylib) + 9536  [0x1952f3bcc]
                                                                    1 (anonymous namespace)::DecodedMetadataBuilder::createBoundGenericType(swift::TargetContextDescriptor<swift::InProcess> const*, __swift::__runtime::llvm::ArrayRef<swift::MetadataPackOrValue>, swift::MetadataPackOrValue) const  (in libswiftCore.dylib) + 764  [0x1952f72e0]
                                                                      1 __swift_instantiateCanonicalPrespecializedGenericMetadata  (in libswiftCore.dylib) + 40  [0x1956e4c84]
                                                                        1 swift_getCanonicalPrespecializedGenericMetadata  (in libswiftCore.dylib) + 200  [0x1952c3cdc]
                                                                          1 _dispatch_once_callout  (in libdispatch.dylib) + 32  [0x181942630]
                                                                            1 _dispatch_client_callout  (in libdispatch.dylib) + 16  [0x1819594b0]
                                                                              1 cacheCanonicalSpecializedMetadata(swift::TargetTypeContextDescriptor<swift::InProcess> const*, long*)::$_0::__invoke(void*)  (in libswiftCore.dylib) + 560  [0x1952d2698]
                                                                                1 <deduplicated_symbol>  (in libswiftCore.dylib) + 72  [0x1952c3a38]
                                                                                  1 <deduplicated_symbol>  (in libswiftCore.dylib) + 280  [0x1952d334c]
                                                                                    1 <deduplicated_symbol>  (in libswiftCore.dylib) + 192  [0x1952d3920]
                                                                                      1 swift::ConcurrentReadableHashMap<swift::HashMapElementWrapper<swift::GenericCacheEntry>, swift::Mutex>::resize(swift::ConcurrentReadableHashMap<swift::HashMapElementWrapper<swift::GenericCacheEntry>, swift::Mutex>::IndexStorage, unsigned char, swift::HashMapElementWrapper<swift::GenericCacheEntry>*)  (in libswiftCore.dylib) + 276  [0x1952d3d70]

Total number in stack (recursive counted multiple, when >=5):
        17       _xzm_free  (in libsystem_malloc.dylib) + 0  [0x181918118]
        12       _platform_memmove  (in libsystem_platform.dylib) + 0  [0x181b05360]
        11       DYLD-STUB$$memcpy  (in rawk) + 0  [0x1029f3884]
        10       <deduplicated_symbol>  (in libsystem_malloc.dylib) + 0  [0x18191715c]
        10       DYLD-STUB$$free  (in rawk) + 0  [0x1029f3764]
        10       DYLD-STUB$$malloc  (in rawk) + 0  [0x1029f3860]
        10       _$LT$core..hash..sip..Hasher$LT$S$GT$$u20$as$u20$core..hash..Hasher$GT$::write::hb89c965e3d55cf6c  (in rawk) + 0  [0x102881474]
        10       _RNvCsGIExRX8pES_7___rustc11___rdl_alloc  (in rawk) + 0  [0x1029b269c]
        10       _free  (in libsystem_malloc.dylib) + 0  [0x181927cd0]
        10       _malloc_zone_malloc  (in libsystem_malloc.dylib) + 0  [0x1819270bc]
        10       _xzm_xzone_malloc  (in libsystem_malloc.dylib) + 0  [0x181917950]
        10       _xzm_xzone_malloc_tiny  (in libsystem_malloc.dylib) + 0  [0x18191cf3c]
        10       xzm_malloc_zone_try_free_default  (in libsystem_malloc.dylib) + 0  [0x181923170]
        9       _RNvCsGIExRX8pES_7___rustc35___rust_no_alloc_shim_is_unstable_v2  (in rawk) + 0  [0x1028ab238]
        9       xzm_malloc_zone_malloc_type_malloc  (in libsystem_malloc.dylib) + 0  [0x181923184]
        8       malloc  (in libsystem_malloc.dylib) + 0  [0x1818edce8]
        5       _RNvCsGIExRX8pES_7___rustc14___rust_dealloc  (in rawk) + 0  [0x1028ab22c]
        5       free  (in libsystem_malloc.dylib) + 0  [0x1818ee6b8]
        5       rawk::runner::eval_expr::h6b2b90049722c17d  (in rawk) + 0  [0x102850afc]

Sort by top of stack, same collapsed (when >= 5):
        _xzm_free  (in libsystem_malloc.dylib)        932
        _xzm_xzone_malloc_tiny  (in libsystem_malloc.dylib)        641
        _dyld_start  (in dyld)        333
        <deduplicated_symbol>  (in libsystem_malloc.dylib)        255
        _malloc_zone_malloc  (in libsystem_malloc.dylib)        248
        mach_absolute_time  (in libsystem_kernel.dylib)        217
        _$LT$core..hash..sip..Hasher$LT$S$GT$$u20$as$u20$core..hash..Hasher$GT$::write::hb89c965e3d55cf6c  (in rawk)        212
        _xzm_xzone_malloc  (in libsystem_malloc.dylib)        207
        _platform_memmove  (in libsystem_platform.dylib)        186
        rawk::types::EvalContext::update_record::h36418a4c5033e45c  (in rawk)        186
        _free  (in libsystem_malloc.dylib)        184
        _RNvXs2_NtNtCs6sq8b9ugfBC_4core3num11float_parsedNtNtNtB9_3str6traits7FromStr8from_str  (in rawk)        168
        rawk::types::EvalContext::get_var::hd08700b019db6de9  (in rawk)        156
        rawk::runner::eval_expr::h6b2b90049722c17d  (in rawk)        146
        core::hash::BuildHasher::hash_one::he6b98ff62744bcb3  (in rawk)        135
        _platform_memcmp  (in libsystem_platform.dylib)        110
        _RNvNtNtCs6sq8b9ugfBC_4core3str8converts9from_utf8  (in rawk)        107
        _RNvCsGIExRX8pES_7___rustc11___rdl_alloc  (in rawk)        102
        rawk::input::RecordReader::next::hce2a56d6d53ba82e  (in rawk)        102
        rawk::types::parse_number::h5536bd0a1d12aed5  (in rawk)        97
        rawk::runner::read_main::hae7ba469f196c48a  (in rawk)        83
        rawk::types::EvalContext::set_var::h469b9e00bead32f6  (in rawk)        80
        DYLD-STUB$$free  (in rawk)        79
        rawk::runner::run::h68691f04efcb3426  (in rawk)        74
        rawk::runner::execute_action_inner::hb74abf24875beef1  (in rawk)        71
        hashbrown::map::HashMap$LT$K$C$V$C$S$C$A$GT$::insert::h0d56fcdb6de36ae8  (in rawk)        67
        core::hash::BuildHasher::hash_one::h773ecb9f6643a431  (in rawk)        52
        xzm_malloc_zone_try_free_default  (in libsystem_malloc.dylib)        49
        rawk::types::EvalContext::get_field::h548637f6d685f622  (in rawk)        43
        _RNvNtNtNtNtCs6sq8b9ugfBC_4core3num3imp7dec2flt5parse12parse_number  (in rawk)        41
        rawk::runner::target::hc5313f666bfb6aad  (in rawk)        40
        DYLD-STUB$$malloc  (in rawk)        38
        DYLD-STUB$$memcpy  (in rawk)        36
        rawk::runner::Target::set::h6eef221ef8ea6f10  (in rawk)        36
        mach_msg2_trap  (in dyld)        34
        _RNvCsGIExRX8pES_7___rustc35___rust_no_alloc_shim_is_unstable_v2  (in rawk)        32
        rawk::types::AwkValue::as_number::hb66799bac4d35e0b  (in rawk)        31
        rawk::types::AwkValue::as_string_convfmt::h865b85d77f411c9e  (in rawk)        29
        rawk::types::EvalContext::array::he08681fe5509801c  (in rawk)        26
        _RNvCsGIExRX8pES_7___rustc14___rust_dealloc  (in rawk)        24
        _RNvXs4_NtCs8dnTdrJsiec_5alloc6stringNtB5_6StringNtNtCs6sq8b9ugfBC_4core5clone5Clone5clone  (in rawk)        22
        xzm_malloc_zone_malloc_type_malloc  (in libsystem_malloc.dylib)        21
        rawk::types::EvalContext::array_name::hfa92f30c9a46746b  (in rawk)        17
        read  (in libsystem_kernel.dylib)        17
        rawk::types::EvalContext::is_function_name::h617b51db4b413413  (in rawk)        14
        malloc  (in libsystem_malloc.dylib)        13
        _$LT$rawk..runner..FlowControl$u20$as$u20$core..cmp..PartialEq$GT$::eq::h023c12dca10d838c  (in rawk)        12
        _$LT$rawk..types..AwkValue$u20$as$u20$core..clone..Clone$GT$::clone::h0cadd9679462d5ec  (in rawk)        12
        free  (in libsystem_malloc.dylib)        12
        _RNvCsGIExRX8pES_7___rustc13___rdl_dealloc  (in rawk)        11
        core::ptr::drop_in_place$LT$rawk..runner..Target$GT$::hc6e572787d827f40  (in rawk)        9
        core::ptr::drop_in_place$LT$rawk..types..AwkValue$GT$::h9b5fea5b20359f3c  (in rawk)        8
        DYLD-STUB$$memcmp  (in rawk)        7
        _tlv_get_addr  (in libdyld.dylib)        6

Binary images description not available

