a-format.awk MATCH status 0 0
concat-assign-same.awk MATCH status 0 0
decr-NF.awk MATCH status 0 0
fmt-overflow.awk MATCH status 0 0
fs-overflow.awk MATCH status 0 0
getline-corruption.awk MATCH status 0 0
getline-numeric.awk MATCH status 0 0
inf-nan-torture.awk MATCH status 0 0
matchop-deref.awk MATCH status 0 0
missing-precision.awk MATCH status 2 2
negative-nf.awk MATCH status 2 2
nf-self-assign.awk MATCH status 0 0
numeric-fs.awk MATCH status 0 0
numeric-output-seps.awk MATCH status 0 0
numeric-rs.awk MATCH status 0 0
numeric-subsep.awk MATCH status 0 0
ofs-rebuild.awk MATCH status 0 0
pfile-overflow.awk MATCH status 2 2
repetition-no-atom.awk MATCH status 2 2
repetition-overflow.awk MATCH status 2 2
rs_underflow.awk MATCH status 0 0
rstart-rlength.awk MATCH status 0 0
space.awk MATCH status 0 0
split-fs-from-array.awk MATCH status 0 0
string-conv.awk MATCH status 0 0
subsep-overflow.awk MATCH status 0 0
system-status.awk MATCH status 0 0
unary-plus.awk MATCH status 0 0
unicode-fs-rs-1.awk MATCH status 0 0
unicode-fs-rs-2.awk MATCH status 0 0
unicode-null-match.awk MATCH status 0 0
MATCH 31 / 31
