Analysis of sampling rawk (pid 6553) every 1 millisecond
Process:         rawk [6553]
Path:            /Volumes/VOLUME/*/rawk
Load Address:    0x102884000
Identifier:      rawk
Version:         ???
Code Type:       ARM64
Parent Process:  Python [6551]
Target Type:     live task

Date/Time:       2026-09-20 20:24:47.913 +0200
Launch Time:     2026-09-20 20:24:47.869 +0200
OS Version:      macOS 26.6.2 (25G83)
Report Version:  7
Analysis Tool:   /usr/bin/sample

Physical footprint:         2176K
Physical footprint (peak):  2176K
Idle exit:                  untracked
----

Call graph:
    372 Thread_10744480: Main Thread
    + 334 _dyld_start  (in dyld) + 0  [0x102fd49c0]
    + 35 start  (in dyld) + 6904  [0x18173048c]
    + ! 35 dyld4::start(dyld4::KernelArgs*, void*, void*, unsigned long long)::$_1::operator()() const  (in dyld) + 320  [0x181730b30]
    + !   32 dyld4::prepare(dyld4::APIs&, mach_o::UnsafeHeader const*)  (in dyld) + 3996  [0x181731ae8]
    + !   : 32 dyld4::RuntimeState::notifyDebuggerLoad(std::span<dyld4::Loader const*, 18446744073709551615ul> const&)  (in dyld) + 528  [0x181740c8c]
    + !   :   32 dyld4::ExternallyViewableState::addImages(lsl::Allocator&, lsl::Allocator&, std::span<dyld4::ExternallyViewableState::ImageInfo, 18446744073709551615ul> const&)  (in dyld) + 1084  [0x18174bc80]
    + !   :     32 dyld4::ExternallyViewableState::triggerNotifications(dyld_image_mode, unsigned int, dyld_image_info const*)  (in dyld) + 296  [0x18174b524]
    + !   :       32 dyld4::RemoteNotificationResponder::blockOnSynchronousEvent(unsigned int)  (in dyld) + 48  [0x181791c90]
    + !   :         32 dyld4::RemoteNotificationResponder::sendMessage(int, unsigned int, mach_msg_header_t*)  (in dyld) + 244  [0x181791904]
    + !   :           32 mach_msg_overwrite  (in dyld) + 244  [0x1817ab18c]
    + !   :             32 mach_msg2_internal  (in dyld) + 76  [0x1817aafe4]
    + !   :               32 mach_msg2_trap  (in dyld) + 8  [0x18171172c]
    + !   1 dyld4::prepare(dyld4::APIs&, mach_o::UnsafeHeader const*)  (in dyld) + 1132  [0x181730fb8]
    + !   : 1 dyld4::JustInTimeLoader::loadDependents(Diagnostics&, dyld4::RuntimeState&, dyld4::Loader::LoadOptions const&)  (in dyld) + 304  [0x181750a04]
    + !   :   1 dyld4::PrebuiltLoader::loadDependents(Diagnostics&, dyld4::RuntimeState&, dyld4::Loader::LoadOptions const&)  (in dyld) + 424  [0x181782614]
    + !   :     1 dyld4::PrebuiltLoader::loadDependents(Diagnostics&, dyld4::RuntimeState&, dyld4::Loader::LoadOptions const&)  (in dyld) + 424  [0x181782614]
    + !   :       1 dyld4::PrebuiltLoader::loadDependents(Diagnostics&, dyld4::RuntimeState&, dyld4::Loader::LoadOptions const&)  (in dyld) + 424  [0x181782614]
    + !   :         1 dyld4::PrebuiltLoader::loadDependents(Diagnostics&, dyld4::RuntimeState&, dyld4::Loader::LoadOptions const&)  (in dyld) + 424  [0x181782614]
    + !   :           1 dyld4::PrebuiltLoader::loadDependents(Diagnostics&, dyld4::RuntimeState&, dyld4::Loader::LoadOptions const&)  (in dyld) + 424  [0x181782614]
    + !   :             1 dyld4::PrebuiltLoader::loadDependents(Diagnostics&, dyld4::RuntimeState&, dyld4::Loader::LoadOptions const&)  (in dyld) + 424  [0x181782614]
    + !   :               1 dyld4::PrebuiltLoader::loadDependents(Diagnostics&, dyld4::RuntimeState&, dyld4::Loader::LoadOptions const&)  (in dyld) + 424  [0x181782614]
    + !   :                 1 dyld4::PrebuiltLoader::loadDependents(Diagnostics&, dyld4::RuntimeState&, dyld4::Loader::LoadOptions const&)  (in dyld) + 424  [0x181782614]
    + !   :                   1 dyld4::PrebuiltLoader::loadDependents(Diagnostics&, dyld4::RuntimeState&, dyld4::Loader::LoadOptions const&)  (in dyld) + 424  [0x181782614]
    + !   :                     1 dyld4::PrebuiltLoader::loadDependents(Diagnostics&, dyld4::RuntimeState&, dyld4::Loader::LoadOptions const&)  (in dyld) + 424  [0x181782614]
    + !   :                       1 dyld4::PrebuiltLoader::loadDependents(Diagnostics&, dyld4::RuntimeState&, dyld4::Loader::LoadOptions const&)  (in dyld) + 424  [0x181782614]
    + !   :                         1 dyld4::PrebuiltLoader::loadDependents(Diagnostics&, dyld4::RuntimeState&, dyld4::Loader::LoadOptions const&)  (in dyld) + 424  [0x181782614]
    + !   :                           1 dyld4::PrebuiltLoader::loadDependents(Diagnostics&, dyld4::RuntimeState&, dyld4::Loader::LoadOptions const&)  (in dyld) + 424  [0x181782614]
    + !   :                             1 dyld4::PrebuiltLoader::loadDependents(Diagnostics&, dyld4::RuntimeState&, dyld4::Loader::LoadOptions const&)  (in dyld) + 424  [0x181782614]
    + !   :                               1 dyld4::PrebuiltLoader::loadDependents(Diagnostics&, dyld4::RuntimeState&, dyld4::Loader::LoadOptions const&)  (in dyld) + 424  [0x181782614]
    + !   :                                 1 dyld4::PrebuiltLoader::loadDependents(Diagnostics&, dyld4::RuntimeState&, dyld4::Loader::LoadOptions const&)  (in dyld) + 424  [0x181782614]
    + !   :                                   1 dyld4::PrebuiltLoader::loadDependents(Diagnostics&, dyld4::RuntimeState&, dyld4::Loader::LoadOptions const&)  (in dyld) + 424  [0x181782614]
    + !   :                                     1 dyld4::PrebuiltLoader::loadDependents(Diagnostics&, dyld4::RuntimeState&, dyld4::Loader::LoadOptions const&)  (in dyld) + 424  [0x181782614]
    + !   :                                       1 dyld4::PrebuiltLoader::loadDependents(Diagnostics&, dyld4::RuntimeState&, dyld4::Loader::LoadOptions const&)  (in dyld) + 424  [0x181782614]
    + !   :                                         1 dyld4::PrebuiltLoader::loadDependents(Diagnostics&, dyld4::RuntimeState&, dyld4::Loader::LoadOptions const&)  (in dyld) + 424  [0x181782614]
    + !   :                                           1 dyld4::PrebuiltLoader::loadDependents(Diagnostics&, dyld4::RuntimeState&, dyld4::Loader::LoadOptions const&)  (in dyld) + 424  [0x181782614]
    + !   :                                             1 dyld4::PrebuiltLoader::loadDependents(Diagnostics&, dyld4::RuntimeState&, dyld4::Loader::LoadOptions const&)  (in dyld) + 424  [0x181782614]
    + !   :                                               1 dyld4::PrebuiltLoader::loadDependents(Diagnostics&, dyld4::RuntimeState&, dyld4::Loader::LoadOptions const&)  (in dyld) + 424  [0x181782614]
    + !   :                                                 1 dyld4::PrebuiltLoader::loadDependents(Diagnostics&, dyld4::RuntimeState&, dyld4::Loader::LoadOptions const&)  (in dyld) + 424  [0x181782614]
    + !   :                                                   1 dyld4::PrebuiltLoader::loadDependents(Diagnostics&, dyld4::RuntimeState&, dyld4::Loader::LoadOptions const&)  (in dyld) + 424  [0x181782614]
    + !   :                                                     1 dyld4::PrebuiltLoader::loadDependents(Diagnostics&, dyld4::RuntimeState&, dyld4::Loader::LoadOptions const&)  (in dyld) + 424  [0x181782614]
    + !   :                                                       1 dyld4::PrebuiltLoader::loadDependents(Diagnostics&, dyld4::RuntimeState&, dyld4::Loader::LoadOptions const&)  (in dyld) + 424  [0x181782614]
    + !   :                                                         1 dyld4::PrebuiltLoader::loadDependents(Diagnostics&, dyld4::RuntimeState&, dyld4::Loader::LoadOptions const&)  (in dyld) + 424  [0x181782614]
    + !   :                                                           1 dyld4::PrebuiltLoader::loadDependents(Diagnostics&, dyld4::RuntimeState&, dyld4::Loader::LoadOptions const&)  (in dyld) + 424  [0x181782614]
    + !   :                                                             1 dyld4::PrebuiltLoader::loadDependents(Diagnostics&, dyld4::RuntimeState&, dyld4::Loader::LoadOptions const&)  (in dyld) + 424  [0x181782614]
    + !   :                                                               1 dyld4::PrebuiltLoader::loadDependents(Diagnostics&, dyld4::RuntimeState&, dyld4::Loader::LoadOptions const&)  (in dyld) + 424  [0x181782614]
    + !   :                                                                 1 dyld4::PrebuiltLoader::loadDependents(Diagnostics&, dyld4::RuntimeState&, dyld4::Loader::LoadOptions const&)  (in dyld) + 424  [0x181782614]
    + !   :                                                                   1 dyld4::PrebuiltLoader::loadDependents(Diagnostics&, dyld4::RuntimeState&, dyld4::Loader::LoadOptions const&)  (in dyld) + 424  [0x181782614]
    + !   :                                                                     1 dyld4::PrebuiltLoader::loadDependents(Diagnostics&, dyld4::RuntimeState&, dyld4::Loader::LoadOptions const&)  (in dyld) + 424  [0x181782614]
    + !   :                                                                       1 dyld4::PrebuiltLoader::loadDependents(Diagnostics&, dyld4::RuntimeState&, dyld4::Loader::LoadOptions const&)  (in dyld) + 424  [0x181782614]
    + !   :                                                                         1 dyld4::PrebuiltLoader::loadDependents(Diagnostics&, dyld4::RuntimeState&, dyld4::Loader::LoadOptions const&)  (in dyld) + 424  [0x181782614]
    + !   :                                                                           1 dyld4::PrebuiltLoader::loadDependents(Diagnostics&, dyld4::RuntimeState&, dyld4::Loader::LoadOptions const&)  (in dyld) + 424  [0x181782614]
    + !   :                                                                             1 dyld4::PrebuiltLoader::loadDependents(Diagnostics&, dyld4::RuntimeState&, dyld4::Loader::LoadOptions const&)  (in dyld) + 424  [0x181782614]
    + !   :                                                                               1 dyld4::PrebuiltLoader::loadDependents(Diagnostics&, dyld4::RuntimeState&, dyld4::Loader::LoadOptions const&)  (in dyld) + 424  [0x181782614]
    + !   :                                                                                 1 dyld4::PrebuiltLoader::loadDependents(Diagnostics&, dyld4::RuntimeState&, dyld4::Loader::LoadOptions const&)  (in dyld) + 424  [0x181782614]
    + !   :                                                                                   1 dyld4::PrebuiltLoader::loadDependents(Diagnostics&, dyld4::RuntimeState&, dyld4::Loader::LoadOptions const&)  (in dyld) + 424  [0x181782614]
    + !   :                                                                                     1 dyld4::PrebuiltLoader::loadDependents(Diagnostics&, dyld4::RuntimeState&, dyld4::Loader::LoadOptions const&)  (in dyld) + 424  [0x181782614]
    + !   :                                                                                       1 dyld4::PrebuiltLoader::loadDependents(Diagnostics&, dyld4::RuntimeState&, dyld4::Loader::LoadOptions const&)  (in dyld) + 424  [0x181782614]
    + !   :                                                                                         1 dyld4::PrebuiltLoader::loadDependents(Diagnostics&, dyld4::RuntimeState&, dyld4::Loader::LoadOptions const&)  (in dyld) + 424  [0x181782614]
    + !   :                                                                                           1 dyld4::PrebuiltLoader::loadDependents(Diagnostics&, dyld4::RuntimeState&, dyld4::Loader::LoadOptions const&)  (in dyld) + 424  [0x181782614]
    + !   :                                                                                             1 dyld4::PrebuiltLoader::loadDependents(Diagnostics&, dyld4::RuntimeState&, dyld4::Loader::LoadOptions const&)  (in dyld) + 424  [0x181782614]
    + !   :                                                                                               1 dyld4::PrebuiltLoader::loadDependents(Diagnostics&, dyld4::RuntimeState&, dyld4::Loader::LoadOptions const&)  (in dyld) + 424  [0x181782614]
    + !   :                                                                                                 1 dyld4::PrebuiltLoader::loadDependents(Diagnostics&, dyld4::RuntimeState&, dyld4::Loader::LoadOptions const&)  (in dyld) + 240  [0x18178255c]
    + !   :                                                                                                   1 dyld4::PrebuiltLoader::dependent(dyld4::RuntimeState const&, unsigned int, mach_o::LinkedDylibAttributes*) const  (in dyld) + 136  [0x1817826f0]
    + !   1 dyld4::prepare(dyld4::APIs&, mach_o::UnsafeHeader const*)  (in dyld) + 2116  [0x181731390]
    + !   : 1 dyld4::JustInTimeLoader::applyFixups(Diagnostics&, dyld4::RuntimeState&, dyld4::DyldCacheDataConstLazyScopedWriter&, bool, lsl::Vector<std::pair<dyld4::Loader const*, char const*>>*) const  (in dyld) + 676  [0x181751564]
    + !   :   1 dyld4::Loader::applyFixupsGeneric(Diagnostics&, dyld4::RuntimeState&, unsigned long long, dyld3::Array<void const*> const&, dyld3::Array<void const*> const&, bool, dyld3::Array<dyld4::Loader::MissingFlatLazySymbol> const&) const  (in dyld) + 472  [0x18175854c]
    + !   :     1 dyld3::MachOAnalyzer::forEachRebaseLocation_Opcodes(Diagnostics&, void (unsigned long long, bool&) block_pointer) const  (in dyld) + 440  [0x18176d4d8]
    + !   :       1 dyld3::MachOAnalyzer::forEachRebase_Opcodes(Diagnostics&, dyld3::MachOLoaded::LinkEditInfo const&, mach_o::UnsafeHeader::SegmentInfo const*, void (char const*, dyld3::MachOLoaded::LinkEditInfo const&, mach_o::UnsafeHeader::SegmentInfo const*, bool, unsigned int, unsigned char, unsigned long long, dyld3::MachOAnalyzer::Rebase, bool&) block_pointer) const  (in dyld) + 984  [0x18176d8ec]
    + !   :         1 invocation function for block in dyld4::Loader::applyFixupsGeneric(Diagnostics&, dyld4::RuntimeState&, unsigned long long, dyld3::Array<void const*> const&, dyld3::Array<void const*> const&, bool, dyld3::Array<dyld4::Loader::MissingFlatLazySymbol> const&) const  (in dyld) + 28  [0x181758b88]
    + !   1 dyld4::prepare(dyld4::APIs&, mach_o::UnsafeHeader const*)  (in dyld) + 4184  [0x181731ba4]
    + !     1 dyld4::APIs::runAllInitializersForMain()  (in dyld) + 100  [0x181724870]
    + !       1 dyld4::PrebuiltLoader::runInitializers(dyld4::RuntimeState&) const  (in dyld) + 44  [0x181783d44]
    + !         1 dyld4::Loader::findAndRunAllInitializers(dyld4::RuntimeState&) const  (in dyld) + 528  [0x181759394]
    + !           1 dyld3::MachOAnalyzer::forEachInitializer(Diagnostics&, dyld3::MachOAnalyzer::VMAddrConverter const&, void (unsigned int) block_pointer, void const*) const  (in dyld) + 516  [0x181769580]
    + !             1 mach_o::UnsafeHeader::forEachSection(void (mach_o::UnsafeHeader::SectionInfo const&, bool&) block_pointer) const  (in dyld) + 124  [0x1817a824c]
    + !               1 mach_o::UnsafeHeader::forEachLoadCommand(void (load_command const*, bool&) block_pointer) const  (in dyld) + 208  [0x1817a69a4]
    + !                 1 invocation function for block in mach_o::UnsafeHeader::forEachSection(void (mach_o::UnsafeHeader::SectionInfo const&, bool&) block_pointer) const  (in dyld) + 312  [0x1817a9fac]
    + !                   1 invocation function for block in dyld3::MachOAnalyzer::forEachInitializer(Diagnostics&, dyld3::MachOAnalyzer::VMAddrConverter const&, void (unsigned int) block_pointer, void const*) const  (in dyld) + 320  [0x181769a8c]
    + !                     1 invocation function for block in dyld4::Loader::findAndRunAllInitializers(dyld4::RuntimeState&) const::$_0::operator()() const  (in dyld) + 180  [0x18175ea28]
    + !                       1 libSystem_initializer  (in libSystem.B.dylib) + 204  [0x191957328]
    + !                         1 __malloc_init  (in libsystem_malloc.dylib) + 2524  [0x1818fb8a0]
    + !                           1 xzm_main_malloc_zone_create  (in libsystem_malloc.dylib) + 856  [0x181919604]
    + !                             1 mfm_initialize  (in libsystem_malloc.dylib) + 172  [0x18190bb50]
    + !                               1 mach_vm_map  (in libsystem_kernel.dylib) + 128  [0x181ab79d0]
    + !                                 1 _kernelrpc_mach_vm_map_trap  (in libsystem_kernel.dylib) + 8  [0x181ab7acc]
    + 1 start  (in dyld) + 4700  [0x102fefbf0]
    + ! 1 dyld4::ExternallyViewableState::createMinimalInfo(lsl::Allocator&, unsigned long long, char const*, unsigned long long, char const*, DyldSharedCache const*)  (in dyld) + 2116  [0x10300ac54]
    + !   1 dyld4::ExternallyViewableState::triggerNotifications(dyld_image_mode, unsigned int, dyld_image_info const*)  (in dyld) + 296  [0x10300b524]
    + !     1 dyld4::RemoteNotificationResponder::blockOnSynchronousEvent(unsigned int)  (in dyld) + 48  [0x103051c90]
    + !       1 dyld4::RemoteNotificationResponder::sendMessage(int, unsigned int, mach_msg_header_t*)  (in dyld) + 244  [0x103051904]
    + !         1 mach_msg_overwrite  (in dyld) + 244  [0x10306b18c]
    + !           1 mach_msg2_internal  (in dyld) + 76  [0x10306afe4]
    + !             1 mach_msg2_trap  (in dyld) + 8  [0x102fd172c]
    + 1 start  (in dyld) + 6008  [0x102ff010c]
    + ! 1 dyld4::ExternallyViewableState::createMinimalInfo(lsl::Allocator&, unsigned long long, char const*, unsigned long long, char const*, DyldSharedCache const*)  (in dyld) + 2116  [0x10300ac54]
    + !   1 dyld4::ExternallyViewableState::triggerNotifications(dyld_image_mode, unsigned int, dyld_image_info const*)  (in dyld) + 296  [0x10300b524]
    + !     1 dyld4::RemoteNotificationResponder::blockOnSynchronousEvent(unsigned int)  (in dyld) + 48  [0x103051c90]
    + !       1 dyld4::RemoteNotificationResponder::sendMessage(int, unsigned int, mach_msg_header_t*)  (in dyld) + 244  [0x103051904]
    + !         1 mach_msg_overwrite  (in dyld) + 244  [0x10306b18c]
    + !           1 mach_msg2_internal  (in dyld) + 76  [0x10306afe4]
    + !             1 mach_msg2_trap  (in dyld) + 8  [0x102fd172c]
    + 1 start  (in dyld) + 380  [0x18172eb10]
    3226 Thread_10744480   DispatchQueue_1: com.apple.main-thread  (serial)
      3221 start  (in dyld) + 6992  [0x1817304e4]
      ! 3221 main  (in rawk) + 52  [0x102917a34]
      !   3221 _RNvNtCsaLOjE9VYtxK_3std2rt19lang_start_internal  (in rawk) + 952  [0x102a3e0e4]
      !     3221 std::rt::lang_start::_$u7b$$u7b$closure$u7d$$u7d$::h2a395ae6c7694ba8  (in rawk) + 16  [0x10290dce4]
      !       3221 std::sys::backtrace::__rust_begin_short_backtrace::h8c3b3315b591e747  (in rawk) + 12  [0x10291191c]
      !         3221 rawk::main::haa01de2af175ed50  (in rawk) + 3120  [0x102914df8]
      !           1777 rawk::runner::run::h68691f04efcb3426  (in rawk) + 4376  [0x1028cb6f0]
      !           : 1762 rawk::runner::execute_action_inner::hb74abf24875beef1  (in rawk) + 1216  [0x1028c8c34]
      !           : | 974 rawk::runner::eval_expr::h6b2b90049722c17d  (in rawk) + 3460  [0x1028cd880]
      !           : | + 415 rawk::runner::eval_expr::h6b2b90049722c17d  (in rawk) + 7880  [0x1028ce9c4]
      !           : | + ! 194 rawk::ere::Ere::is_match::h3f64456f4150b8e0  (in rawk) + 108  [0x10291de1c]
      !           : | + ! : 101 _xzm_free  (in libsystem_malloc.dylib) + 1048  [0x181918530]
      !           : | + ! : | 101 mach_absolute_time  (in libsystem_kernel.dylib) + 108,112,...  [0x181ab810c,0x181ab8110,...]
      !           : | + ! : 46 _xzm_free  (in libsystem_malloc.dylib) + 684,0,...  [0x1819183c4,0x181918118,...]
      !           : | + ! : 29 _xzm_free  (in libsystem_malloc.dylib) + 352  [0x181918278]
      !           : | + ! : | 14 __bzero  (in libsystem_platform.dylib) + 0  [0x181b05030]
      !           : | + ! : | 11 _platform_memset  (in libsystem_platform.dylib) + 180,208  [0x181b05144,0x181b05160]
      !           : | + ! : | 4 DYLD-STUB$$_platform_bzero  (in libsystem_malloc.dylib) + 12  [0x18192f87c]
      !           : | + ! : 14 _free  (in libsystem_malloc.dylib) + 0,76,...  [0x181927cd0,0x181927d1c,...]
      !           : | + ! : 4 DYLD-STUB$$free  (in rawk) + 4  [0x102a6f794]
      !           : | + ! 133 rawk::ere::Ere::is_match::h3f64456f4150b8e0  (in rawk) + 52  [0x10291dde4]
      !           : | + ! : 66 rawk::unicode_ere::encode_keys::hbdf284bb47403012  (in rawk) + 72  [0x1028d458c]
      !           : | + ! : | 31 _xzm_xzone_malloc_tiny  (in libsystem_malloc.dylib) + 256,168,...  [0x18191d03c,0x18191cfe4,...]
      !           : | + ! : | 11 _malloc_zone_malloc  (in libsystem_malloc.dylib) + 56,12,...  [0x1819270f4,0x1819270c8,...]
      !           : | + ! : | 10 _xzm_xzone_malloc  (in libsystem_malloc.dylib) + 8,192,...  [0x181917958,0x181917a10,...]
      !           : | + ! : | 8 <deduplicated_symbol>  (in libsystem_malloc.dylib) + 136,212,...  [0x1819171e4,0x181917230,...]
      !           : | + ! : | 4 _RNvCsGIExRX8pES_7___rustc11___rdl_alloc  (in rawk) + 0  [0x102a2e6c8]
      !           : | + ! : | 2 DYLD-STUB$$malloc  (in rawk) + 4  [0x102a6f890]
      !           : | + ! : 65 rawk::unicode_ere::encode_keys::hbdf284bb47403012  (in rawk) + 160,96,...  [0x1028d45e4,0x1028d45a4,...]
      !           : | + ! : 2 rawk::unicode_ere::encode_keys::hbdf284bb47403012  (in rawk) + 60  [0x1028d4580]
      !           : | + ! :   2 _RNvCsGIExRX8pES_7___rustc35___rust_no_alloc_shim_is_unstable_v2  (in rawk) + 0  [0x102927264]
      !           : | + ! 80 rawk::ere::Ere::is_match::h3f64456f4150b8e0  (in rawk) + 76  [0x10291ddfc]
      !           : | + ! : 52 rawk::ere::Ere::locate::hd6dde1b0ec20fb5c  (in rawk) + 308  [0x10291dbd4]
      !           : | + ! : | 41 _$LT$regex_automata..meta..strategy..Pre$LT$P$GT$$u20$as$u20$regex_automata..meta..strategy..Strategy$GT$::search::h59a47dad3073e76c  (in rawk) + 192  [0x102973368]
      !           : | + ! : | + 41 memchr::memmem::searcher::searcher_kind_neon::h70b09a7044572e23  (in rawk) + 232,180,...  [0x1029adb74,0x1029adb40,...]
      !           : | + ! : | 8 _$LT$regex_automata..meta..strategy..Pre$LT$P$GT$$u20$as$u20$regex_automata..meta..strategy..Strategy$GT$::search::h59a47dad3073e76c  (in rawk) + 20,108,...  [0x1029732bc,0x102973314,...]
      !           : | + ! : | 3 memchr::memmem::searcher::searcher_kind_neon::h70b09a7044572e23  (in rawk) + 840  [0x1029addd4]
      !           : | + ! : 26 rawk::ere::Ere::locate::hd6dde1b0ec20fb5c  (in rawk) + 140,420,...  [0x10291db2c,0x10291dc44,...]
      !           : | + ! : 2 rawk::ere::Ere::locate::hd6dde1b0ec20fb5c  (in rawk) + 84  [0x10291daf4]
      !           : | + ! :   2 _tlv_get_addr  (in libdyld.dylib) + 12,20  [0x1816f8394,0x1816f839c]
      !           : | + ! 4 rawk::ere::Ere::is_match::h3f64456f4150b8e0  (in rawk) + 28,76,...  [0x10291ddcc,0x10291ddfc,...]
      !           : | + ! 2 _xzm_free  (in libsystem_malloc.dylib) + 1552  [0x181918728]
      !           : | + ! 2 rawk::unicode_ere::encode_keys::hbdf284bb47403012  (in rawk) + 460  [0x1028d4710]
      !           : | + 245 rawk::runner::eval_expr::h6b2b90049722c17d  (in rawk) + 764  [0x1028ccdf8]
      !           : | + ! 188 rawk::runner::eval_expr::h6b2b90049722c17d  (in rawk) + 3564  [0x1028cd8e8]
      !           : | + ! : 84 rawk::types::EvalContext::get_field::h548637f6d685f622  (in rawk) + 184  [0x1028f3a2c]
      !           : | + ! : | 37 _xzm_xzone_malloc_tiny  (in libsystem_malloc.dylib) + 420,536,...  [0x18191d0e0,0x18191d154,...]
      !           : | + ! : | 15 <deduplicated_symbol>  (in libsystem_malloc.dylib) + 112,136,...  [0x1819171cc,0x1819171e4,...]
      !           : | + ! : | 14 _malloc_zone_malloc  (in libsystem_malloc.dylib) + 12,44,...  [0x1819270c8,0x1819270e8,...]
      !           : | + ! : | 9 _xzm_xzone_malloc  (in libsystem_malloc.dylib) + 324,180,...  [0x181917a94,0x181917a04,...]
      !           : | + ! : | 5 DYLD-STUB$$malloc  (in rawk) + 4  [0x102a6f890]
      !           : | + ! : | 4 _RNvCsGIExRX8pES_7___rustc11___rdl_alloc  (in rawk) + 0  [0x102a2e6c8]
      !           : | + ! : 50 rawk::types::EvalContext::get_field::h548637f6d685f622  (in rawk) + 344  [0x1028f3acc]
      !           : | + ! : | 50 _RNvNtNtCs6sq8b9ugfBC_4core3str8converts9from_utf8  (in rawk) + 120,112,...  [0x102a59e84,0x102a59e7c,...]
      !           : | + ! : 29 rawk::types::EvalContext::get_field::h548637f6d685f622  (in rawk) + 364  [0x1028f3ae0]
      !           : | + ! : | 23 rawk::types::parse_number::h5536bd0a1d12aed5  (in rawk) + 216  [0x1028f4128]
      !           : | + ! : | + 13 _RNvXs2_NtNtCs6sq8b9ugfBC_4core3num11float_parsedNtNtNtB9_3str6traits7FromStr8from_str  (in rawk) + 96  [0x102a5ef7c]
      !           : | + ! : | + ! 13 _RNvNtNtNtNtCs6sq8b9ugfBC_4core3num3imp7dec2flt5parse12parse_number  (in rawk) + 76,648,...  [0x102a5b1dc,0x102a5b418,...]
      !           : | + ! : | + 10 _RNvXs2_NtNtCs6sq8b9ugfBC_4core3num11float_parsedNtNtNtB9_3str6traits7FromStr8from_str  (in rawk) + 60,596,...  [0x102a5ef58,0x102a5f170,...]
      !           : | + ! : | 4 _RNvXs2_NtNtCs6sq8b9ugfBC_4core3num11float_parsedNtNtNtB9_3str6traits7FromStr8from_str  (in rawk) + 612,616  [0x102a5f180,0x102a5f184]
      !           : | + ! : | 2 rawk::types::parse_number::h5536bd0a1d12aed5  (in rawk) + 0,184  [0x1028f4050,0x1028f4108]
      !           : | + ! : 14 rawk::types::EvalContext::get_field::h548637f6d685f622  (in rawk) + 204  [0x1028f3a40]
      !           : | + ! : | 12 _platform_memmove  (in libsystem_platform.dylib) + 12,452,...  [0x181b0536c,0x181b05524,...]
      !           : | + ! : | 2 DYLD-STUB$$memcpy  (in rawk) + 4  [0x102a6f8b4]
      !           : | + ! : 10 rawk::types::EvalContext::get_field::h548637f6d685f622  (in rawk) + 16,344,...  [0x1028f3984,0x1028f3acc,...]
      !           : | + ! : 1 rawk::types::EvalContext::get_field::h548637f6d685f622  (in rawk) + 168  [0x1028f3a1c]
      !           : | + ! :   1 _RNvCsGIExRX8pES_7___rustc35___rust_no_alloc_shim_is_unstable_v2  (in rawk) + 0  [0x102927264]
      !           : | + ! 37 rawk::runner::eval_expr::h6b2b90049722c17d  (in rawk) + 1040  [0x1028ccf0c]
      !           : | + ! : 13 rawk::runner::target::hc5313f666bfb6aad  (in rawk) + 480,616,...  [0x1028cc994,0x1028cca1c,...]
      !           : | + ! : 10 rawk::runner::target::hc5313f666bfb6aad  (in rawk) + 240  [0x1028cc8a4]
      !           : | + ! : | 10 rawk::runner::eval_expr::h6b2b90049722c17d  (in rawk) + 68,80,...  [0x1028ccb40,0x1028ccb4c,...]
      !           : | + ! : 10 rawk::runner::target::hc5313f666bfb6aad  (in rawk) + 356  [0x1028cc918]
      !           : | + ! : | 10 rawk::types::AwkValue::as_number::hb66799bac4d35e0b  (in rawk) + 12,0,...  [0x1028f5338,0x1028f532c,...]
      !           : | + ! : 4 rawk::runner::eval_expr::h6b2b90049722c17d  (in rawk) + 5920  [0x1028ce21c]
      !           : | + ! 15 rawk::runner::eval_expr::h6b2b90049722c17d  (in rawk) + 1068,40,...  [0x1028ccf28,0x1028ccb24,...]
      !           : | + ! 4 rawk::types::EvalContext::get_field::h548637f6d685f622  (in rawk) + 420  [0x1028f3b18]
      !           : | + ! 1 rawk::runner::target::hc5313f666bfb6aad  (in rawk) + 596  [0x1028cca08]
      !           : | + 114 rawk::runner::eval_expr::h6b2b90049722c17d  (in rawk) + 7864  [0x1028ce9b4]
      !           : | + ! 80 rawk::types::AwkValue::as_string_convfmt::h865b85d77f411c9e  (in rawk) + 472  [0x1028f4858]
      !           : | + ! : 35 _xzm_xzone_malloc_tiny  (in libsystem_malloc.dylib) + 420,256,...  [0x18191d0e0,0x18191d03c,...]
      !           : | + ! : 17 _malloc_zone_malloc  (in libsystem_malloc.dylib) + 12,56,...  [0x1819270c8,0x1819270f4,...]
      !           : | + ! : 13 _xzm_xzone_malloc  (in libsystem_malloc.dylib) + 192,8,...  [0x181917a10,0x181917958,...]
      !           : | + ! : 8 _RNvCsGIExRX8pES_7___rustc11___rdl_alloc  (in rawk) + 0  [0x102a2e6c8]
      !           : | + ! : 7 <deduplicated_symbol>  (in libsystem_malloc.dylib) + 212,136,...  [0x181917230,0x1819171e4,...]
      !           : | + ! 23 rawk::types::AwkValue::as_string_convfmt::h865b85d77f411c9e  (in rawk) + 492  [0x1028f486c]
      !           : | + ! : 19 _platform_memmove  (in libsystem_platform.dylib) + 12,428,...  [0x181b0536c,0x181b0550c,...]
      !           : | + ! : 4 DYLD-STUB$$memcpy  (in rawk) + 4  [0x102a6f8b4]
      !           : | + ! 10 rawk::types::AwkValue::as_string_convfmt::h865b85d77f411c9e  (in rawk) + 36,92,...  [0x1028f46a4,0x1028f46dc,...]
      !           : | + ! 1 rawk::types::AwkValue::as_string_convfmt::h865b85d77f411c9e  (in rawk) + 456  [0x1028f4848]
      !           : | + !   1 _RNvCsGIExRX8pES_7___rustc35___rust_no_alloc_shim_is_unstable_v2  (in rawk) + 0  [0x102927264]
      !           : | + 93 rawk::runner::eval_expr::h6b2b90049722c17d  (in rawk) + 7816  [0x1028ce984]
      !           : | + ! 52 rawk::types::EvalContext::compile_or_get_regex::hc316f3ca6da97581  (in rawk) + 80  [0x1028f2020]
      !           : | + ! : 24 core::hash::BuildHasher::hash_one::h954df699ac83f5c5  (in rawk) + 96  [0x1029025b0]
      !           : | + ! : | 24 _$LT$core..hash..sip..Hasher$LT$S$GT$$u20$as$u20$core..hash..Hasher$GT$::write::hb89c965e3d55cf6c  (in rawk) + 12,444,...  [0x10290441c,0x1029045cc,...]
      !           : | + ! : 18 core::hash::BuildHasher::hash_one::h954df699ac83f5c5  (in rawk) + 112  [0x1029025c0]
      !           : | + ! : | 18 _$LT$core..hash..sip..Hasher$LT$S$GT$$u20$as$u20$core..hash..Hasher$GT$::write::hb89c965e3d55cf6c  (in rawk) + 376,12,...  [0x102904588,0x10290441c,...]
      !           : | + ! : 10 core::hash::BuildHasher::hash_one::h954df699ac83f5c5  (in rawk) + 236,64,...  [0x10290263c,0x102902590,...]
      !           : | + ! 20 rawk::types::EvalContext::compile_or_get_regex::hc316f3ca6da97581  (in rawk) + 176  [0x1028f2080]
      !           : | + ! : 19 _platform_memcmp  (in libsystem_platform.dylib) + 272,164,...  [0x181b03020,0x181b02fb4,...]
      !           : | + ! : 1 DYLD-STUB$$memcmp  (in rawk) + 4  [0x102a6f8a8]
      !           : | + ! 16 rawk::types::EvalContext::compile_or_get_regex::hc316f3ca6da97581  (in rawk) + 80,56,...  [0x1028f2020,0x1028f2008,...]
      !           : | + ! 5 core::hash::BuildHasher::hash_one::h954df699ac83f5c5  (in rawk) + 300  [0x10290267c]
      !           : | + 42 rawk::runner::eval_expr::h6b2b90049722c17d  (in rawk) + 7524  [0x1028ce860]
      !           : | + ! 30 _xzm_free  (in libsystem_malloc.dylib) + 28,256,...  [0x181918134,0x181918218,...]
      !           : | + ! 8 _free  (in libsystem_malloc.dylib) + 0,56,...  [0x181927cd0,0x181927d08,...]
      !           : | + ! 3 core::ptr::drop_in_place$LT$rawk..types..AwkValue$GT$::h9b5fea5b20359f3c  (in rawk) + 0,32  [0x1028c70cc,0x1028c70ec]
      !           : | + ! 1 _RNvCsGIExRX8pES_7___rustc14___rust_dealloc  (in rawk) + 0  [0x102927258]
      !           : | + 30 rawk::runner::eval_expr::h6b2b90049722c17d  (in rawk) + 4276,5920,...  [0x1028cdbb0,0x1028ce21c,...]
      !           : | + 26 rawk::runner::eval_expr::h6b2b90049722c17d  (in rawk) + 7928  [0x1028ce9f4]
      !           : | + ! 21 _xzm_free  (in libsystem_malloc.dylib) + 128,1232,...  [0x181918198,0x1819185e8,...]
      !           : | + ! 3 _free  (in libsystem_malloc.dylib) + 56  [0x181927d08]
      !           : | + ! 1 free  (in libsystem_malloc.dylib) + 0  [0x1818ee6b8]
      !           : | + ! 1 xzm_malloc_zone_try_free_default  (in libsystem_malloc.dylib) + 0  [0x181923170]
      !           : | + 5 _xzm_free  (in libsystem_malloc.dylib) + 1568  [0x181918738]
      !           : | + 3 rawk::types::EvalContext::compile_or_get_regex::hc316f3ca6da97581  (in rawk) + 716  [0x1028f229c]
      !           : | + 1 rawk::types::AwkValue::as_string_convfmt::h865b85d77f411c9e  (in rawk) + 868  [0x1028f49e4]
      !           : | 572 rawk::runner::eval_expr::h6b2b90049722c17d  (in rawk) + 6120  [0x1028ce2e4]
      !           : | + 352 rawk::runner::Target::set::h6eef221ef8ea6f10  (in rawk) + 428  [0x1028cc700]
      !           : | + ! 253 rawk::types::EvalContext::set_var::h469b9e00bead32f6  (in rawk) + 724  [0x1028f34a0]
      !           : | + ! : 125 _xzm_free  (in libsystem_malloc.dylib) + 1048  [0x181918530]
      !           : | + ! : | 121 mach_absolute_time  (in libsystem_kernel.dylib) + 108,112,...  [0x181ab810c,0x181ab8110,...]
      !           : | + ! : | 4 DYLD-STUB$$mach_absolute_time  (in libsystem_malloc.dylib) + 12  [0x18192fb9c]
      !           : | + ! : 39 _xzm_free  (in libsystem_malloc.dylib) + 0,1144,...  [0x181918118,0x181918590,...]
      !           : | + ! : 39 hashbrown::map::HashMap$LT$K$C$V$C$S$C$A$GT$::insert::h0d56fcdb6de36ae8  (in rawk) + 60  [0x1028f91c8]
      !           : | + ! : | 21 core::hash::BuildHasher::hash_one::he6b98ff62744bcb3  (in rawk) + 288,64,...  [0x1029027a8,0x1029026c8,...]
      !           : | + ! : | 12 core::hash::BuildHasher::hash_one::he6b98ff62744bcb3  (in rawk) + 104  [0x1029026f0]
      !           : | + ! : | + 12 _$LT$core..hash..sip..Hasher$LT$S$GT$$u20$as$u20$core..hash..Hasher$GT$::write::hb89c965e3d55cf6c  (in rawk) + 164,12,...  [0x1029044b4,0x10290441c,...]
      !           : | + ! : | 6 core::hash::BuildHasher::hash_one::he6b98ff62744bcb3  (in rawk) + 80  [0x1029026d8]
      !           : | + ! : |   6 _$LT$core..hash..sip..Hasher$LT$S$GT$$u20$as$u20$core..hash..Hasher$GT$::write::hb89c965e3d55cf6c  (in rawk) + 12,0,...  [0x10290441c,0x102904410,...]
      !           : | + ! : 15 _free  (in libsystem_malloc.dylib) + 0,44,...  [0x181927cd0,0x181927cfc,...]
      !           : | + ! : 14 hashbrown::map::HashMap$LT$K$C$V$C$S$C$A$GT$::insert::h0d56fcdb6de36ae8  (in rawk) + 192,8,...  [0x1028f924c,0x1028f9194,...]
      !           : | + ! : 13 hashbrown::map::HashMap$LT$K$C$V$C$S$C$A$GT$::insert::h0d56fcdb6de36ae8  (in rawk) + 192  [0x1028f924c]
      !           : | + ! : | 11 _platform_memcmp  (in libsystem_platform.dylib) + 260,272,...  [0x181b03014,0x181b03020,...]
      !           : | + ! : | 2 DYLD-STUB$$memcmp  (in rawk) + 4  [0x102a6f8a8]
      !           : | + ! : 6 DYLD-STUB$$free  (in rawk) + 4,0  [0x102a6f794,0x102a6f790]
      !           : | + ! : 2 _RNvCsGIExRX8pES_7___rustc14___rust_dealloc  (in rawk) + 0  [0x102927258]
      !           : | + ! 78 rawk::types::EvalContext::set_var::h469b9e00bead32f6  (in rawk) + 668  [0x1028f3468]
      !           : | + ! : 38 _xzm_xzone_malloc_tiny  (in libsystem_malloc.dylib) + 680,256,...  [0x18191d1e4,0x18191d03c,...]
      !           : | + ! : 16 _malloc_zone_malloc  (in libsystem_malloc.dylib) + 12,0,...  [0x1819270c8,0x1819270bc,...]
      !           : | + ! : 10 _xzm_xzone_malloc  (in libsystem_malloc.dylib) + 8,324,...  [0x181917958,0x181917a94,...]
      !           : | + ! : 7 <deduplicated_symbol>  (in libsystem_malloc.dylib) + 212,112  [0x181917230,0x1819171cc]
      !           : | + ! : 5 _RNvCsGIExRX8pES_7___rustc11___rdl_alloc  (in rawk) + 0  [0x102a2e6c8]
      !           : | + ! : 2 DYLD-STUB$$malloc  (in rawk) + 4  [0x102a6f890]
      !           : | + ! 13 rawk::types::EvalContext::set_var::h469b9e00bead32f6  (in rawk) + 8,500,...  [0x1028f31d4,0x1028f33c0,...]
      !           : | + ! 4 rawk::types::EvalContext::set_var::h469b9e00bead32f6  (in rawk) + 688  [0x1028f347c]
      !           : | + ! : 3 _platform_memmove  (in libsystem_platform.dylib) + 12,436,...  [0x181b0536c,0x181b05514,...]
      !           : | + ! : 1 DYLD-STUB$$memcpy  (in rawk) + 4  [0x102a6f8b4]
      !           : | + ! 3 rawk::types::EvalContext::set_var::h469b9e00bead32f6  (in rawk) + 652  [0x1028f3458]
      !           : | + ! : 3 _RNvCsGIExRX8pES_7___rustc35___rust_no_alloc_shim_is_unstable_v2  (in rawk) + 0  [0x102927264]
      !           : | + ! 1 _xzm_free  (in libsystem_malloc.dylib) + 1552  [0x181918728]
      !           : | + 198 rawk::runner::Target::set::h6eef221ef8ea6f10  (in rawk) + 284  [0x1028cc670]
      !           : | + ! 85 rawk::types::EvalContext::array::he08681fe5509801c  (in rawk) + 288  [0x1028f2aac]
      !           : | + ! : 72 rawk::types::EvalContext::array_name::hfa92f30c9a46746b  (in rawk) + 304  [0x1028f04bc]
      !           : | + ! : | 28 _xzm_xzone_malloc_tiny  (in libsystem_malloc.dylib) + 276,256,...  [0x18191d050,0x18191d03c,...]
      !           : | + ! : | 16 _malloc_zone_malloc  (in libsystem_malloc.dylib) + 12,56,...  [0x1819270c8,0x1819270f4,...]
      !           : | + ! : | 12 <deduplicated_symbol>  (in libsystem_malloc.dylib) + 136,280,...  [0x1819171e4,0x181917274,...]
      !           : | + ! : | 9 _xzm_xzone_malloc  (in libsystem_malloc.dylib) + 24,184,...  [0x181917968,0x181917a08,...]
      !           : | + ! : | 3 DYLD-STUB$$malloc  (in rawk) + 4  [0x102a6f890]
      !           : | + ! : | 3 _RNvCsGIExRX8pES_7___rustc11___rdl_alloc  (in rawk) + 0  [0x102a2e6c8]
      !           : | + ! : | 1 malloc  (in libsystem_malloc.dylib) + 0  [0x1818edce8]
      !           : | + ! : 9 rawk::types::EvalContext::array_name::hfa92f30c9a46746b  (in rawk) + 324  [0x1028f04d0]
      !           : | + ! : | 8 _platform_memmove  (in libsystem_platform.dylib) + 12,436,...  [0x181b0536c,0x181b05514,...]
      !           : | + ! : | 1 DYLD-STUB$$memcpy  (in rawk) + 4  [0x102a6f8b4]
      !           : | + ! : 4 rawk::types::EvalContext::array_name::hfa92f30c9a46746b  (in rawk) + 44,308  [0x1028f03b8,0x1028f04c0]
      !           : | + ! 53 rawk::types::EvalContext::array::he08681fe5509801c  (in rawk) + 308  [0x1028f2ac0]
      !           : | + ! : 21 core::hash::BuildHasher::hash_one::he6b98ff62744bcb3  (in rawk) + 288,188,...  [0x1029027a8,0x102902744,...]
      !           : | + ! : 17 core::hash::BuildHasher::hash_one::he6b98ff62744bcb3  (in rawk) + 80  [0x1029026d8]
      !           : | + ! : | 17 _$LT$core..hash..sip..Hasher$LT$S$GT$$u20$as$u20$core..hash..Hasher$GT$::write::hb89c965e3d55cf6c  (in rawk) + 400,68,...  [0x1029045a0,0x102904454,...]
      !           : | + ! : 15 core::hash::BuildHasher::hash_one::he6b98ff62744bcb3  (in rawk) + 104  [0x1029026f0]
      !           : | + ! :   15 _$LT$core..hash..sip..Hasher$LT$S$GT$$u20$as$u20$core..hash..Hasher$GT$::write::hb89c965e3d55cf6c  (in rawk) + 12,124,...  [0x10290441c,0x10290448c,...]
      !           : | + ! 46 rawk::types::EvalContext::array::he08681fe5509801c  (in rawk) + 544  [0x1028f2bac]
      !           : | + ! : 35 _xzm_free  (in libsystem_malloc.dylib) + 996,0,...  [0x1819184fc,0x181918118,...]
      !           : | + ! : 8 _free  (in libsystem_malloc.dylib) + 0,108,...  [0x181927cd0,0x181927d3c,...]
      !           : | + ! : 3 DYLD-STUB$$free  (in rawk) + 4  [0x102a6f794]
      !           : | + ! 11 rawk::types::EvalContext::array::he08681fe5509801c  (in rawk) + 40,440,...  [0x1028f29b4,0x1028f2b44,...]
      !           : | + ! 2 rawk::types::EvalContext::array_name::hfa92f30c9a46746b  (in rawk) + 400  [0x1028f051c]
      !           : | + ! 1 _xzm_free  (in libsystem_malloc.dylib) + 1568  [0x181918738]
      !           : | + 8 rawk::runner::Target::set::h6eef221ef8ea6f10  (in rawk) + 132,44,...  [0x1028cc5d8,0x1028cc580,...]
      !           : | + 6 rawk::runner::Target::set::h6eef221ef8ea6f10  (in rawk) + 132  [0x1028cc5d8]
      !           : | + ! 6 rawk::types::EvalContext::is_function_name::h617b51db4b413413  (in rawk) + 0,448  [0x1028f1d04,0x1028f1ec4]
      !           : | + 4 rawk::types::EvalContext::array::he08681fe5509801c  (in rawk) + 572  [0x1028f2bc8]
      !           : | + 4 rawk::types::EvalContext::set_var::h469b9e00bead32f6  (in rawk) + 1816,1820  [0x1028f38e4,0x1028f38e8]
      !           : | 92 rawk::runner::eval_expr::h6b2b90049722c17d  (in rawk) + 3368  [0x1028cd824]
      !           : | + 54 rawk::types::EvalContext::get_var::hd08700b019db6de9  (in rawk) + 776  [0x1028f2efc]
      !           : | + ! 22 core::hash::BuildHasher::hash_one::h773ecb9f6643a431  (in rawk) + 96  [0x10290248c]
      !           : | + ! : 22 _$LT$core..hash..sip..Hasher$LT$S$GT$$u20$as$u20$core..hash..Hasher$GT$::write::hb89c965e3d55cf6c  (in rawk) + 204,124,...  [0x1029044dc,0x10290448c,...]
      !           : | + ! 21 core::hash::BuildHasher::hash_one::h773ecb9f6643a431  (in rawk) + 72  [0x102902474]
      !           : | + ! : 21 _$LT$core..hash..sip..Hasher$LT$S$GT$$u20$as$u20$core..hash..Hasher$GT$::write::hb89c965e3d55cf6c  (in rawk) + 68,400,...  [0x102904454,0x1029045a0,...]
      !           : | + ! 11 core::hash::BuildHasher::hash_one::h773ecb9f6643a431  (in rawk) + 280,156,...  [0x102902544,0x1029024c8,...]
      !           : | + 27 rawk::types::EvalContext::get_var::hd08700b019db6de9  (in rawk) + 956,48,...  [0x1028f2fb0,0x1028f2c24,...]
      !           : | + 11 rawk::types::EvalContext::get_var::hd08700b019db6de9  (in rawk) + 876  [0x1028f2f60]
      !           : | +   11 _platform_memcmp  (in libsystem_platform.dylib) + 272,140,...  [0x181b03020,0x181b02f9c,...]
      !           : | 42 rawk::runner::eval_expr::h6b2b90049722c17d  (in rawk) + 920  [0x1028cce94]
      !           : | + 38 rawk::runner::target::hc5313f666bfb6aad  (in rawk) + 220  [0x1028cc890]
      !           : | + ! 32 _RNvXs4_NtCs8dnTdrJsiec_5alloc6stringNtB5_6StringNtNtCs6sq8b9ugfBC_4core5clone5Clone5clone  (in rawk) + 48  [0x102a53c4c]
      !           : | + ! : 19 _xzm_xzone_malloc_tiny  (in libsystem_malloc.dylib) + 68,820,...  [0x18191cf80,0x18191d270,...]
      !           : | + ! : 6 _malloc_zone_malloc  (in libsystem_malloc.dylib) + 4,92  [0x1819270c0,0x181927118]
      !           : | + ! : 4 <deduplicated_symbol>  (in libsystem_malloc.dylib) + 280,80,...  [0x181917274,0x1819171ac,...]
      !           : | + ! : 3 _xzm_xzone_malloc  (in libsystem_malloc.dylib) + 0,192  [0x181917950,0x181917a10]
      !           : | + ! 6 _RNvXs4_NtCs8dnTdrJsiec_5alloc6stringNtB5_6StringNtNtCs6sq8b9ugfBC_4core5clone5Clone5clone  (in rawk) + 68  [0x102a53c60]
      !           : | + !   6 _platform_memmove  (in libsystem_platform.dylib) + 12,436,...  [0x181b0536c,0x181b05514,...]
      !           : | + 3 rawk::runner::target::hc5313f666bfb6aad  (in rawk) + 40  [0x1028cc7dc]
      !           : | + 1 _RNvXs4_NtCs8dnTdrJsiec_5alloc6stringNtB5_6StringNtNtCs6sq8b9ugfBC_4core5clone5Clone5clone  (in rawk) + 92  [0x102a53c78]
      !           : | 22 rawk::runner::eval_expr::h6b2b90049722c17d  (in rawk) + 0,6120,...  [0x1028ccafc,0x1028ce2e4,...]
      !           : | 20 rawk::runner::eval_expr::h6b2b90049722c17d  (in rawk) + 6176  [0x1028ce31c]
      !           : | + 12 _xzm_free  (in libsystem_malloc.dylib) + 172,264,...  [0x1819181c4,0x181918220,...]
      !           : | + 4 _RNvCsGIExRX8pES_7___rustc14___rust_dealloc  (in rawk) + 0  [0x102927258]
      !           : | + 2 _free  (in libsystem_malloc.dylib) + 96  [0x181927d30]
      !           : | + 2 core::ptr::drop_in_place$LT$rawk..runner..Target$GT$::hc6e572787d827f40  (in rawk) + 112  [0x1028c7094]
      !           : | 10 rawk::runner::eval_expr::h6b2b90049722c17d  (in rawk) + 6028  [0x1028ce288]
      !           : | + 10 rawk::types::AwkValue::as_number::hb66799bac4d35e0b  (in rawk) + 40,136  [0x1028f5354,0x1028f53b4]
      !           : | 8 rawk::runner::eval_expr::h6b2b90049722c17d  (in rawk) + 6040  [0x1028ce294]
      !           : | + 8 rawk::types::AwkValue::as_number::hb66799bac4d35e0b  (in rawk) + 40,136,...  [0x1028f5354,0x1028f53b4,...]
      !           : | 6 rawk::types::EvalContext::get_var::hd08700b019db6de9  (in rawk) + 972,984  [0x1028f2fc0,0x1028f2fcc]
      !           : | 5 _$LT$rawk..types..AwkValue$u20$as$u20$core..clone..Clone$GT$::clone::h0cadd9679462d5ec  (in rawk) + 312  [0x1028d09f0]
      !           : | 4 rawk::runner::eval_expr::h6b2b90049722c17d  (in rawk) + 6100  [0x1028ce2d0]
      !           : | + 4 _$LT$rawk..types..AwkValue$u20$as$u20$core..clone..Clone$GT$::clone::h0cadd9679462d5ec  (in rawk) + 20  [0x1028d08cc]
      !           : | 3 rawk::runner::target::hc5313f666bfb6aad  (in rawk) + 596  [0x1028cca08]
      !           : | 2 rawk::runner::Target::set::h6eef221ef8ea6f10  (in rawk) + 444  [0x1028cc710]
      !           : | 1 _xzm_free  (in libsystem_malloc.dylib) + 1544  [0x181918720]
      !           : | 1 rawk::runner::eval_expr::h6b2b90049722c17d  (in rawk) + 6160  [0x1028ce30c]
      !           : |   1 core::ptr::drop_in_place$LT$rawk..types..AwkValue$GT$::h9b5fea5b20359f3c  (in rawk) + 52  [0x1028c7100]
      !           : 10 rawk::runner::execute_action_inner::hb74abf24875beef1  (in rawk) + 5868,24,...  [0x1028c9e60,0x1028c878c,...]
      !           : 3 rawk::runner::execute_action_inner::hb74abf24875beef1  (in rawk) + 104  [0x1028c87dc]
      !           : | 3 _tlv_get_addr  (in libdyld.dylib) + 0  [0x1816f8388]
      !           : 2 rawk::runner::eval_expr::h6b2b90049722c17d  (in rawk) + 5916  [0x1028ce218]
      !           955 rawk::runner::run::h68691f04efcb3426  (in rawk) + 4128  [0x1028cb5f8]
      !           : 278 rawk::runner::read_main::hae7ba469f196c48a  (in rawk) + 2244  [0x1028cfadc]
      !           : | 109 rawk::types::EvalContext::set_var::h469b9e00bead32f6  (in rawk) + 724  [0x1028f34a0]
      !           : | + 45 _xzm_free  (in libsystem_malloc.dylib) + 996,0,...  [0x1819184fc,0x181918118,...]
      !           : | + 24 hashbrown::map::HashMap$LT$K$C$V$C$S$C$A$GT$::insert::h0d56fcdb6de36ae8  (in rawk) + 60  [0x1028f91c8]
      !           : | + ! 12 core::hash::BuildHasher::hash_one::he6b98ff62744bcb3  (in rawk) + 104  [0x1029026f0]
      !           : | + ! : 12 _$LT$core..hash..sip..Hasher$LT$S$GT$$u20$as$u20$core..hash..Hasher$GT$::write::hb89c965e3d55cf6c  (in rawk) + 164,220,...  [0x1029044b4,0x1029044ec,...]
      !           : | + ! 9 core::hash::BuildHasher::hash_one::he6b98ff62744bcb3  (in rawk) + 288,64,...  [0x1029027a8,0x1029026c8,...]
      !           : | + ! 3 core::hash::BuildHasher::hash_one::he6b98ff62744bcb3  (in rawk) + 80  [0x1029026d8]
      !           : | + !   3 _$LT$core..hash..sip..Hasher$LT$S$GT$$u20$as$u20$core..hash..Hasher$GT$::write::hb89c965e3d55cf6c  (in rawk) + 0,400,...  [0x102904410,0x1029045a0,...]
      !           : | + 15 hashbrown::map::HashMap$LT$K$C$V$C$S$C$A$GT$::insert::h0d56fcdb6de36ae8  (in rawk) + 192  [0x1028f924c]
      !           : | + ! 12 _platform_memcmp  (in libsystem_platform.dylib) + 260,272,...  [0x181b03014,0x181b03020,...]
      !           : | + ! 3 DYLD-STUB$$memcmp  (in rawk) + 4  [0x102a6f8a8]
      !           : | + 11 hashbrown::map::HashMap$LT$K$C$V$C$S$C$A$GT$::insert::h0d56fcdb6de36ae8  (in rawk) + 8,352,...  [0x1028f9194,0x1028f92ec,...]
      !           : | + 9 _free  (in libsystem_malloc.dylib) + 108,0,...  [0x181927d3c,0x181927cd0,...]
      !           : | + 5 DYLD-STUB$$free  (in rawk) + 4,0  [0x102a6f794,0x102a6f790]
      !           : | 79 rawk::types::EvalContext::set_var::h469b9e00bead32f6  (in rawk) + 668  [0x1028f3468]
      !           : | + 30 _xzm_xzone_malloc_tiny  (in libsystem_malloc.dylib) + 256,88,...  [0x18191d03c,0x18191cf94,...]
      !           : | + 16 _malloc_zone_malloc  (in libsystem_malloc.dylib) + 12,56,...  [0x1819270c8,0x1819270f4,...]
      !           : | + 12 _xzm_xzone_malloc  (in libsystem_malloc.dylib) + 8,24,...  [0x181917958,0x181917968,...]
      !           : | + 11 <deduplicated_symbol>  (in libsystem_malloc.dylib) + 112,212,...  [0x1819171cc,0x181917230,...]
      !           : | + 8 DYLD-STUB$$malloc  (in rawk) + 4  [0x102a6f890]
      !           : | + 2 _RNvCsGIExRX8pES_7___rustc11___rdl_alloc  (in rawk) + 0,20  [0x102a2e6c8,0x102a2e6dc]
      !           : | 56 rawk::types::EvalContext::set_var::h469b9e00bead32f6  (in rawk) + 1108  [0x1028f3620]
      !           : | + 44 _xzm_free  (in libsystem_malloc.dylib) + 996,220,...  [0x1819184fc,0x1819181f4,...]
      !           : | + 11 _free  (in libsystem_malloc.dylib) + 0,36,...  [0x181927cd0,0x181927cf4,...]
      !           : | + 1 DYLD-STUB$$free  (in rawk) + 4  [0x102a6f794]
      !           : | 15 rawk::types::EvalContext::set_var::h469b9e00bead32f6  (in rawk) + 52,540,...  [0x1028f3200,0x1028f33e8,...]
      !           : | 12 rawk::types::EvalContext::set_var::h469b9e00bead32f6  (in rawk) + 688  [0x1028f347c]
      !           : | + 9 _platform_memmove  (in libsystem_platform.dylib) + 452,0,...  [0x181b05524,0x181b05360,...]
      !           : | + 3 DYLD-STUB$$memcpy  (in rawk) + 4  [0x102a6f8b4]
      !           : | 3 hashbrown::map::HashMap$LT$K$C$V$C$S$C$A$GT$::insert::h0d56fcdb6de36ae8  (in rawk) + 392  [0x1028f9314]
      !           : | 2 _xzm_free  (in libsystem_malloc.dylib) + 1568  [0x181918738]
      !           : | 2 rawk::types::EvalContext::set_var::h469b9e00bead32f6  (in rawk) + 652  [0x1028f3458]
      !           : |   2 _RNvCsGIExRX8pES_7___rustc35___rust_no_alloc_shim_is_unstable_v2  (in rawk) + 0  [0x102927264]
      !           : 202 rawk::runner::read_main::hae7ba469f196c48a  (in rawk) + 792  [0x1028cf530]
      !           : | 146 _xzm_free  (in libsystem_malloc.dylib) + 1048  [0x181918530]
      !           : | + 145 mach_absolute_time  (in libsystem_kernel.dylib) + 108,112,...  [0x181ab810c,0x181ab8110,...]
      !           : | + 1 DYLD-STUB$$mach_absolute_time  (in libsystem_malloc.dylib) + 12  [0x18192fb9c]
      !           : | 45 _xzm_free  (in libsystem_malloc.dylib) + 0,28,...  [0x181918118,0x181918134,...]
      !           : | 6 _free  (in libsystem_malloc.dylib) + 36,12,...  [0x181927cf4,0x181927cdc,...]
      !           : | 5 DYLD-STUB$$free  (in rawk) + 4  [0x102a6f794]
      !           : 157 rawk::runner::read_main::hae7ba469f196c48a  (in rawk) + 112  [0x1028cf288]
      !           : | 74 rawk::types::EvalContext::get_var::hd08700b019db6de9  (in rawk) + 1356  [0x1028f3140]
      !           : | + 31 _xzm_xzone_malloc_tiny  (in libsystem_malloc.dylib) + 256,824,...  [0x18191d03c,0x18191d274,...]
      !           : | + 16 _malloc_zone_malloc  (in libsystem_malloc.dylib) + 12,0,...  [0x1819270c8,0x1819270bc,...]
      !           : | + 11 _xzm_xzone_malloc  (in libsystem_malloc.dylib) + 336,24,...  [0x181917aa0,0x181917968,...]
      !           : | + 9 <deduplicated_symbol>  (in libsystem_malloc.dylib) + 112,212,...  [0x1819171cc,0x181917230,...]
      !           : | + 5 _RNvCsGIExRX8pES_7___rustc11___rdl_alloc  (in rawk) + 0  [0x102a2e6c8]
      !           : | + 1 DYLD-STUB$$malloc  (in rawk) + 0  [0x102a6f88c]
      !           : | + 1 xzm_malloc_zone_malloc_type_malloc  (in libsystem_malloc.dylib) + 0  [0x181923184]
      !           : | 27 rawk::types::EvalContext::get_var::hd08700b019db6de9  (in rawk) + 876,1320,...  [0x1028f2f60,0x1028f311c,...]
      !           : | 24 rawk::types::EvalContext::get_var::hd08700b019db6de9  (in rawk) + 776  [0x1028f2efc]
      !           : | + 12 core::hash::BuildHasher::hash_one::h773ecb9f6643a431  (in rawk) + 280,96,...  [0x102902544,0x10290248c,...]
      !           : | + 8 core::hash::BuildHasher::hash_one::h773ecb9f6643a431  (in rawk) + 72  [0x102902474]
      !           : | + ! 8 _$LT$core..hash..sip..Hasher$LT$S$GT$$u20$as$u20$core..hash..Hasher$GT$::write::hb89c965e3d55cf6c  (in rawk) + 92,12,...  [0x10290446c,0x10290441c,...]
      !           : | + 4 core::hash::BuildHasher::hash_one::h773ecb9f6643a431  (in rawk) + 96  [0x10290248c]
      !           : | +   4 _$LT$core..hash..sip..Hasher$LT$S$GT$$u20$as$u20$core..hash..Hasher$GT$::write::hb89c965e3d55cf6c  (in rawk) + 12,124,...  [0x10290441c,0x10290448c,...]
      !           : | 19 rawk::types::EvalContext::get_var::hd08700b019db6de9  (in rawk) + 876  [0x1028f2f60]
      !           : | + 17 _platform_memcmp  (in libsystem_platform.dylib) + 260,168,...  [0x181b03014,0x181b02fb8,...]
      !           : | + 2 DYLD-STUB$$memcmp  (in rawk) + 0,4  [0x102a6f8a4,0x102a6f8a8]
      !           : | 12 rawk::types::EvalContext::get_var::hd08700b019db6de9  (in rawk) + 1376  [0x1028f3154]
      !           : | + 8 _platform_memmove  (in libsystem_platform.dylib) + 12,460,...  [0x181b0536c,0x181b0552c,...]
      !           : | + 4 DYLD-STUB$$memcpy  (in rawk) + 4  [0x102a6f8b4]
      !           : | 1 rawk::types::EvalContext::get_var::hd08700b019db6de9  (in rawk) + 1340  [0x1028f3130]
      !           : |   1 _RNvCsGIExRX8pES_7___rustc35___rust_no_alloc_shim_is_unstable_v2  (in rawk) + 0  [0x102927264]
      !           : 104 rawk::runner::read_main::hae7ba469f196c48a  (in rawk) + 868  [0x1028cf57c]
      !           : | 28 rawk::input::RecordReader::next::hce2a56d6d53ba82e  (in rawk) + 1984  [0x1028f7dec]
      !           : | + 14 _xzm_xzone_malloc_tiny  (in libsystem_malloc.dylib) + 168,392,...  [0x18191cfe4,0x18191d0c4,...]
      !           : | + 8 <deduplicated_symbol>  (in libsystem_malloc.dylib) + 196,280,...  [0x181917220,0x181917274,...]
      !           : | + 3 _malloc_zone_malloc  (in libsystem_malloc.dylib) + 52,56,...  [0x1819270f0,0x1819270f4,...]
      !           : | + 1 _xzm_xzone_malloc  (in libsystem_malloc.dylib) + 0  [0x181917950]
      !           : | + 1 malloc  (in libsystem_malloc.dylib) + 8  [0x1818edcf0]
      !           : | + 1 xzm_malloc_zone_malloc_type_malloc  (in libsystem_malloc.dylib) + 0  [0x181923184]
      !           : | 25 rawk::input::RecordReader::next::hce2a56d6d53ba82e  (in rawk) + 2644  [0x1028f8080]
      !           : | + 12 _xzm_xzone_malloc_tiny  (in libsystem_malloc.dylib) + 12,68,...  [0x18191cf48,0x18191cf80,...]
      !           : | + 5 <deduplicated_symbol>  (in libsystem_malloc.dylib) + 136,212,...  [0x1819171e4,0x181917230,...]
      !           : | + 3 _malloc_zone_malloc  (in libsystem_malloc.dylib) + 0,76  [0x1819270bc,0x181927108]
      !           : | + 2 _RNvCsGIExRX8pES_7___rustc11___rdl_alloc  (in rawk) + 0,20  [0x102a2e6c8,0x102a2e6dc]
      !           : | + 2 _xzm_xzone_malloc  (in libsystem_malloc.dylib) + 0,192  [0x181917950,0x181917a10]
      !           : | + 1 _RNvCsGIExRX8pES_7___rustc12___rust_alloc  (in rawk) + 0  [0x102927254]
      !           : | 22 rawk::input::RecordReader::next::hce2a56d6d53ba82e  (in rawk) + 1572  [0x1028f7c50]
      !           : | + 21 rawk::input::RecordReader::fill::h2afa3dd059842968  (in rawk) + 132  [0x1028f7574]
      !           : | + ! 21 _RNvXs3_NtNtCsaLOjE9VYtxK_3std2io5stdioNtB5_5StdinNtB7_4Read4read  (in rawk) + 88  [0x102a45bc4]
      !           : | + !   21 _RNvXs3_NtNtNtCsaLOjE9VYtxK_3std2io8buffered9bufreaderINtB5_9BufReaderNtNtB9_5stdio8StdinRawENtB9_4Read4readBb_  (in rawk) + 140  [0x102a45f10]
      !           : | + !     21 read  (in libsystem_kernel.dylib) + 8  [0x181ab891c]
      !           : | + 1 rawk::input::RecordReader::fill::h2afa3dd059842968  (in rawk) + 204  [0x1028f75bc]
      !           : | +   1 _platform_memmove  (in libsystem_platform.dylib) + 180  [0x181b05414]
      !           : | 17 rawk::input::RecordReader::next::hce2a56d6d53ba82e  (in rawk) + 1096,1052,...  [0x1028f7a74,0x1028f7a48,...]
      !           : | 7 rawk::input::RecordReader::next::hce2a56d6d53ba82e  (in rawk) + 2668  [0x1028f8098]
      !           : | + 7 _platform_memmove  (in libsystem_platform.dylib) + 0,428,...  [0x181b05360,0x181b0550c,...]
      !           : | 5 rawk::input::RecordReader::next::hce2a56d6d53ba82e  (in rawk) + 2004  [0x1028f7e00]
      !           : |   5 _platform_memmove  (in libsystem_platform.dylib) + 0,12,...  [0x181b05360,0x181b0536c,...]
      !           : 99 rawk::runner::read_main::hae7ba469f196c48a  (in rawk) + 132  [0x1028cf29c]
      !           : | 75 rawk::types::AwkValue::as_string_convfmt::h865b85d77f411c9e  (in rawk) + 472  [0x1028f4858]
      !           : | + 25 _malloc_zone_malloc  (in libsystem_malloc.dylib) + 56,12,...  [0x1819270f4,0x1819270c8,...]
      !           : | + 24 _xzm_xzone_malloc_tiny  (in libsystem_malloc.dylib) + 672,764,...  [0x18191d1dc,0x18191d238,...]
      !           : | + 14 <deduplicated_symbol>  (in libsystem_malloc.dylib) + 112,0,...  [0x1819171cc,0x18191715c,...]
      !           : | + 6 _xzm_xzone_malloc  (in libsystem_malloc.dylib) + 324,180,...  [0x181917a94,0x181917a04,...]
      !           : | + 4 _RNvCsGIExRX8pES_7___rustc11___rdl_alloc  (in rawk) + 0  [0x102a2e6c8]
      !           : | + 2 DYLD-STUB$$malloc  (in rawk) + 4  [0x102a6f890]
      !           : | 11 rawk::types::AwkValue::as_string_convfmt::h865b85d77f411c9e  (in rawk) + 492  [0x1028f486c]
      !           : | + 8 _platform_memmove  (in libsystem_platform.dylib) + 452,12,...  [0x181b05524,0x181b0536c,...]
      !           : | + 3 DYLD-STUB$$memcpy  (in rawk) + 4,8  [0x102a6f8b4,0x102a6f8b8]
      !           : | 9 rawk::types::AwkValue::as_string_convfmt::h865b85d77f411c9e  (in rawk) + 36,40,...  [0x1028f46a4,0x1028f46a8,...]
      !           : | 4 rawk::types::AwkValue::as_string_convfmt::h865b85d77f411c9e  (in rawk) + 456  [0x1028f4848]
      !           : |   4 _RNvCsGIExRX8pES_7___rustc35___rust_no_alloc_shim_is_unstable_v2  (in rawk) + 0  [0x102927264]
      !           : 79 rawk::runner::read_main::hae7ba469f196c48a  (in rawk) + 2296  [0x1028cfb10]
      !           : | 61 _xzm_free  (in libsystem_malloc.dylib) + 656,28,...  [0x1819183a8,0x181918134,...]
      !           : | 15 _free  (in libsystem_malloc.dylib) + 0,44,...  [0x181927cd0,0x181927cfc,...]
      !           : | 3 DYLD-STUB$$free  (in rawk) + 4  [0x102a6f794]
      !           : 22 rawk::runner::read_main::hae7ba469f196c48a  (in rawk) + 848,880,...  [0x1028cf568,0x1028cf588,...]
      !           : 5 _xzm_free  (in libsystem_malloc.dylib) + 1568,1548,...  [0x181918738,0x181918724,...]
      !           : 3 rawk::types::EvalContext::get_var::hd08700b019db6de9  (in rawk) + 972,976,...  [0x1028f2fc0,0x1028f2fc4,...]
      !           : 3 rawk::types::EvalContext::set_var::h469b9e00bead32f6  (in rawk) + 1832  [0x1028f38f4]
      !           : 2 rawk::types::AwkValue::as_string_convfmt::h865b85d77f411c9e  (in rawk) + 868  [0x1028f49e4]
      !           : 1 rawk::input::RecordReader::next::hce2a56d6d53ba82e  (in rawk) + 2768  [0x1028f80fc]
      !           333 rawk::runner::run::h68691f04efcb3426  (in rawk) + 4188  [0x1028cb634]
      !           : 80 rawk::types::EvalContext::update_record::h36418a4c5033e45c  (in rawk) + 280,256,...  [0x1028f14e4,0x1028f14cc,...]
      !           : 70 rawk::types::EvalContext::update_record::h36418a4c5033e45c  (in rawk) + 112  [0x1028f143c]
      !           : | 54 _xzm_free  (in libsystem_malloc.dylib) + 0,996,...  [0x181918118,0x1819184fc,...]
      !           : | 15 _free  (in libsystem_malloc.dylib) + 0,36,...  [0x181927cd0,0x181927cf4,...]
      !           : | 1 xzm_malloc_zone_try_free_default  (in libsystem_malloc.dylib) + 0  [0x181923170]
      !           : 66 rawk::types::EvalContext::update_record::h36418a4c5033e45c  (in rawk) + 72  [0x1028f1414]
      !           : | 30 _xzm_xzone_malloc_tiny  (in libsystem_malloc.dylib) + 168,96,...  [0x18191cfe4,0x18191cf9c,...]
      !           : | 13 <deduplicated_symbol>  (in libsystem_malloc.dylib) + 136,112,...  [0x1819171e4,0x1819171cc,...]
      !           : | 11 _xzm_xzone_malloc  (in libsystem_malloc.dylib) + 180,192,...  [0x181917a04,0x181917a10,...]
      !           : | 9 _malloc_zone_malloc  (in libsystem_malloc.dylib) + 12,0,...  [0x1819270c8,0x1819270bc,...]
      !           : | 2 _RNvCsGIExRX8pES_7___rustc11___rdl_alloc  (in rawk) + 0  [0x102a2e6c8]
      !           : | 1 DYLD-STUB$$malloc  (in rawk) + 4  [0x102a6f890]
      !           : 60 rawk::types::EvalContext::update_record::h36418a4c5033e45c  (in rawk) + 496  [0x1028f15bc]
      !           : | 60 _RNvNtNtCs6sq8b9ugfBC_4core3str8converts9from_utf8  (in rawk) + 52,120,...  [0x102a59e40,0x102a59e84,...]
      !           : 27 rawk::types::EvalContext::update_record::h36418a4c5033e45c  (in rawk) + 656  [0x1028f165c]
      !           : | 18 rawk::types::parse_number::h5536bd0a1d12aed5  (in rawk) + 216  [0x1028f4128]
      !           : | + 14 _RNvXs2_NtNtCs6sq8b9ugfBC_4core3num11float_parsedNtNtNtB9_3str6traits7FromStr8from_str  (in rawk) + 96  [0x102a5ef7c]
      !           : | + ! 14 _RNvNtNtNtNtCs6sq8b9ugfBC_4core3num3imp7dec2flt5parse12parse_number  (in rawk) + 76,184,...  [0x102a5b1dc,0x102a5b248,...]
      !           : | + 4 _RNvXs2_NtNtCs6sq8b9ugfBC_4core3num11float_parsedNtNtNtB9_3str6traits7FromStr8from_str  (in rawk) + 20,60  [0x102a5ef30,0x102a5ef58]
      !           : | 6 rawk::types::parse_number::h5536bd0a1d12aed5  (in rawk) + 8,168,...  [0x1028f4058,0x1028f40f8,...]
      !           : | 3 _RNvXs2_NtNtCs6sq8b9ugfBC_4core3num11float_parsedNtNtNtB9_3str6traits7FromStr8from_str  (in rawk) + 620,616  [0x102a5f188,0x102a5f184]
      !           : 18 rawk::types::EvalContext::update_record::h36418a4c5033e45c  (in rawk) + 456  [0x1028f1594]
      !           : | 17 _platform_memmove  (in libsystem_platform.dylib) + 452,0,...  [0x181b05524,0x181b05360,...]
      !           : | 1 DYLD-STUB$$memcpy  (in rawk) + 4  [0x102a6f8b4]
      !           : 9 rawk::types::EvalContext::update_record::h36418a4c5033e45c  (in rawk) + 92  [0x1028f1428]
      !           : | 8 _platform_memmove  (in libsystem_platform.dylib) + 452,460,...  [0x181b05524,0x181b0552c,...]
      !           : | 1 DYLD-STUB$$memcpy  (in rawk) + 4  [0x102a6f8b4]
      !           : 2 _xzm_free  (in libsystem_malloc.dylib) + 1568  [0x181918738]
      !           : 1 rawk::types::parse_number::h5536bd0a1d12aed5  (in rawk) + 276  [0x1028f4164]
      !           122 rawk::runner::run::h68691f04efcb3426  (in rawk) + 4232  [0x1028cb660]
      !           : 74 _xzm_free  (in libsystem_malloc.dylib) + 1048  [0x181918530]
      !           : | 70 mach_absolute_time  (in libsystem_kernel.dylib) + 108,112,...  [0x181ab810c,0x181ab8110,...]
      !           : | 4 DYLD-STUB$$mach_absolute_time  (in libsystem_malloc.dylib) + 12  [0x18192fb9c]
      !           : 36 _xzm_free  (in libsystem_malloc.dylib) + 28,356,...  [0x181918134,0x18191827c,...]
      !           : 10 _free  (in libsystem_malloc.dylib) + 0,76,...  [0x181927cd0,0x181927d1c,...]
      !           : 2 DYLD-STUB$$free  (in rawk) + 4  [0x102a6f794]
      !           20 rawk::runner::run::h68691f04efcb3426  (in rawk) + 4344,4128,...  [0x1028cb6d0,0x1028cb5f8,...]
      !           5 rawk::runner::run::h68691f04efcb3426  (in rawk) + 4404  [0x1028cb70c]
      !           : 5 _$LT$rawk..runner..FlowControl$u20$as$u20$core..cmp..PartialEq$GT$::eq::h023c12dca10d838c  (in rawk) + 80,72  [0x1028d0b88,0x1028d0b80]
      !           2 _xzm_free  (in libsystem_malloc.dylib) + 1552  [0x181918728]
      !           2 rawk::runner::read_main::hae7ba469f196c48a  (in rawk) + 2316  [0x1028cfb24]
      !           2 rawk::types::EvalContext::update_record::h36418a4c5033e45c  (in rawk) + 2108,2116  [0x1028f1c08,0x1028f1c10]
      !           1 rawk::runner::execute_action_inner::hb74abf24875beef1  (in rawk) + 5872  [0x1028c9e64]
      !           1 rawk::runner::run::h68691f04efcb3426  (in rawk) + 2432  [0x1028caf58]
      !           : 1 rawk::validation::validate::hb817f93cf2a6ff5f  (in rawk) + 248  [0x10291020c]
      !           :   1 rawk::validation::statements::h50512147897b26df  (in rawk) + 340  [0x10290f074]
      !           :     1 rawk::validation::expression::hfd6acdaec6d56ff1  (in rawk) + 508  [0x10290ea28]
      !           :       1 rawk::ere::Ere::new::hdb8a0aa5b828fd10  (in rawk) + 3580  [0x10291cf44]
      !           :         1 regex::builders::Builder::build_one_bytes::hac6013a9ff5a814f  (in rawk) + 464  [0x102928fb4]
      !           :           1 regex_automata::meta::regex::Builder::build::h01aa15dd3630b35f  (in rawk) + 1900  [0x10296d680]
      !           :             1 core::ptr::drop_in_place$LT$regex_syntax..ast..Ast$GT$::h1f067566baedd834  (in rawk) + 28  [0x1029380a4]
      !           :               1 _$LT$regex_syntax..ast..Ast$u20$as$u20$core..ops..drop..Drop$GT$::drop::ha3536820e78288e9  (in rawk) + 236  [0x1029d1230]
      !           :                 1 core::ptr::drop_in_place$LT$regex_syntax..ast..Ast$GT$::h68beb68977cd73af  (in rawk) + 456  [0x1029d03a8]
      !           :                   1 _xzm_free  (in libsystem_malloc.dylib) + 1580  [0x181918744]
      !           1 rawk::runner::run::h68691f04efcb3426  (in rawk) + 6492  [0x1028cbf34]
      !             1 std::sync::once_lock::OnceLock$LT$T$GT$::initialize::hce8e2c34cf680cec  (in rawk) + 72  [0x102a61118]
      !               1 _RNvMNtNtNtNtCsaLOjE9VYtxK_3std3sys4sync4once5queueNtB2_4Once4call  (in rawk) + 256  [0x102a6e124]
      !                 1 std::sync::once::Once::call_once_force::_$u7b$$u7b$closure$u7d$$u7d$::hea7f941c9be27de3  (in rawk) + 708  [0x1028fb750]
      !                   1 newlocale  (in libsystem_c.dylib) + 876  [0x18199cbb8]
      !                     1 __setrunelocale  (in libsystem_c.dylib) + 208  [0x1819aa158]
      !                       1 __open_path_locale  (in libsystem_c.dylib) + 104  [0x1819a9e34]
      !                         1 open$NOCANCEL  (in libsystem_kernel.dylib) + 64  [0x181accc64]
      !                           1 __open_nocancel  (in libsystem_kernel.dylib) + 8  [0x181ab8948]
      2 start  (in dyld) + 6904  [0x18173048c]
      ! 2 dyld4::start(dyld4::KernelArgs*, void*, void*, unsigned long long)::$_1::operator()() const  (in dyld) + 320  [0x181730b30]
      !   2 dyld4::prepare(dyld4::APIs&, mach_o::UnsafeHeader const*)  (in dyld) + 4184  [0x181731ba4]
      !     1 dyld4::APIs::runAllInitializersForMain()  (in dyld) + 116  [0x181724880]
      !     : 1 dyld4::ExternallyViewableState::setLibSystemInitialized()  (in dyld) + 28  [0x18174b82c]
      !     :   1 dyld4::ExternallyViewableState::setDyldState(unsigned char)  (in dyld) + 156  [0x181749754]
      !     :     1 dyld4::ExternallyViewableState::generateAtlas(lsl::Allocator&)  (in dyld) + 104  [0x181749918]
      !     :       1 dyld4::ExternallyViewableState::generateCompactInfo(lsl::Allocator&, AAREncoder&)  (in dyld) + 672  [0x181749574]
      !     :         1 lsl::UniquePtr<dyld4::Atlas::SharedCache>::~UniquePtr()  (in dyld) + 84  [0x18174edec]
      !     :           1 lsl::Allocator::freeObject(void*)  (in dyld) + 40  [0x1817900a0]
      !     :             1 lsl::Allocator::AllocationMetadata::pool(bool) const  (in dyld) + 76  [0x181790120]
      !     1 dyld4::Loader::runInitializersBottomUpPlusUpwardLinks(dyld4::RuntimeState&) const  (in dyld) + 716  [0x181759d98]
      !       1 dyld4::Loader::runInitializersBottomUpPlusUpwardLinks(dyld4::RuntimeState&) const::$_0::operator()() const  (in dyld) + 268  [0x18175eb58]
      !         1 dyld4::Loader::runInitializersBottomUp(dyld4::RuntimeState&, lsl::Vector<AuthenticatedValue<dyld4::Loader const*>>&, lsl::Vector<AuthenticatedValue<dyld4::Loader const*>>&) const  (in dyld) + 300  [0x1817599a4]
      !           1 dyld4::Loader::runInitializersBottomUp(dyld4::RuntimeState&, lsl::Vector<AuthenticatedValue<dyld4::Loader const*>>&, lsl::Vector<AuthenticatedValue<dyld4::Loader const*>>&) const  (in dyld) + 300  [0x1817599a4]
      !             1 dyld4::Loader::runInitializersBottomUp(dyld4::RuntimeState&, lsl::Vector<AuthenticatedValue<dyld4::Loader const*>>&, lsl::Vector<AuthenticatedValue<dyld4::Loader const*>>&) const  (in dyld) + 300  [0x1817599a4]
      !               1 dyld4::Loader::runInitializersBottomUp(dyld4::RuntimeState&, lsl::Vector<AuthenticatedValue<dyld4::Loader const*>>&, lsl::Vector<AuthenticatedValue<dyld4::Loader const*>>&) const  (in dyld) + 568  [0x181759ab0]
      !                 1 dyld4::PrebuiltLoader::runInitializers(dyld4::RuntimeState&) const  (in dyld) + 44  [0x181783d44]
      !                   1 dyld4::Loader::findAndRunAllInitializers(dyld4::RuntimeState&) const  (in dyld) + 528  [0x181759394]
      !                     1 dyld3::MachOAnalyzer::forEachInitializer(Diagnostics&, dyld3::MachOAnalyzer::VMAddrConverter const&, void (unsigned int) block_pointer, void const*) const  (in dyld) + 516  [0x181769580]
      !                       1 mach_o::UnsafeHeader::forEachSection(void (mach_o::UnsafeHeader::SectionInfo const&, bool&) block_pointer) const  (in dyld) + 124  [0x1817a824c]
      !                         1 mach_o::UnsafeHeader::forEachLoadCommand(void (load_command const*, bool&) block_pointer) const  (in dyld) + 208  [0x1817a69a4]
      !                           1 invocation function for block in mach_o::UnsafeHeader::forEachSection(void (mach_o::UnsafeHeader::SectionInfo const&, bool&) block_pointer) const  (in dyld) + 312  [0x1817a9fac]
      !                             1 invocation function for block in dyld3::MachOAnalyzer::forEachInitializer(Diagnostics&, dyld3::MachOAnalyzer::VMAddrConverter const&, void (unsigned int) block_pointer, void const*) const  (in dyld) + 320  [0x181769a8c]
      !                               1 invocation function for block in dyld4::Loader::findAndRunAllInitializers(dyld4::RuntimeState&) const::$_0::operator()() const  (in dyld) + 180  [0x18175ea28]
      !                                 1 _GLOBAL__sub_I_UpdaterStats.mm  (in SkyLight) + 12  [0x1887affb4]
      1 ???  (in <unknown binary>)  [0x7fb80000000]
      ! 1 ???  (in <unknown binary>)  [0x16d579358]
      !   1 rawk::types::EvalContext::get_field::h548637f6d685f622  (in rawk) + 364  [0x1028f3ae0]
      !     1 rawk::types::parse_number::h5536bd0a1d12aed5  (in rawk) + 8  [0x1028f4058]
      1 ???  (in <unknown binary>)  [0x190500000000]
      ! 1 ???  (in <unknown binary>)  [0x16d579358]
      !   1 rawk::types::EvalContext::get_field::h548637f6d685f622  (in rawk) + 364  [0x1028f3ae0]
      !     1 rawk::types::parse_number::h5536bd0a1d12aed5  (in rawk) + 8  [0x1028f4058]
      1 ???  (in <unknown binary>)  [0x6b8100000000]
        1 ???  (in <unknown binary>)  [0x16d579358]
          1 rawk::types::EvalContext::get_field::h548637f6d685f622  (in rawk) + 364  [0x1028f3ae0]
            1 rawk::types::parse_number::h5536bd0a1d12aed5  (in rawk) + 8  [0x1028f4058]

Total number in stack (recursive counted multiple, when >=5):
        47       dyld4::PrebuiltLoader::loadDependents(Diagnostics&, dyld4::RuntimeState&, dyld4::Loader::LoadOptions const&)  (in dyld) + 424  [0x181782614]
        22       _xzm_free  (in libsystem_malloc.dylib) + 0  [0x181918118]
        13       _platform_memmove  (in libsystem_platform.dylib) + 0  [0x181b05360]
        12       <deduplicated_symbol>  (in libsystem_malloc.dylib) + 0  [0x18191715c]
        12       _$LT$core..hash..sip..Hasher$LT$S$GT$$u20$as$u20$core..hash..Hasher$GT$::write::hb89c965e3d55cf6c  (in rawk) + 0  [0x102904410]
        12       _free  (in libsystem_malloc.dylib) + 0  [0x181927cd0]
        12       _malloc_zone_malloc  (in libsystem_malloc.dylib) + 0  [0x1819270bc]
        12       _xzm_xzone_malloc  (in libsystem_malloc.dylib) + 0  [0x181917950]
        12       _xzm_xzone_malloc_tiny  (in libsystem_malloc.dylib) + 0  [0x18191cf3c]
        10       _RNvCsGIExRX8pES_7___rustc11___rdl_alloc  (in rawk) + 0  [0x102a2e6c8]
        9       DYLD-STUB$$memcpy  (in rawk) + 0  [0x102a6f8b0]
        8       DYLD-STUB$$free  (in rawk) + 0  [0x102a6f790]
        8       DYLD-STUB$$malloc  (in rawk) + 0  [0x102a6f88c]
        7       _RNvCsGIExRX8pES_7___rustc35___rust_no_alloc_shim_is_unstable_v2  (in rawk) + 0  [0x102927264]
        6       rawk::runner::eval_expr::h6b2b90049722c17d  (in rawk) + 0  [0x1028ccafc]
        6       rawk::types::parse_number::h5536bd0a1d12aed5  (in rawk) + 0  [0x1028f4050]
        5       _platform_memcmp  (in libsystem_platform.dylib) + 0  [0x181b02f10]

Sort by top of stack, same collapsed (when >= 5):
        _xzm_free  (in libsystem_malloc.dylib)        490
        mach_absolute_time  (in libsystem_kernel.dylib)        437
        _dyld_start  (in dyld)        334
        _xzm_xzone_malloc_tiny  (in libsystem_malloc.dylib)        329
        _$LT$core..hash..sip..Hasher$LT$S$GT$$u20$as$u20$core..hash..Hasher$GT$::write::hb89c965e3d55cf6c  (in rawk)        162
        _malloc_zone_malloc  (in libsystem_malloc.dylib)        152
        _free  (in libsystem_malloc.dylib)        116
        <deduplicated_symbol>  (in libsystem_malloc.dylib)        113
        _platform_memmove  (in libsystem_platform.dylib)        111
        _RNvNtNtCs6sq8b9ugfBC_4core3str8converts9from_utf8  (in rawk)        110
        _xzm_xzone_malloc  (in libsystem_malloc.dylib)        97
        rawk::runner::eval_expr::h6b2b90049722c17d  (in rawk)        83
        rawk::types::EvalContext::update_record::h36418a4c5033e45c  (in rawk)        82
        _platform_memcmp  (in libsystem_platform.dylib)        70
        rawk::unicode_ere::encode_keys::hbdf284bb47403012  (in rawk)        67
        rawk::types::EvalContext::get_var::hd08700b019db6de9  (in rawk)        63
        core::hash::BuildHasher::hash_one::he6b98ff62744bcb3  (in rawk)        51
        memchr::memmem::searcher::searcher_kind_neon::h70b09a7044572e23  (in rawk)        44
        _RNvCsGIExRX8pES_7___rustc11___rdl_alloc  (in rawk)        39
        rawk::types::EvalContext::set_var::h469b9e00bead32f6  (in rawk)        35
        mach_msg2_trap  (in dyld)        34
        DYLD-STUB$$free  (in rawk)        29
        hashbrown::map::HashMap$LT$K$C$V$C$S$C$A$GT$::insert::h0d56fcdb6de36ae8  (in rawk)        28
        rawk::types::AwkValue::as_number::hb66799bac4d35e0b  (in rawk)        28
        _RNvNtNtNtNtCs6sq8b9ugfBC_4core3num3imp7dec2flt5parse12parse_number  (in rawk)        27
        rawk::ere::Ere::locate::hd6dde1b0ec20fb5c  (in rawk)        26
        DYLD-STUB$$malloc  (in rawk)        24
        rawk::runner::read_main::hae7ba469f196c48a  (in rawk)        24
        core::hash::BuildHasher::hash_one::h773ecb9f6643a431  (in rawk)        23
        rawk::types::AwkValue::as_string_convfmt::h865b85d77f411c9e  (in rawk)        22
        _RNvXs2_NtNtCs6sq8b9ugfBC_4core3num11float_parsedNtNtNtB9_3str6traits7FromStr8from_str  (in rawk)        21
        read  (in libsystem_kernel.dylib)        21
        DYLD-STUB$$memcpy  (in rawk)        20
        rawk::runner::run::h68691f04efcb3426  (in rawk)        20
        rawk::runner::target::hc5313f666bfb6aad  (in rawk)        20
        rawk::types::EvalContext::compile_or_get_regex::hc316f3ca6da97581  (in rawk)        19
        rawk::input::RecordReader::next::hce2a56d6d53ba82e  (in rawk)        18
        core::hash::BuildHasher::hash_one::h954df699ac83f5c5  (in rawk)        15
        rawk::types::EvalContext::array::he08681fe5509801c  (in rawk)        15
        _RNvCsGIExRX8pES_7___rustc35___rust_no_alloc_shim_is_unstable_v2  (in rawk)        14
        __bzero  (in libsystem_platform.dylib)        14
        rawk::types::EvalContext::get_field::h548637f6d685f622  (in rawk)        14
        rawk::types::parse_number::h5536bd0a1d12aed5  (in rawk)        12
        _platform_memset  (in libsystem_platform.dylib)        11
        rawk::runner::execute_action_inner::hb74abf24875beef1  (in rawk)        11
        rawk::runner::Target::set::h6eef221ef8ea6f10  (in rawk)        10
        DYLD-STUB$$mach_absolute_time  (in libsystem_malloc.dylib)        9
        _$LT$rawk..types..AwkValue$u20$as$u20$core..clone..Clone$GT$::clone::h0cadd9679462d5ec  (in rawk)        9
        DYLD-STUB$$memcmp  (in rawk)        8
        _$LT$regex_automata..meta..strategy..Pre$LT$P$GT$$u20$as$u20$regex_automata..meta..strategy..Strategy$GT$::search::h59a47dad3073e76c  (in rawk)        8
        _RNvCsGIExRX8pES_7___rustc14___rust_dealloc  (in rawk)        7
        rawk::types::EvalContext::array_name::hfa92f30c9a46746b  (in rawk)        6
        rawk::types::EvalContext::is_function_name::h617b51db4b413413  (in rawk)        6
        _$LT$rawk..runner..FlowControl$u20$as$u20$core..cmp..PartialEq$GT$::eq::h023c12dca10d838c  (in rawk)        5
        _tlv_get_addr  (in libdyld.dylib)        5

Binary images description not available

