Darwin iad01-dz248-b5fc3cb8-607f-4f8a-9fa2-e07c3f558873-16851BFC30C3.local 24.6.0 Darwin Kernel Version 24.6.0: Tue Jul 21 20:50:07 PDT 2026; root:xnu-11417.140.69.711.44~1/RELEASE_X86_64 x86_64
i386ProductName:		macOS
ProductVersion:		15.7.9
BuildVersion:		24G830
sysctl.proc_translated=unavailable (native)
machdep.cpu.brand_string: Intel(R) Core(TM) i7-8700B CPU @ 3.20GHz
ImageOS=macos15 ImageVersion=20260824.0482.1
rustc 1.96.0 (ac68faa20 2026-05-25)
binary: rustc
commit-hash: ac68faa20c58cbccd01ee7208bf3b6e93a7d7f96
commit-date: 2026-05-25
host: x86_64-apple-darwin
release: 1.96.0
LLVM version: 22.1.2
cargo 1.96.0 (30a34c682 2026-05-25)
Apple clang version 17.0.0 (clang-1700.0.13.5)
Target: x86_64-apple-darwin24.6.0
Thread model: posix
InstalledDir: /Applications/Xcode_16.4.app/Contents/Developer/Toolchains/XcodeDefault.xctoolchain/usr/bin
Python 3.14.7
fa_IR
ca_AD.UTF-8
en_NZ
en_SG.ISO8859-1
nl_NL.UTF-8
lv_LV.UTF-8
pt_BR.UTF-8
ca_FR.ISO8859-15
fr_CH.ISO8859-15
eu_ES.ISO8859-15
en_US.US-ASCII
af_ZA
bg_BG
en_IE.ISO8859-1
en_HK
es_MX.UTF-8
cs_CZ.UTF-8
fi_FI
zh_CN.UTF-8
eu_ES
sk_SK.ISO8859-2
nl_BE
fr_BE
sv_FI.UTF-8
sk_SK
se_NO.UTF-8
en_US.UTF-8
nb_NO.ISO8859-15
en_NZ.ISO8859-1
de_CH
sk_SK.UTF-8
de_DE.UTF-8
am_ET.UTF-8
zh_HK
be_BY.UTF-8
uk_UA
pt_PT.ISO8859-1
en_AU.US-ASCII
kk_KZ.PT154
en_US
en_ZA.UTF-8
ca_IT
nl_BE.ISO8859-15
fa_IR.UTF-8
de_AT.ISO8859-1
hr_HR.ISO8859-2
fr_FR.ISO8859-1
af_ZA.UTF-8
am_ET
sv_FI.ISO8859-1
fi_FI.ISO8859-1
ro_RO.UTF-8
ar_AE
af_ZA.ISO8859-15
en_NZ.UTF-8
fi_FI.UTF-8
hi_IN.UTF-8
C.UTF-8
hr_HR.UTF-8
da_DK.UTF-8
ca_ES.ISO8859-1
en_AU.ISO8859-15
ro_RO.ISO8859-2
de_AT.UTF-8
pt_PT.ISO8859-15
sv_SE
fr_CA.ISO8859-1
fr_BE.ISO8859-1
en_US.ISO8859-15
it_CH.ISO8859-1
en_NZ.ISO8859-15
en_AU.UTF-8
ar_MA
lv_LV.ISO8859-13
de_AT.ISO8859-15
af_ZA.ISO8859-1
hu_HU.UTF-8
ca_AD.ISO8859-1
et_EE.UTF-8
es_AR.ISO8859-1
he_IL.UTF-8
uk_UA.KOI8-U
uk_UA.CP1251
be_BY
kk_KZ
hu_HU.ISO8859-2
it_CH
pt_BR
ko_KR
it_IT
fr_BE.UTF-8
ru_RU.ISO8859-5
et_EE.ISO8859-1
se_FI.UTF-8
zh_TW
es_CR
sr_RS
nb_NO
zh_CN.GB2312
no_NO.ISO8859-15
ar_JO
sv_FI.ISO8859-15
ca_AD
de_DE.ISO8859-15
en_IN.UTF-8
en_CA
fr_CH.UTF-8
sl_SI.UTF-8
uk_UA.ISO8859-5
pt_PT
hr_HR
cs_CZ
ca_FR.UTF-8
fr_CH
he_IL
en_HK.ISO8859-1
zh_CN.GBK
zh_CN.GB18030
fr_CA
en_IE.ISO8859-15
pl_PL.UTF-8
ja_JP.SJIS
hi_IN
sr_YU.ISO8859-5
be_BY.CP1251
sr_YU.ISO8859-2
sv_SE.UTF-8
se_NO
sr_YU.UTF-8
de_CH.UTF-8
sl_SI
ar_QA
en_IN
pt_PT.UTF-8
ro_RO
en_NZ.US-ASCII
ja_JP
zh_CN
fr_CH.ISO8859-1
ko_KR.eucKR
nn_NO.ISO8859-1
be_BY.ISO8859-5
nl_NL.ISO8859-15
en_GB.ISO8859-1
en_CA.US-ASCII
nb_NO.UTF-8
ca_FR.ISO8859-1
is_IS.ISO8859-1
ru_RU.CP866
nl_NL
ca_IT.ISO8859-15
se_FI
fr_CA.ISO8859-15
sv_SE.ISO8859-15
hy_AM
es_MX.ISO8859-1
ar_JO.UTF-8
en_CA.ISO8859-15
en_US.ISO8859-1
zh_TW.Big5
ca_ES.UTF-8
ru_RU.CP1251
en_GB.UTF-8
ar_AE.UTF-8
sr_RS.ISO8859-5
en_GB.US-ASCII
ru_RU.UTF-8
sr_RS.UTF-8
eu_ES.UTF-8
es_ES.ISO8859-1
hu_HU
el_GR.ISO8859-7
en_AU
ar_SA
it_CH.UTF-8
en_GB
sl_SI.ISO8859-2
ru_RU.KOI8-R
ga_IE.UTF-8
ga_IE
nl_BE.UTF-8
et_EE
fr_FR.ISO8859-15
cs_CZ.ISO8859-2
es_MX
lt_LT.UTF-8
en_ZA
pl_PL.ISO8859-2
fr_BE.ISO8859-15
is_IS.UTF-8
tr_TR.ISO8859-9
da_DK.ISO8859-1
en_HK.UTF-8
en_ZA.ISO8859-1
lt_LT.ISO8859-4
lt_LT.ISO8859-13
en_SG
zh_TW.UTF-8
bg_BG.CP1251
el_GR.UTF-8
en_PH
be_BY.CP1131
ar_MA.UTF-8
da_DK.ISO8859-15
is_IS.ISO8859-15
no_NO.ISO8859-1
nl_NL.ISO8859-1
nl_BE.ISO8859-1
sv_SE.ISO8859-1
lv_LV
pt_BR.ISO8859-1
es_AR
zh_CN.eucCN
it_IT.UTF-8
en_CA.UTF-8
uk_UA.UTF-8
nn_NO.ISO8859-15
de_CH.ISO8859-15
ca_FR
de_DE.ISO8859-1
ca_ES
sr_YU
hy_AM.ARMSCII-8
ru_RU
zh_HK.UTF-8
eu_ES.ISO8859-1
is_IS
bg_BG.UTF-8
ja_JP.UTF-8
ar_EG
it_CH.ISO8859-15
fr_FR.UTF-8
mn_MN.UTF-8
mn_MN
ko_KR.UTF-8
et_EE.ISO8859-15
ar_QA.UTF-8
es_AR.UTF-8
nn_NO
en_ZA.ISO8859-15
kk_KZ.UTF-8
ca_ES.ISO8859-15
en_IE.UTF-8
ca_AD.ISO8859-15
es_ES
de_CH.ISO8859-1
nb_NO.ISO8859-1
en_ZA.US-ASCII
en_CA.ISO8859-1
es_ES.ISO8859-15
en_AU.ISO8859-1
el_GR
da_DK
no_NO
ar_EG.UTF-8
ca_IT.UTF-8
it_IT.ISO8859-1
en_IE
zh_HK.Big5HKSCS
hi_IN.ISCII-DEV
ja_JP.eucJP
it_IT.ISO8859-15
pl_PL
ko_KR.CP949
en_PH.UTF-8
fr_CA.UTF-8
fi_FI.ISO8859-15
en_GB.ISO8859-15
fr_FR
hy_AM.UTF-8
no_NO.UTF-8
nn_NO.UTF-8
ca_IT.ISO8859-1
es_ES.UTF-8
en_SG.UTF-8
de_AT
sv_FI
tr_TR.UTF-8
fa_AF
de_DE
ar_SA.UTF-8
lt_LT
es_CR.UTF-8
fa_AF.UTF-8
tr_TR
sr_RS.UTF-8@latin
C
POSIX
active locale: C codeset: US-ASCII
active locale: en_US.UTF-8 codeset: UTF-8
active locale: tr_TR.UTF-8 codeset: UTF-8
active locale: en_US.ISO8859-1 codeset: ISO8859-1
active locale: tr_TR.ISO8859-9 codeset: ISO8859-9
active locale: ja_JP.SJIS codeset: SJIS
aa6ce2e1ac05202af285d1a0772bda69e51d6807
5739fd79bcfc75ba7526773d0cf634521f8aca3c
../c_awk/a.out: Mach-O 64-bit executable x86_64
../c_awk/a.out:
	/usr/lib/libSystem.B.dylib (compatibility version 1.0.0, current version 1351.0.0)
