check_clippy                   OK
check_diffrun_no_unexpected       Compiling proc-macro2 v1.0.106
   Compiling quote v1.0.45
   Compiling unicode-ident v1.0.24
   Compiling libc v0.2.186
   Compiling memchr v2.8.0
   Compiling autocfg v1.5.0
   Compiling utf8parse v0.2.2
   Compiling ucd-trie v0.1.7
   Compiling rand_core v0.10.1
   Compiling serde_core v1.0.228
   Compiling getrandom v0.4.2
   Compiling cfg-if v1.0.4
   Compiling anstyle-parse v1.0.0
   Compiling thiserror v2.0.18
   Compiling num-traits v0.2.19
   Compiling pest v2.8.6
   Compiling anstyle-query v1.1.5
   Compiling colorchoice v1.0.5
   Compiling anstyle v1.0.14
   Compiling serde v1.0.228
   Compiling is_terminal_polyfill v1.70.2
   Compiling rustix v1.1.4
   Compiling anstream v1.0.0
   Compiling aho-corasick v1.1.4
   Compiling clap_lex v1.1.0
   Compiling syn v2.0.117
   Compiling pest_meta v2.8.6
   Compiling strsim v0.11.1
   Compiling anyhow v1.0.102
   Compiling errno v0.3.14
   Compiling heck v0.5.0
   Compiling regex-syntax v0.8.10
   Compiling core-foundation-sys v0.8.7
   Compiling bitflags v2.11.1
   Compiling iana-time-zone v0.1.65
   Compiling clap_builder v4.6.0
   Compiling chacha20 v0.10.0
   Compiling fastrand v2.4.1
   Compiling once_cell v1.21.4
   Compiling rand v0.10.1
   Compiling chrono v0.4.44
   Compiling tempfile v3.27.0
   Compiling pest_generator v2.8.6
   Compiling serde_derive v1.0.228
   Compiling thiserror-impl v2.0.18
   Compiling clap_derive v4.6.1
   Compiling regex-automata v0.4.14
   Compiling pest_derive v2.8.6
   Compiling sprintf v0.4.3
   Compiling clap v4.6.1
   Compiling quick-xml v0.39.2
   Compiling regex v1.12.3
   Compiling rawk v0.1.0 (/private/var/folders/n2/3ynvhhr1275c7p2j80kc1q5r0000gn/T/rawk-phase7-clean-uko0zdso/rawk)
    Finished `release` profile [optimized] target(s) in 40.46s
Reference awk: /private/var/folders/n2/3ynvhhr1275c7p2j80kc1q5r0000gn/T/rawk-phase7-clean-uko0zdso/c_awk/a.out
Total testcase: 109
  MATCH: 97
  EXPECTED-DIVERGE: 12
  UNEXPECTED-DIVERGE: 0
  SKIPPED: 0
OK
check_fmt                      OK
check_no_exit_outside_main     OK
check_no_macos_forks           OK
check_no_scratch_root          OK
check_runner_split             OK
check_tests                       Compiling cfg-if v1.0.4
   Compiling memchr v2.8.0
   Compiling rand_core v0.10.1
   Compiling libc v0.2.186
   Compiling ucd-trie v0.1.7
   Compiling bitflags v2.11.1
   Compiling utf8parse v0.2.2
   Compiling is_terminal_polyfill v1.70.2
   Compiling colorchoice v1.0.5
   Compiling anstyle v1.0.14
   Compiling fastrand v2.4.1
   Compiling anstyle-parse v1.0.0
   Compiling once_cell v1.21.4
   Compiling anstyle-query v1.1.5
   Compiling regex-syntax v0.8.10
   Compiling num-traits v0.2.19
   Compiling serde_core v1.0.228
   Compiling anstream v1.0.0
   Compiling clap_lex v1.1.0
   Compiling strsim v0.11.1
   Compiling core-foundation-sys v0.8.7
   Compiling thiserror v2.0.18
   Compiling chacha20 v0.10.0
   Compiling iana-time-zone v0.1.65
   Compiling sprintf v0.4.3
   Compiling clap_builder v4.6.0
   Compiling pest v2.8.6
   Compiling aho-corasick v1.1.4
   Compiling anyhow v1.0.102
   Compiling getrandom v0.4.2
   Compiling errno v0.3.14
   Compiling rustix v1.1.4
   Compiling getrandom v0.3.4
   Compiling rand_core v0.9.5
   Compiling rand v0.10.1
   Compiling zerocopy v0.8.48
   Compiling wait-timeout v0.2.1
   Compiling chrono v0.4.44
   Compiling fnv v1.0.7
   Compiling bit-vec v0.8.0
   Compiling quick-error v1.2.3
   Compiling bit-set v0.8.0
   Compiling rand_xorshift v0.4.0
   Compiling rand v0.9.4
   Compiling unarray v0.1.4
   Compiling tempfile v3.27.0
   Compiling rusty-fork v0.3.1
   Compiling pest_meta v2.8.6
   Compiling regex-automata v0.4.14
   Compiling pest_generator v2.8.6
   Compiling clap v4.6.1
   Compiling serde v1.0.228
   Compiling pest_derive v2.8.6
   Compiling quick-xml v0.39.2
   Compiling ppv-lite86 v0.2.21
   Compiling rand_chacha v0.9.0
   Compiling proptest v1.11.0
   Compiling regex v1.12.3
   Compiling rawk v0.1.0 (/private/var/folders/n2/3ynvhhr1275c7p2j80kc1q5r0000gn/T/rawk-phase7-clean-uko0zdso/rawk)
    Finished `test` profile [unoptimized + debuginfo] target(s) in 15.03s
     Running unittests src/lib.rs (target/debug/deps/rawk-41acec3cd52a8299)

running 0 tests

test result: ok. 0 passed; 0 failed; 0 ignored; 0 measured; 0 filtered out; finished in 0.00s

     Running unittests src/bin/diffrun.rs (target/debug/deps/diffrun-4a877769c6c439a2)

running 0 tests

test result: ok. 0 passed; 0 failed; 0 ignored; 0 measured; 0 filtered out; finished in 0.00s

     Running unittests src/main.rs (target/debug/deps/rawk-77cdc7297c2ca96c)

running 1 test
test input::tests::separators_are_independent_of_read_boundaries ... ok

test result: ok. 1 passed; 0 failed; 0 ignored; 0 measured; 0 filtered out; finished in 0.01s

     Running tests/builtins_sanity.rs (target/debug/deps/builtins_sanity-7478b0874b15df4c)

running 5 tests
test length_string ... ok
test match_basic ... ok
test substr_basic ... ok
test split_basic ... ok
test sprintf_int ... ok

test result: ok. 5 passed; 0 failed; 0 ignored; 0 measured; 0 filtered out; finished in 1.00s

     Running tests/bytes_array_keys.rs (target/debug/deps/bytes_array_keys-d163c92269ebad07)

running 3 tests
test distinct_high_byte_keys_do_not_collide ... ok
test nul_embedded_key_round_trips ... ok
test for_in_returns_all_distinct_byte_keys ... ok

test result: ok. 3 passed; 0 failed; 0 ignored; 0 measured; 0 filtered out; finished in 0.02s

     Running tests/bytes_printf.rs (target/debug/deps/bytes_printf-30d8c5134f9d12ba)

running 6 tests
test printf_format_string_with_high_bytes ... ok
test field_split_with_high_byte_fs ... ok
test print_with_high_byte_ofs ... ok
test printf_s_preserves_high_byte ... ok
test sprintf_high_byte_round_trip ... ok
test printf_c_emits_first_byte_raw ... ok

test result: ok. 6 passed; 0 failed; 0 ignored; 0 measured; 0 filtered out; finished in 0.01s

     Running tests/bytes_regex_match.rs (target/debug/deps/bytes_regex_match-d33f84ba41647517)

running 6 tests
test nul_inside_subject_with_rs_regex ... ok
test gsub_ampersand_includes_whole_match ... ok
test sub_replaces_high_byte_run ... ok
test rs_regex_high_byte_separator_splits_correctly ... ok
test match_distinguishes_high_bytes ... ok
test match_builtin_high_byte_pattern_position ... ok

test result: ok. 6 passed; 0 failed; 0 ignored; 0 measured; 0 filtered out; finished in 0.02s

     Running tests/cli_contract.rs (target/debug/deps/cli_contract-6c47e465b31950e7)

running 5 tests
test file_program_keeps_all_input_files ... ok
test invalid_builtin_arity_is_a_language_error ... ok
test arrays_and_scalars_cannot_be_interchanged ... ok
test safe_mode_rejects_even_unexecuted_forbidden_operations ... ok
test malformed_formats_and_invalid_runtime_arguments_do_not_panic ... ok

test result: ok. 5 passed; 0 failed; 0 ignored; 0 measured; 0 filtered out; finished in 0.07s

     Running tests/compatibility.rs (target/debug/deps/compatibility-6be6d3cb49af324c)

running 8 tests
test braces_in_bracket_expressions_are_not_repetitions ... ok
test tuple_membership_uses_current_subsep_between_components ... ok
test arrays_forwarding_recursion_and_local_parameters ... ok
test numeric_conversion_matches_original_buffer_limit ... ok
test composed_input_and_control_flow ... ok
test regex_compositions_match_original ... ok
test generated_record_array_function_programs ... ok
test hex_floats_precision_flags_and_boundaries ... ok

test result: ok. 8 passed; 0 failed; 0 ignored; 0 measured; 0 filtered out; finished in 2.52s

     Running tests/corpus.rs (target/debug/deps/corpus-608258f6ff167f61)

running 1 test
test original_small_programs ... ok

test result: ok. 1 passed; 0 failed; 0 ignored; 0 measured; 0 filtered out; finished in 8.36s

     Running tests/corpus_contracts.rs (target/debug/deps/corpus_contracts-ab15191fc46af4ae)

running 3 tests
test rng_is_bounded_repeatable_and_srand_returns_previous_seed ... ok
test contracts_reject_new_differences ... ok
test entire_small_corpus_obeys_explicit_contracts ... ok

test result: ok. 3 passed; 0 failed; 0 ignored; 0 measured; 0 filtered out; finished in 6.66s

     Running tests/data_contract.rs (target/debug/deps/data_contract-d66f41b32a86abee)

running 6 tests
test csv_handles_quoted_delimiters_newlines_and_escaped_quotes ... ok
test substitutions_report_count_not_changed_text ... ok
test invalid_regex_is_reported ... ok
test split_preserves_empty_fields_and_clears_array ... ok
test fields_accept_regex_separator ... ok
test regex_uses_leftmost_longest ... ok

test result: ok. 6 passed; 0 failed; 0 ignored; 0 measured; 0 filtered out; finished in 0.02s

     Running tests/diffrun_buckets.rs (target/debug/deps/diffrun_buckets-1065fca356e988c6)

running 3 tests
test diffrun_exits_nonzero_when_unexpected_divergences_present ... ok
test diffrun_step23_target_counts ... ok
test diffrun_emits_four_bucket_summary ... ok

test result: ok. 3 passed; 0 failed; 0 ignored; 0 measured; 0 filtered out; finished in 3.79s

     Running tests/driver_regressions.rs (target/debug/deps/driver_regressions-f306511b4bb09e78)

running 6 tests
test multifile_syntax_error_names_offending_source ... ok
test field_index_beyond_reference_integer_range_is_an_error ... ok
test getline_comparison_is_not_part_of_filename ... ok
test invalid_function_parameters_are_errors_before_execution ... ok
test redirected_stdin_shares_buffer_with_main_input ... ok
test stdin_program_and_empty_statements ... ok

test result: ok. 6 passed; 0 failed; 0 ignored; 0 measured; 0 filtered out; finished in 0.09s

     Running tests/dynamic_format.rs (target/debug/deps/dynamic_format-70f5aa531dbe8248)

running 4 tests
test missing_star_arguments_are_errors ... ok
test string_and_literal_range_errors_do_not_discard_arithmetic_subnormals ... ok
test dynamic_width_precision_and_consumption ... ok
test integer_flags_precision_and_signs ... ok

test result: ok. 4 passed; 0 failed; 0 ignored; 0 measured; 0 filtered out; finished in 3.97s

     Running tests/error_messages.rs (target/debug/deps/error_messages-639b88b9a8c13f92)

running 2 tests
test output_to_unwritable_path_mentions_filename ... ok
test missing_program_file_mentions_filename ... ok

test result: ok. 2 passed; 0 failed; 0 ignored; 0 measured; 0 filtered out; finished in 0.01s

     Running tests/exit_codes.rs (target/debug/deps/exit_codes-fa0c08c5f502f302)

running 4 tests
test exit_zero_default ... ok
test exit_with_value ... ok
test syntax_error_nonzero ... ok
test exit_from_end_block ... ok

test result: ok. 4 passed; 0 failed; 0 ignored; 0 measured; 0 filtered out; finished in 0.01s

     Running tests/harness.rs (target/debug/deps/harness-76d01111523ba99c)

running 5 tests
test annotation_does_not_accept_new_failures ... ok
test preserves_bytes_whitespace_and_status ... ok
test aggregate_gate_reports_an_intermediate_failure ... ok
test each_run_has_a_fresh_directory ... ok
test timeout_kills_descendants ... ok

test result: ok. 5 passed; 0 failed; 0 ignored; 0 measured; 0 filtered out; finished in 0.44s

     Running tests/historical.rs (target/debug/deps/historical-e03bc92c580cb812)

running 2 tests
test original_invalid_programs_are_rejected_without_panicking ... ok
test original_positive_regressions ... ok

test result: ok. 2 passed; 0 failed; 0 ignored; 0 measured; 0 filtered out; finished in 1.19s

     Running tests/input_contract.rs (target/debug/deps/input_contract-214d27442af04490)

running 5 tests
test file_getline_and_interleaved_assignments ... ok
test getline_uses_main_stream_and_counts_every_read ... ok
test rs_changes_apply_to_unconsumed_input ... ok
test rewriting_record_does_not_count_a_read ... ok
test missing_getline_file_is_an_error_not_eof ... ok

test result: ok. 5 passed; 0 failed; 0 ignored; 0 measured; 0 filtered out; finished in 0.05s

     Running tests/language_contract.rs (target/debug/deps/language_contract-8dedb3df3be6e82d)

running 7 tests
test expressions_and_escapes ... ok
test convfmt_is_used_for_comparisons_fields_and_keys ... ok
test array_reads_create_entries ... ok
test range_patterns_and_empty_actions ... ok
test numeric_and_string_values_keep_their_types ... ok
test array_parameters_are_references ... ok
test lvalue_indices_are_evaluated_once ... ok

test result: ok. 7 passed; 0 failed; 0 ignored; 0 measured; 0 filtered out; finished in 0.05s

     Running tests/phase7_closure.rs (target/debug/deps/phase7_closure-523962cff35356c5)

running 7 tests
test closed_output_pipe_reports_language_error ... ok
test raw_source_bytes_survive_inline_file_and_stdin ... ok
test contracts_reject_mutations ... ok
test separators_keep_string_and_regex_semantics ... ok
test keyword_prefixes_and_integral_precision ... ok
test generated_octal_regex_atoms_and_literal_operators ... ok
test individual_driver_contracts ... ok

test result: ok. 7 passed; 0 failed; 0 ignored; 0 measured; 0 filtered out; finished in 7.42s

     Running tests/printf_sanity.rs (target/debug/deps/printf_sanity-16ab64c54c4e53f9)

running 5 tests
test f_precision ... ok
test e_scientific ... ok
test x_hex ... ok
test s_truncate ... ok
test d_padding ... ok

test result: ok. 5 passed; 0 failed; 0 ignored; 0 measured; 0 filtered out; finished in 0.02s

     Running tests/proptest_diff.rs (target/debug/deps/proptest_diff-c7fb286315355188)

running 6 tests
test template_scientific_no_orphan_dot ... ok
test template_concat_string ... ok
test template_multiply ... ok
test template_add ... ok
test template_printf_int ... ok
test template_printf_float ... ok

test result: ok. 6 passed; 0 failed; 0 ignored; 0 measured; 0 filtered out; finished in 2.35s

     Running tests/remaining_contract.rs (target/debug/deps/remaining_contract-b1b75947af021c11)

running 7 tests
test bracket_normalization_preserves_the_binary_profile ... ok
test missing_fields_are_empty_strings_not_uninitialized_variables ... ok
test character_format_distinguishes_numeric_fields_from_literal_strings ... ok
test descending_bracket_ranges_follow_original_c ... ok
test generated_rational_values_and_float_formats ... ok
test replacement_escapes_have_separate_lexical_and_runtime_stages ... ok
test numeric_rounding_uses_the_exact_binary_value ... ok

test result: ok. 7 passed; 0 failed; 0 ignored; 0 measured; 0 filtered out; finished in 4.05s

     Running tests/runtime_contract.rs (target/debug/deps/runtime_contract-92482efa95f5beb9)

running 3 tests
test short_circuit_preserves_side_effects ... ok
test return_escapes_all_loop_forms ... ok
test exit_executes_end_and_interrupts_expressions ... ok

test result: ok. 3 passed; 0 failed; 0 ignored; 0 measured; 0 filtered out; finished in 0.02s

     Running tests/shell_drivers.rs (target/debug/deps/shell_drivers-58fd7a53da631805)

running 3 tests
test shell_driver_gate_rejects_missing_interpreter_output ... ok
test original_cli_and_array_shell_drivers ... ok
test admitted_original_shell_drivers has been running for over 60 seconds
test admitted_original_shell_drivers ... ok

test result: ok. 3 passed; 0 failed; 0 ignored; 0 measured; 0 filtered out; finished in 75.06s

     Running tests/xml_runner_test.rs (target/debug/deps/xml_runner_test-ad3448a233da2e77)

running 1 test
test run_xml_testsuite ... ok

test result: ok. 1 passed; 0 failed; 0 ignored; 0 measured; 0 filtered out; finished in 1.41s

   Doc-tests rawk

running 0 tests

test result: ok. 0 passed; 0 failed; 0 ignored; 0 measured; 0 filtered out; finished in 0.00s

OK
