check_clippy                   OK
check_diffrun_no_unexpected       Compiling proc-macro2 v1.0.106
   Compiling quote v1.0.45
   Compiling unicode-ident v1.0.24
   Compiling libc v0.2.186
   Compiling memchr v2.8.0
   Compiling rand_core v0.10.1
   Compiling ucd-trie v0.1.7
   Compiling getrandom v0.4.2
   Compiling serde_core v1.0.228
   Compiling autocfg v1.5.0
   Compiling syn v2.0.117
   Compiling cfg-if v1.0.4
   Compiling utf8parse v0.2.2
   Compiling anstyle-parse v1.0.0
   Compiling pest v2.8.6
   Compiling num-traits v0.2.19
   Compiling thiserror v2.0.18
   Compiling serde v1.0.228
   Compiling anstyle-query v1.1.5
   Compiling colorchoice v1.0.5
   Compiling is_terminal_polyfill v1.70.2
   Compiling anstyle v1.0.14
   Compiling rustix v1.1.4
   Compiling anstream v1.0.0
   Compiling pest_meta v2.8.6
   Compiling errno v0.3.14
   Compiling aho-corasick v1.1.4
   Compiling clap_lex v1.1.0
   Compiling heck v0.5.0
   Compiling thiserror-impl v2.0.18
   Compiling serde_derive v1.0.228
   Compiling regex-syntax v0.8.10
   Compiling core-foundation-sys v0.8.7
   Compiling strsim v0.11.1
   Compiling anyhow v1.0.102
   Compiling bitflags v2.11.1
   Compiling cpufeatures v0.3.0
   Compiling chacha20 v0.10.0
   Compiling regex-automata v0.4.14
   Compiling clap_builder v4.6.0
   Compiling iana-time-zone v0.1.65
   Compiling clap_derive v4.6.1
   Compiling pest_generator v2.8.6
   Compiling once_cell v1.21.4
   Compiling fastrand v2.4.1
   Compiling chrono v0.4.44
   Compiling tempfile v3.27.0
   Compiling pest_derive v2.8.6
   Compiling clap v4.6.1
   Compiling regex v1.12.3
   Compiling sprintf v0.4.3
   Compiling quick-xml v0.39.2
   Compiling rand v0.10.1
   Compiling rawk v0.1.0 (/Users/runner/work/rawk/rawk/rawk)
    Finished `release` profile [optimized] target(s) in 57.75s
Reference awk: /Users/runner/work/rawk/rawk/c_awk/a.out
Total testcase: 109
  MATCH: 97
  EXPECTED-DIVERGE: 12
  UNEXPECTED-DIVERGE: 0
  SKIPPED: 0
OK
check_fmt                      OK
check_no_exit_outside_main     OK
check_no_macos_forks           OK
check_no_scratch_root          OK
check_runner_split             OK
check_tests                       Compiling libc v0.2.186
   Compiling cfg-if v1.0.4
   Compiling memchr v2.8.0
   Compiling rand_core v0.10.1
   Compiling utf8parse v0.2.2
   Compiling bitflags v2.11.1
   Compiling ucd-trie v0.1.7
   Compiling anstyle-parse v1.0.0
   Compiling anstyle v1.0.14
   Compiling once_cell v1.21.4
   Compiling pest v2.8.6
   Compiling getrandom v0.4.2
   Compiling errno v0.3.14
   Compiling rustix v1.1.4
   Compiling anstyle-query v1.1.5
   Compiling regex-syntax v0.8.10
   Compiling colorchoice v1.0.5
   Compiling is_terminal_polyfill v1.70.2
   Compiling fastrand v2.4.1
   Compiling anstream v1.0.0
   Compiling getrandom v0.3.4
   Compiling aho-corasick v1.1.4
   Compiling pest_meta v2.8.6
   Compiling tempfile v3.27.0
   Compiling num-traits v0.2.19
   Compiling serde_core v1.0.228
   Compiling strsim v0.11.1
   Compiling cpufeatures v0.3.0
   Compiling clap_lex v1.1.0
   Compiling core-foundation-sys v0.8.7
   Compiling clap_builder v4.6.0
   Compiling iana-time-zone v0.1.65
   Compiling chacha20 v0.10.0
   Compiling thiserror v2.0.18
   Compiling pest_generator v2.8.6
   Compiling regex-automata v0.4.14
   Compiling rand_core v0.9.5
   Compiling pest_derive v2.8.6
   Compiling rand v0.10.1
   Compiling sprintf v0.4.3
   Compiling serde v1.0.228
   Compiling clap v4.6.1
   Compiling chrono v0.4.44
   Compiling quick-xml v0.39.2
   Compiling regex v1.12.3
   Compiling zerocopy v0.8.48
   Compiling anyhow v1.0.102
   Compiling wait-timeout v0.2.1
   Compiling bit-vec v0.8.0
   Compiling quick-error v1.2.3
   Compiling fnv v1.0.7
   Compiling rusty-fork v0.3.1
   Compiling bit-set v0.8.0
   Compiling rawk v0.1.0 (/Users/runner/work/rawk/rawk/rawk)
   Compiling rand_xorshift v0.4.0
   Compiling rand v0.9.4
   Compiling unarray v0.1.4
   Compiling ppv-lite86 v0.2.21
   Compiling rand_chacha v0.9.0
   Compiling proptest v1.11.0
    Finished `test` profile [unoptimized + debuginfo] target(s) in 30.67s
     Running unittests src/lib.rs (target/debug/deps/rawk-720bb57f2f34f793)

running 0 tests

test result: ok. 0 passed; 0 failed; 0 ignored; 0 measured; 0 filtered out; finished in 0.00s

     Running unittests src/bin/diffrun.rs (target/debug/deps/diffrun-5432abd8bbba63ad)

running 0 tests

test result: ok. 0 passed; 0 failed; 0 ignored; 0 measured; 0 filtered out; finished in 0.00s

     Running unittests src/main.rs (target/debug/deps/rawk-e8965df9e39c18ce)

running 4 tests
test unicode_ere::tests::encoding_preserves_offsets_and_invalid_bytes_without_sentinels ... ok
test unicode_ere::tests::compiled_intervals_cover_only_the_requested_runes ... ok
test input::tests::separators_are_independent_of_read_boundaries ... ok
test ere::stream::tests::physical_short_reads_do_not_change_bwk_lookahead ... ok

test result: ok. 4 passed; 0 failed; 0 ignored; 0 measured; 0 filtered out; finished in 0.03s

     Running tests/builtins_sanity.rs (target/debug/deps/builtins_sanity-26f8559de4a0d7f9)

running 5 tests
test match_basic ... ok
test length_string ... ok
test split_basic ... ok
test substr_basic ... ok
test sprintf_int ... ok

test result: ok. 5 passed; 0 failed; 0 ignored; 0 measured; 0 filtered out; finished in 0.05s

     Running tests/bytes_array_keys.rs (target/debug/deps/bytes_array_keys-8d71d252a781bf80)

running 3 tests
test nul_embedded_key_round_trips ... ok
test for_in_returns_all_distinct_byte_keys ... ok
test distinct_high_byte_keys_do_not_collide ... ok

test result: ok. 3 passed; 0 failed; 0 ignored; 0 measured; 0 filtered out; finished in 0.02s

     Running tests/bytes_printf.rs (target/debug/deps/bytes_printf-9640b79178946caa)

running 6 tests
test printf_c_emits_first_byte_raw ... ok
test printf_format_string_with_high_bytes ... ok
test printf_s_preserves_high_byte ... ok
test print_with_high_byte_ofs ... ok
test sprintf_high_byte_round_trip ... ok
test field_split_with_high_byte_fs ... ok

test result: ok. 6 passed; 0 failed; 0 ignored; 0 measured; 0 filtered out; finished in 0.04s

     Running tests/bytes_regex_match.rs (target/debug/deps/bytes_regex_match-8347b712cfccb5e2)

running 6 tests
test match_builtin_high_byte_pattern_position ... ok
test gsub_ampersand_includes_whole_match ... ok
test nul_inside_subject_with_rs_regex ... ok
test match_distinguishes_high_bytes ... ok
test rs_regex_high_byte_separator_splits_correctly ... ok
test sub_replaces_high_byte_run ... ok

test result: ok. 6 passed; 0 failed; 0 ignored; 0 measured; 0 filtered out; finished in 0.08s

     Running tests/cli_contract.rs (target/debug/deps/cli_contract-32d2cab1326764a7)

running 5 tests
test file_program_keeps_all_input_files ... ok
test arrays_and_scalars_cannot_be_interchanged ... ok
test invalid_builtin_arity_is_a_language_error ... ok
test malformed_formats_and_invalid_runtime_arguments_do_not_panic ... ok
test safe_mode_rejects_even_unexecuted_forbidden_operations ... ok

test result: ok. 5 passed; 0 failed; 0 ignored; 0 measured; 0 filtered out; finished in 0.15s

     Running tests/compatibility.rs (target/debug/deps/compatibility-5c539173beaa3da2)

running 8 tests
test braces_in_bracket_expressions_are_not_repetitions ... ok
test composed_input_and_control_flow ... ok
test arrays_forwarding_recursion_and_local_parameters ... ok
test numeric_conversion_matches_original_buffer_limit ... ok
test tuple_membership_uses_current_subsep_between_components ... ok
test regex_compositions_match_original ... ok
test generated_record_array_function_programs ... ok
test hex_floats_precision_flags_and_boundaries ... ok

test result: ok. 8 passed; 0 failed; 0 ignored; 0 measured; 0 filtered out; finished in 5.11s

     Running tests/corpus.rs (target/debug/deps/corpus-ebc68ff03ddcb0ae)

running 1 test
test original_small_programs ... ok

test result: ok. 1 passed; 0 failed; 0 ignored; 0 measured; 0 filtered out; finished in 15.95s

     Running tests/corpus_contracts.rs (target/debug/deps/corpus_contracts-ba9a897e2e00f6e1)

running 3 tests
test rng_is_bounded_repeatable_and_srand_returns_previous_seed ... ok
test contracts_reject_new_differences ... ok
test entire_small_corpus_obeys_explicit_contracts ... ok

test result: ok. 3 passed; 0 failed; 0 ignored; 0 measured; 0 filtered out; finished in 7.66s

     Running tests/data_contract.rs (target/debug/deps/data_contract-056c85618313b998)

running 6 tests
test invalid_regex_is_reported ... ok
test fields_accept_regex_separator ... ok
test csv_handles_quoted_delimiters_newlines_and_escaped_quotes ... ok
test regex_uses_leftmost_longest ... ok
test split_preserves_empty_fields_and_clears_array ... ok
test substitutions_report_count_not_changed_text ... ok

test result: ok. 6 passed; 0 failed; 0 ignored; 0 measured; 0 filtered out; finished in 0.04s

     Running tests/diffrun_buckets.rs (target/debug/deps/diffrun_buckets-8ca7dbef3cbb2933)

running 3 tests
test diffrun_exits_nonzero_when_unexpected_divergences_present ... ok
test diffrun_step23_target_counts ... ok
test diffrun_emits_four_bucket_summary ... ok

test result: ok. 3 passed; 0 failed; 0 ignored; 0 measured; 0 filtered out; finished in 5.60s

     Running tests/driver_regressions.rs (target/debug/deps/driver_regressions-a49451f0e230d799)

running 8 tests
test field_index_beyond_reference_integer_range_is_an_error ... ok
test getline_comparison_is_not_part_of_filename ... ok
test multifile_syntax_error_names_offending_source ... ok
test invalid_function_parameters_are_errors_before_execution ... ok
test redirected_stdin_shares_buffer_with_main_input ... ok
test stdin_program_and_empty_statements ... ok
test standard_output_aliases_share_streams_and_lifecycle ... ok
test checked_math_matches_native_oracle ... ok

test result: ok. 8 passed; 0 failed; 0 ignored; 0 measured; 0 filtered out; finished in 1.35s

     Running tests/dynamic_format.rs (target/debug/deps/dynamic_format-6afb6b394dedc79e)

running 8 tests
test missing_star_arguments_are_errors ... ok
test negative_precision_keeps_binary_and_multibyte_paths ... ok
test string_and_literal_range_errors_do_not_discard_arithmetic_subnormals ... ok
test unsigned_conversion_matches_native_oracle ... FAILED
test zero_padded_strings_match_native_oracle ... ok
test integer_flags_precision_and_signs ... FAILED
test dynamic_width_precision_and_consumption ... ok
test negative_dynamic_precision_preserves_flags_and_argument_consumption ... ok

failures:

---- unsigned_conversion_matches_native_oracle stdout ----

thread 'unsigned_conversion_matches_native_oracle' (33694) panicked at tests/dynamic_format.rs:11:5:
assertion `left == right` failed: BEGIN{printf "%u %o %x\n",-1,-1,-1}
  left: Outcome { stdout: [48, 32, 48, 32, 48, 10], stderr: [], code: Some(0), timed_out: false }
 right: Outcome { stdout: [49, 56, 52, 52, 54, 55, 52, 52, 48, 55, 51, 55, 48, 57, 53, 53, 49, 54, 49, 53, 32, 49, 55, 55, 55, 55, 55, 55, 55, 55, 55, 55, 55, 55, 55, 55, 55, 55, 55, 55, 55, 55, 55, 32, 102, 102, 102, 102, 102, 102, 102, 102, 102, 102, 102, 102, 102, 102, 102, 102, 10], stderr: [], code: Some(0), timed_out: false }
note: run with `RUST_BACKTRACE=1` environment variable to display a backtrace

---- integer_flags_precision_and_signs stdout ----

thread 'integer_flags_precision_and_signs' (33654) panicked at tests/dynamic_format.rs:11:5:
assertion `left == right` failed: BEGIN { for(i=-3;i<=3;i++) printf "[%9u]\n",i }
  left: Outcome { stdout: [91, 32, 32, 32, 32, 32, 32, 32, 32, 48, 93, 10, 91, 32, 32, 32, 32, 32, 32, 32, 32, 48, 93, 10, 91, 32, 32, 32, 32, 32, 32, 32, 32, 48, 93, 10, 91, 32, 32, 32, 32, 32, 32, 32, 32, 48, 93, 10, 91, 32, 32, 32, 32, 32, 32, 32, 32, 49, 93, 10, 91, 32, 32, 32, 32, 32, 32, 32, 32, 50, 93, 10, 91, 32, 32, 32, 32, 32, 32, 32, 32, 51, 93, 10], stderr: [], code: Some(0), timed_out: false }
 right: Outcome { stdout: [91, 49, 56, 52, 52, 54, 55, 52, 52, 48, 55, 51, 55, 48, 57, 53, 53, 49, 54, 49, 51, 93, 10, 91, 49, 56, 52, 52, 54, 55, 52, 52, 48, 55, 51, 55, 48, 57, 53, 53, 49, 54, 49, 52, 93, 10, 91, 49, 56, 52, 52, 54, 55, 52, 52, 48, 55, 51, 55, 48, 57, 53, 53, 49, 54, 49, 53, 93, 10, 91, 32, 32, 32, 32, 32, 32, 32, 32, 48, 93, 10, 91, 32, 32, 32, 32, 32, 32, 32, 32, 49, 93, 10, 91, 32, 32, 32, 32, 32, 32, 32, 32, 50, 93, 10, 91, 32, 32, 32, 32, 32, 32, 32, 32, 51, 93, 10], stderr: [], code: Some(0), timed_out: false }


failures:
    integer_flags_precision_and_signs
    unsigned_conversion_matches_native_oracle

test result: FAILED. 6 passed; 2 failed; 0 ignored; 0 measured; 0 filtered out; finished in 11.37s

error: test failed, to rerun pass `--test dynamic_format`
FAIL
